<caom2:Observation xmlns:caom2="http://www.opencadc.org/caom2/xml/v2.4" xmlns:xsi="http://www.w3.org/2001/XMLSchema-instance" xsi:type="caom2:DerivedObservation" caom2:id="9736feef-9a03-4e30-a091-6ba0aca2f91c" caom2:lastModified="2023-04-19T21:57:53.054" caom2:maxLastModified="2023-04-20T15:52:50.248" caom2:metaChecksum="md5:2340cb0bf9747563076b075e5fec3332" caom2:accMetaChecksum="md5:f7aac6399f6130f3942681731368a73c" caom2:metaProducer="cfht2caom2/0.6.1">
  <caom2:collection>CFHT</caom2:collection>
  <caom2:observationID>2446124</caom2:observationID>
  <caom2:metaRelease>2019-10-03T07:40:28.000</caom2:metaRelease>
  <caom2:sequenceNumber>2446124</caom2:sequenceNumber>
  <caom2:algorithm>
    <caom2:name>drs</caom2:name>
  </caom2:algorithm>
  <caom2:type>OBJECT</caom2:type>
  <caom2:intent>science</caom2:intent>
  <caom2:proposal>
    <caom2:id>19BC25</caom2:id>
    <caom2:pi>Ryan Cloutier</caom2:pi>
    <caom2:title>RVxTESS: Photometric and Spectropolarimetric studies of M dwarfs with simultaneous TESS and CFHT/SPIRou Observations</caom2:title>
  </caom2:proposal>
  <caom2:target>
    <caom2:name>J20412815+5725473</caom2:name>
    <caom2:standard>false</caom2:standard>
  </caom2:target>
  <caom2:targetPosition>
    <caom2:coordsys>FK5</caom2:coordsys>
    <caom2:equinox>2000.0</caom2:equinox>
    <caom2:coordinates>
      <caom2:cval1>310.36804166666667</caom2:cval1>
      <caom2:cval2>57.43094444444444</caom2:cval2>
    </caom2:coordinates>
  </caom2:targetPosition>
  <caom2:telescope>
    <caom2:name>CFHT 3.6m</caom2:name>
    <caom2:geoLocationX>-5464301.771353686</caom2:geoLocationX>
    <caom2:geoLocationY>-2493489.8730419013</caom2:geoLocationY>
    <caom2:geoLocationZ>2151085.1695058867</caom2:geoLocationZ>
  </caom2:telescope>
  <caom2:instrument>
    <caom2:name>SPIRou</caom2:name>
  </caom2:instrument>
  <caom2:environment>
    <caom2:humidity>35.44</caom2:humidity>
    <caom2:elevation>49.0609</caom2:elevation>
    <caom2:ambientTemp>0.93</caom2:ambientTemp>
  </caom2:environment>
  <caom2:planes>
    <caom2:plane caom2:id="872f8fc3-4253-4223-b6d9-84f3f57ebf1d" caom2:lastModified="2023-04-19T21:32:21.752" caom2:maxLastModified="2023-04-19T21:32:21.752" caom2:metaChecksum="md5:58f8cea92980782df3e1c1cbb2292490" caom2:accMetaChecksum="md5:783d2fed7dd9621a843636b22752b77b" caom2:metaProducer="cfht2caom2/0.6.1">
      <caom2:productID>2446124t</caom2:productID>
      <caom2:metaRelease>2019-10-03T07:40:28.000</caom2:metaRelease>
      <caom2:dataRelease>2021-02-28T00:00:00.000</caom2:dataRelease>
      <caom2:dataProductType>spectrum</caom2:dataProductType>
      <caom2:calibrationLevel>2</caom2:calibrationLevel>
      <caom2:provenance>
        <caom2:name>DRS</caom2:name>
        <caom2:version>0.6.132</caom2:version>
        <caom2:project>STANDARD PIPELINE</caom2:project>
        <caom2:producer>CFHT</caom2:producer>
        <caom2:runID>19Bp03</caom2:runID>
        <caom2:reference>https://www.cfht.hawaii.edu/Instruments/SPIRou/SPIRou_pipeline.php</caom2:reference>
        <caom2:lastExecuted>2021-12-06T05:31:00.449000</caom2:lastExecuted>
        <caom2:inputs>
          <caom2:planeURI>caom:CFHT/2446124/2446124o</caom2:planeURI>
        </caom2:inputs>
      </caom2:provenance>
      <caom2:artifacts>
        <caom2:artifact caom2:id="4674caaa-7131-40a8-960a-ec4bc881f04b" caom2:lastModified="2023-04-19T21:32:21.752" caom2:maxLastModified="2023-04-19T21:32:21.752" caom2:metaChecksum="md5:064f21c9ee27c48dbdc636bf7d408751" caom2:accMetaChecksum="md5:fb55fd7e40c1cc622c000522a640e4f5" caom2:metaProducer="cfht2caom2/0.6.1">
          <caom2:uri>cadc:CFHT/2446124t.fits</caom2:uri>
          <caom2:productType>science</caom2:productType>
          <caom2:releaseType>data</caom2:releaseType>
          <caom2:contentType>application/fits</caom2:contentType>
          <caom2:contentChecksum>md5:adf57fdf887f9402ac3a2476ccdab69a</caom2:contentChecksum>
          <caom2:parts>
            <caom2:part caom2:id="e92f5664-381c-4998-a8a0-d830507b0d9f" caom2:lastModified="2023-04-19T21:32:21.752" caom2:maxLastModified="2023-04-19T21:32:21.752" caom2:metaChecksum="md5:ea84a5459cd5a6e6c9354644df82b168" caom2:accMetaChecksum="md5:6bd136e748b8a0ab486719720a52c218">
              <caom2:name>0</caom2:name>
              <caom2:chunks/>
            </caom2:part>
            <caom2:part caom2:id="87f89938-2a55-4d83-9d24-a2d0888a4f45" caom2:lastModified="2023-04-19T21:32:21.752" caom2:maxLastModified="2023-04-19T21:32:21.752" caom2:metaChecksum="md5:b6608c714089fe4b0eeaed03fd458c2e" caom2:accMetaChecksum="md5:d1f81868bbd5059a66542808f47a823d">
              <caom2:name>BlazeAB</caom2:name>
              <caom2:chunks>
                <caom2:chunk caom2:id="32deb043-d917-4ebd-a2ac-1d960acd2996" caom2:lastModified="2023-04-19T21:32:21.752" caom2:maxLastModified="2023-04-19T21:32:21.752" caom2:metaChecksum="md5:0618e1a1e1aab22361b071b7465e715d" caom2:accMetaChecksum="md5:e6faf84a2793b659272339e8d786351e" caom2:metaProducer="cfht2caom2/0.6.1">
                  <caom2:position>
                    <caom2:axis>
                      <caom2:axis1>
                        <caom2:ctype>RA---TAN</caom2:ctype>
                        <caom2:cunit>deg</caom2:cunit>
                      </caom2:axis1>
                      <caom2:axis2>
                        <caom2:ctype>DEC--TAN</caom2:ctype>
                        <caom2:cunit>deg</caom2:cunit>
                      </caom2:axis2>
                      <caom2:error1>
                        <caom2:syser>2.78e-05</caom2:syser>
                        <caom2:rnder>2.78e-05</caom2:rnder>
                      </caom2:error1>
                      <caom2:error2>
                        <caom2:syser>2.78e-05</caom2:syser>
                        <caom2:rnder>2.78e-05</caom2:rnder>
                      </caom2:error2>
                      <caom2:function>
                        <caom2:dimension>
                          <caom2:naxis1>1</caom2:naxis1>
                          <caom2:naxis2>1</caom2:naxis2>
                        </caom2:dimension>
                        <caom2:refCoord>
                          <caom2:coord1>
                            <caom2:pix>1.0</caom2:pix>
                            <caom2:val>310.368042</caom2:val>
                          </caom2:coord1>
                          <caom2:coord2>
                            <caom2:pix>1.0</caom2:pix>
                            <caom2:val>57.430944</caom2:val>
                          </caom2:coord2>
                        </caom2:refCoord>
                        <caom2:cd11>-0.00035833</caom2:cd11>
                        <caom2:cd12>0.0</caom2:cd12>
                        <caom2:cd21>0.0</caom2:cd21>
                        <caom2:cd22>0.00035833</caom2:cd22>
                      </caom2:function>
                    </caom2:axis>
                    <caom2:coordsys>FK5</caom2:coordsys>
                    <caom2:equinox>2000.0</caom2:equinox>
                  </caom2:position>
                  <caom2:energy>
                    <caom2:axis>
                      <caom2:axis>
                        <caom2:ctype>WAVE</caom2:ctype>
                        <caom2:cunit>m</caom2:cunit>
                      </caom2:axis>
                      <caom2:error>
                        <caom2:syser>0.001</caom2:syser>
                        <caom2:rnder>0.001</caom2:rnder>
                      </caom2:error>
                      <caom2:function>
                        <caom2:naxis>1</caom2:naxis>
                        <caom2:delta>1.56e-06</caom2:delta>
                        <caom2:refCoord>
                          <caom2:pix>0.5</caom2:pix>
                          <caom2:val>9.55e-07</caom2:val>
                        </caom2:refCoord>
                      </caom2:function>
                    </caom2:axis>
                    <caom2:specsys>TOPOCENT</caom2:specsys>
                    <caom2:ssysobs>TOPOCENT</caom2:ssysobs>
                    <caom2:ssyssrc>TOPOCENT</caom2:ssyssrc>
                    <caom2:resolvingPower>73000.0</caom2:resolvingPower>
                  </caom2:energy>
                  <caom2:time>
                    <caom2:axis>
                      <caom2:axis>
                        <caom2:ctype>TIME</caom2:ctype>
                        <caom2:cunit>d</caom2:cunit>
                      </caom2:axis>
                      <caom2:error>
                        <caom2:syser>1e-07</caom2:syser>
                        <caom2:rnder>1e-07</caom2:rnder>
                      </caom2:error>
                      <caom2:function>
                        <caom2:naxis>1</caom2:naxis>
                        <caom2:delta>0.001805717592592593</caom2:delta>
                        <caom2:refCoord>
                          <caom2:pix>0.5</caom2:pix>
                          <caom2:val>58759.3223313</caom2:val>
                        </caom2:refCoord>
                      </caom2:function>
                    </caom2:axis>
                    <caom2:timesys>UTC</caom2:timesys>
                    <caom2:exposure>156.014</caom2:exposure>
                    <caom2:resolution>156.014</caom2:resolution>
                  </caom2:time>
                </caom2:chunk>
              </caom2:chunks>
            </caom2:part>
            <caom2:part caom2:id="5713f70f-af39-4909-9c8e-d1cf8b407b75" caom2:lastModified="2023-04-19T21:32:21.752" caom2:maxLastModified="2023-04-19T21:32:21.752" caom2:metaChecksum="md5:0b8047a384b80a407b7b2b58f2a89efc" caom2:accMetaChecksum="md5:e00bde5d6313ea0005066c7a0a431d25">
              <caom2:name>FluxAB</caom2:name>
              <caom2:chunks>
                <caom2:chunk caom2:id="7326d2de-0d1d-4b11-b516-f81d86a3b313" caom2:lastModified="2023-04-19T21:32:21.752" caom2:maxLastModified="2023-04-19T21:32:21.752" caom2:metaChecksum="md5:538ada040d272acc7dae4cee205a30a9" caom2:accMetaChecksum="md5:f56e5ec68eeb4e19d9e4eba94f167355" caom2:metaProducer="cfht2caom2/0.6.1">
                  <caom2:position>
                    <caom2:axis>
                      <caom2:axis1>
                        <caom2:ctype>RA---TAN</caom2:ctype>
                        <caom2:cunit>deg</caom2:cunit>
                      </caom2:axis1>
                      <caom2:axis2>
                        <caom2:ctype>DEC--TAN</caom2:ctype>
                        <caom2:cunit>deg</caom2:cunit>
                      </caom2:axis2>
                      <caom2:error1>
                        <caom2:syser>2.78e-05</caom2:syser>
                        <caom2:rnder>2.78e-05</caom2:rnder>
                      </caom2:error1>
                      <caom2:error2>
                        <caom2:syser>2.78e-05</caom2:syser>
                        <caom2:rnder>2.78e-05</caom2:rnder>
                      </caom2:error2>
                      <caom2:function>
                        <caom2:dimension>
                          <caom2:naxis1>1</caom2:naxis1>
                          <caom2:naxis2>1</caom2:naxis2>
                        </caom2:dimension>
                        <caom2:refCoord>
                          <caom2:coord1>
                            <caom2:pix>1.0</caom2:pix>
                            <caom2:val>310.368042</caom2:val>
                          </caom2:coord1>
                          <caom2:coord2>
                            <caom2:pix>1.0</caom2:pix>
                            <caom2:val>57.430944</caom2:val>
                          </caom2:coord2>
                        </caom2:refCoord>
                        <caom2:cd11>-0.00035833</caom2:cd11>
                        <caom2:cd12>0.0</caom2:cd12>
                        <caom2:cd21>0.0</caom2:cd21>
                        <caom2:cd22>0.00035833</caom2:cd22>
                      </caom2:function>
                    </caom2:axis>
                    <caom2:coordsys>FK5</caom2:coordsys>
                    <caom2:equinox>2000.0</caom2:equinox>
                  </caom2:position>
                  <caom2:energy>
                    <caom2:axis>
                      <caom2:axis>
                        <caom2:ctype>WAVE</caom2:ctype>
                        <caom2:cunit>m</caom2:cunit>
                      </caom2:axis>
                      <caom2:error>
                        <caom2:syser>0.001</caom2:syser>
                        <caom2:rnder>0.001</caom2:rnder>
                      </caom2:error>
                      <caom2:function>
                        <caom2:naxis>1</caom2:naxis>
                        <caom2:delta>1.56e-06</caom2:delta>
                        <caom2:refCoord>
                          <caom2:pix>0.5</caom2:pix>
                          <caom2:val>9.55e-07</caom2:val>
                        </caom2:refCoord>
                      </caom2:function>
                    </caom2:axis>
                    <caom2:specsys>TOPOCENT</caom2:specsys>
                    <caom2:ssysobs>TOPOCENT</caom2:ssysobs>
                    <caom2:ssyssrc>TOPOCENT</caom2:ssyssrc>
                    <caom2:resolvingPower>73000.0</caom2:resolvingPower>
                  </caom2:energy>
                  <caom2:time>
                    <caom2:axis>
                      <caom2:axis>
                        <caom2:ctype>TIME</caom2:ctype>
                        <caom2:cunit>d</caom2:cunit>
                      </caom2:axis>
                      <caom2:error>
                        <caom2:syser>1e-07</caom2:syser>
                        <caom2:rnder>1e-07</caom2:rnder>
                      </caom2:error>
                      <caom2:function>
                        <caom2:naxis>1</caom2:naxis>
                        <caom2:delta>0.001805717592592593</caom2:delta>
                        <caom2:refCoord>
                          <caom2:pix>0.5</caom2:pix>
                          <caom2:val>58759.3223313</caom2:val>
                        </caom2:refCoord>
                      </caom2:function>
                    </caom2:axis>
                    <caom2:timesys>UTC</caom2:timesys>
                    <caom2:exposure>156.014</caom2:exposure>
                    <caom2:resolution>156.014</caom2:resolution>
                  </caom2:time>
                </caom2:chunk>
              </caom2:chunks>
            </caom2:part>
            <caom2:part caom2:id="dc55c420-414c-43ee-87ae-e88d398d0bd4" caom2:lastModified="2023-04-19T21:32:21.752" caom2:maxLastModified="2023-04-19T21:32:21.752" caom2:metaChecksum="md5:899a7e6de4ce8760d4321c5692e7c022" caom2:accMetaChecksum="md5:8253f7842069ae94fe63442b5f6cf097">
              <caom2:name>Recon</caom2:name>
              <caom2:chunks>
                <caom2:chunk caom2:id="fd83a0ec-ac3f-4faa-85a6-a9bbdd60e535" caom2:lastModified="2023-04-19T21:32:21.752" caom2:maxLastModified="2023-04-19T21:32:21.752" caom2:metaChecksum="md5:190eaa682bdc4caf5f9f26c33408eaba" caom2:accMetaChecksum="md5:6e9d6b902deaa6e1dbecdac19b5e68b6" caom2:metaProducer="cfht2caom2/0.6.1">
                  <caom2:position>
                    <caom2:axis>
                      <caom2:axis1>
                        <caom2:ctype>RA---TAN</caom2:ctype>
                        <caom2:cunit>deg</caom2:cunit>
                      </caom2:axis1>
                      <caom2:axis2>
                        <caom2:ctype>DEC--TAN</caom2:ctype>
                        <caom2:cunit>deg</caom2:cunit>
                      </caom2:axis2>
                      <caom2:error1>
                        <caom2:syser>2.78e-05</caom2:syser>
                        <caom2:rnder>2.78e-05</caom2:rnder>
                      </caom2:error1>
                      <caom2:error2>
                        <caom2:syser>2.78e-05</caom2:syser>
                        <caom2:rnder>2.78e-05</caom2:rnder>
                      </caom2:error2>
                      <caom2:function>
                        <caom2:dimension>
                          <caom2:naxis1>1</caom2:naxis1>
                          <caom2:naxis2>1</caom2:naxis2>
                        </caom2:dimension>
                        <caom2:refCoord>
                          <caom2:coord1>
                            <caom2:pix>1.0</caom2:pix>
                            <caom2:val>310.368042</caom2:val>
                          </caom2:coord1>
                          <caom2:coord2>
                            <caom2:pix>1.0</caom2:pix>
                            <caom2:val>57.430944</caom2:val>
                          </caom2:coord2>
                        </caom2:refCoord>
                        <caom2:cd11>-0.00035833</caom2:cd11>
                        <caom2:cd12>0.0</caom2:cd12>
                        <caom2:cd21>0.0</caom2:cd21>
                        <caom2:cd22>0.00035833</caom2:cd22>
                      </caom2:function>
                    </caom2:axis>
                    <caom2:coordsys>FK5</caom2:coordsys>
                    <caom2:equinox>2000.0</caom2:equinox>
                  </caom2:position>
                  <caom2:energy>
                    <caom2:axis>
                      <caom2:axis>
                        <caom2:ctype>WAVE</caom2:ctype>
                        <caom2:cunit>m</caom2:cunit>
                      </caom2:axis>
                      <caom2:error>
                        <caom2:syser>0.001</caom2:syser>
                        <caom2:rnder>0.001</caom2:rnder>
                      </caom2:error>
                      <caom2:function>
                        <caom2:naxis>1</caom2:naxis>
                        <caom2:delta>1.56e-06</caom2:delta>
                        <caom2:refCoord>
                          <caom2:pix>0.5</caom2:pix>
                          <caom2:val>9.55e-07</caom2:val>
                        </caom2:refCoord>
                      </caom2:function>
                    </caom2:axis>
                    <caom2:specsys>TOPOCENT</caom2:specsys>
                    <caom2:ssysobs>TOPOCENT</caom2:ssysobs>
                    <caom2:ssyssrc>TOPOCENT</caom2:ssyssrc>
                    <caom2:resolvingPower>73000.0</caom2:resolvingPower>
                  </caom2:energy>
                  <caom2:time>
                    <caom2:axis>
                      <caom2:axis>
                        <caom2:ctype>TIME</caom2:ctype>
                        <caom2:cunit>d</caom2:cunit>
                      </caom2:axis>
                      <caom2:error>
                        <caom2:syser>1e-07</caom2:syser>
                        <caom2:rnder>1e-07</caom2:rnder>
                      </caom2:error>
                      <caom2:function>
                        <caom2:naxis>1</caom2:naxis>
                        <caom2:delta>0.001805717592592593</caom2:delta>
                        <caom2:refCoord>
                          <caom2:pix>0.5</caom2:pix>
                          <caom2:val>58759.3223313</caom2:val>
                        </caom2:refCoord>
                      </caom2:function>
                    </caom2:axis>
                    <caom2:timesys>UTC</caom2:timesys>
                    <caom2:exposure>156.014</caom2:exposure>
                    <caom2:resolution>156.014</caom2:resolution>
                  </caom2:time>
                </caom2:chunk>
              </caom2:chunks>
            </caom2:part>
            <caom2:part caom2:id="3de78221-8bfb-4b6d-96a9-a0c742499db0" caom2:lastModified="2023-04-19T21:32:21.752" caom2:maxLastModified="2023-04-19T21:32:21.752" caom2:metaChecksum="md5:a3957b9e3f3abf26f6383d03a5534f38" caom2:accMetaChecksum="md5:b622a95aece24a2f8a46619c64c04db2">
              <caom2:name>WaveAB</caom2:name>
              <caom2:chunks>
                <caom2:chunk caom2:id="2d9da1f8-247a-455c-83f9-947a567f20ce" caom2:lastModified="2023-04-19T21:32:21.752" caom2:maxLastModified="2023-04-19T21:32:21.752" caom2:metaChecksum="md5:62510bc96df8f578ee1da1888450e8d3" caom2:accMetaChecksum="md5:f3fc4a7ee4172e3572153ceb9bc1ab4c" caom2:metaProducer="cfht2caom2/0.6.1">
                  <caom2:position>
                    <caom2:axis>
                      <caom2:axis1>
                        <caom2:ctype>RA---TAN</caom2:ctype>
                        <caom2:cunit>deg</caom2:cunit>
                      </caom2:axis1>
                      <caom2:axis2>
                        <caom2:ctype>DEC--TAN</caom2:ctype>
                        <caom2:cunit>deg</caom2:cunit>
                      </caom2:axis2>
                      <caom2:error1>
                        <caom2:syser>2.78e-05</caom2:syser>
                        <caom2:rnder>2.78e-05</caom2:rnder>
                      </caom2:error1>
                      <caom2:error2>
                        <caom2:syser>2.78e-05</caom2:syser>
                        <caom2:rnder>2.78e-05</caom2:rnder>
                      </caom2:error2>
                      <caom2:function>
                        <caom2:dimension>
                          <caom2:naxis1>1</caom2:naxis1>
                          <caom2:naxis2>1</caom2:naxis2>
                        </caom2:dimension>
                        <caom2:refCoord>
                          <caom2:coord1>
                            <caom2:pix>1.0</caom2:pix>
                            <caom2:val>310.368042</caom2:val>
                          </caom2:coord1>
                          <caom2:coord2>
                            <caom2:pix>1.0</caom2:pix>
                            <caom2:val>57.430944</caom2:val>
                          </caom2:coord2>
                        </caom2:refCoord>
                        <caom2:cd11>-0.00035833</caom2:cd11>
                        <caom2:cd12>0.0</caom2:cd12>
                        <caom2:cd21>0.0</caom2:cd21>
                        <caom2:cd22>0.00035833</caom2:cd22>
                      </caom2:function>
                    </caom2:axis>
                    <caom2:coordsys>FK5</caom2:coordsys>
                    <caom2:equinox>2000.0</caom2:equinox>
                  </caom2:position>
                  <caom2:energy>
                    <caom2:axis>
                      <caom2:axis>
                        <caom2:ctype>WAVE</caom2:ctype>
                        <caom2:cunit>m</caom2:cunit>
                      </caom2:axis>
                      <caom2:error>
                        <caom2:syser>0.001</caom2:syser>
                        <caom2:rnder>0.001</caom2:rnder>
                      </caom2:error>
                      <caom2:function>
                        <caom2:naxis>1</caom2:naxis>
                        <caom2:delta>1.56e-06</caom2:delta>
                        <caom2:refCoord>
                          <caom2:pix>0.5</caom2:pix>
                          <caom2:val>9.55e-07</caom2:val>
                        </caom2:refCoord>
                      </caom2:function>
                    </caom2:axis>
                    <caom2:specsys>TOPOCENT</caom2:specsys>
                    <caom2:ssysobs>TOPOCENT</caom2:ssysobs>
                    <caom2:ssyssrc>TOPOCENT</caom2:ssyssrc>
                    <caom2:resolvingPower>73000.0</caom2:resolvingPower>
                  </caom2:energy>
                  <caom2:time>
                    <caom2:axis>
                      <caom2:axis>
                        <caom2:ctype>TIME</caom2:ctype>
                        <caom2:cunit>d</caom2:cunit>
                      </caom2:axis>
                      <caom2:error>
                        <caom2:syser>1e-07</caom2:syser>
                        <caom2:rnder>1e-07</caom2:rnder>
                      </caom2:error>
                      <caom2:function>
                        <caom2:naxis>1</caom2:naxis>
                        <caom2:delta>0.001805717592592593</caom2:delta>
                        <caom2:refCoord>
                          <caom2:pix>0.5</caom2:pix>
                          <caom2:val>58759.3223313</caom2:val>
                        </caom2:refCoord>
                      </caom2:function>
                    </caom2:axis>
                    <caom2:timesys>UTC</caom2:timesys>
                    <caom2:exposure>156.014</caom2:exposure>
                    <caom2:resolution>156.014</caom2:resolution>
                  </caom2:time>
                </caom2:chunk>
              </caom2:chunks>
            </caom2:part>
          </caom2:parts>
        </caom2:artifact>
      </caom2:artifacts>
    </caom2:plane>
  </caom2:planes>
</caom2:Observation>
