<caom2:Observation xmlns:caom2="http://www.opencadc.org/caom2/xml/v2.4" xmlns:xsi="http://www.w3.org/2001/XMLSchema-instance" xsi:type="caom2:DerivedObservation" caom2:id="6caa6317-47c1-497c-86af-82ffbbcc0c66" caom2:lastModified="2023-02-22T21:36:34.084" caom2:maxLastModified="2023-02-23T09:39:31.586" caom2:metaChecksum="md5:352621df1a37b57601db7e32c3a6f5b0" caom2:accMetaChecksum="md5:cf32fa31a435646beaae49850faeeb37" caom2:metaProducer="cfht2caom2/0.6">
  <caom2:collection>CFHT</caom2:collection>
  <caom2:observationID>2466133</caom2:observationID>
  <caom2:metaRelease>2020-01-22T14:47:39.000</caom2:metaRelease>
  <caom2:sequenceNumber>2466133</caom2:sequenceNumber>
  <caom2:algorithm>
    <caom2:name>drs</caom2:name>
  </caom2:algorithm>
  <caom2:type>OBJECT</caom2:type>
  <caom2:intent>calibration</caom2:intent>
  <caom2:proposal>
    <caom2:id>19BQ55</caom2:id>
    <caom2:pi>QSO Team</caom2:pi>
  </caom2:proposal>
  <caom2:target>
    <caom2:name>SKY</caom2:name>
    <caom2:standard>true</caom2:standard>
  </caom2:target>
  <caom2:telescope>
    <caom2:name>CFHT 3.6m</caom2:name>
    <caom2:geoLocationX>-5464301.771353686</caom2:geoLocationX>
    <caom2:geoLocationY>-2493489.8730419013</caom2:geoLocationY>
    <caom2:geoLocationZ>2151085.1695058867</caom2:geoLocationZ>
  </caom2:telescope>
  <caom2:instrument>
    <caom2:name>SPIRou</caom2:name>
  </caom2:instrument>
  <caom2:environment>
    <caom2:humidity>11.18</caom2:humidity>
    <caom2:elevation>89.9248</caom2:elevation>
    <caom2:ambientTemp>2.94</caom2:ambientTemp>
  </caom2:environment>
  <caom2:planes>
    <caom2:plane caom2:id="5593b058-71e3-4d97-82e1-4aed90c3f22c" caom2:lastModified="2023-02-22T21:36:34.084" caom2:maxLastModified="2023-02-23T09:39:31.586" caom2:metaChecksum="md5:4124461004144a160b0472de9d093c76" caom2:accMetaChecksum="md5:3827197934854be5d48fc157fa66d11a" caom2:metaProducer="cfht2caom2/0.6">
      <caom2:productID>2466133s</caom2:productID>
      <caom2:metaRelease>2020-01-22T14:47:39.000</caom2:metaRelease>
      <caom2:dataRelease>2020-01-22T14:47:39.000</caom2:dataRelease>
      <caom2:dataProductType>spectrum</caom2:dataProductType>
      <caom2:calibrationLevel>2</caom2:calibrationLevel>
      <caom2:provenance>
        <caom2:name>DRS</caom2:name>
        <caom2:version>0.6.132</caom2:version>
        <caom2:project>STANDARD PIPELINE</caom2:project>
        <caom2:producer>CFHT</caom2:producer>
        <caom2:runID>19Bp06</caom2:runID>
        <caom2:reference>https://www.cfht.hawaii.edu/Instruments/SPIRou/SPIRou_pipeline.php</caom2:reference>
        <caom2:lastExecuted>2021-06-01T15:34:35.385</caom2:lastExecuted>
        <caom2:inputs>
          <caom2:planeURI>caom:CFHT/2466133/2466133o</caom2:planeURI>
        </caom2:inputs>
      </caom2:provenance>
      <caom2:artifacts>
        <caom2:artifact caom2:id="65225660-339a-4757-bd34-8c7791f6d65c" caom2:lastModified="2023-02-22T21:36:34.084" caom2:maxLastModified="2023-02-23T09:39:24.205" caom2:metaChecksum="md5:76119c9897671e2fc37e27a62d649e8e" caom2:accMetaChecksum="md5:7e08cddcf7e31290c93137394610db88" caom2:metaProducer="cfht2caom2/0.6">
          <caom2:uri>cadc:CFHT/2466133s.fits</caom2:uri>
          <caom2:productType>calibration</caom2:productType>
          <caom2:releaseType>data</caom2:releaseType>
          <caom2:contentType>application/fits</caom2:contentType>
          <caom2:contentChecksum>md5:aac0c76ff34a007869374959370fc81c</caom2:contentChecksum>
          <caom2:parts>
            <caom2:part caom2:id="434a216c-8b55-4019-979c-067ab93c1a3e">
              <caom2:name>0</caom2:name>
              <caom2:chunks/>
            </caom2:part>
            <caom2:part caom2:id="ed1e41be-833b-44bf-9cc8-484e6e0a9eb7">
              <caom2:name>UniformWavelength</caom2:name>
              <caom2:chunks>
                <caom2:chunk caom2:id="04acb79d-4b31-4349-bc7f-3c24a4de3e69" caom2:metaProducer="cfht2caom2/0.6">
                  <caom2:position>
                    <caom2:axis>
                      <caom2:axis1>
                        <caom2:ctype>RA---TAN</caom2:ctype>
                        <caom2:cunit>deg</caom2:cunit>
                      </caom2:axis1>
                      <caom2:axis2>
                        <caom2:ctype>DEC--TAN</caom2:ctype>
                        <caom2:cunit>deg</caom2:cunit>
                      </caom2:axis2>
                      <caom2:error1>
                        <caom2:syser>2.78e-05</caom2:syser>
                        <caom2:rnder>2.78e-05</caom2:rnder>
                      </caom2:error1>
                      <caom2:error2>
                        <caom2:syser>2.78e-05</caom2:syser>
                        <caom2:rnder>2.78e-05</caom2:rnder>
                      </caom2:error2>
                      <caom2:function>
                        <caom2:dimension>
                          <caom2:naxis1>1</caom2:naxis1>
                          <caom2:naxis2>1</caom2:naxis2>
                        </caom2:dimension>
                        <caom2:refCoord>
                          <caom2:coord1>
                            <caom2:pix>1.0</caom2:pix>
                            <caom2:val>187.899333</caom2:val>
                          </caom2:coord1>
                          <caom2:coord2>
                            <caom2:pix>1.0</caom2:pix>
                            <caom2:val>19.759111</caom2:val>
                          </caom2:coord2>
                        </caom2:refCoord>
                        <caom2:cd11>-0.00035833</caom2:cd11>
                        <caom2:cd12>0.0</caom2:cd12>
                        <caom2:cd21>0.0</caom2:cd21>
                        <caom2:cd22>0.00035833</caom2:cd22>
                      </caom2:function>
                    </caom2:axis>
                    <caom2:coordsys>FK5</caom2:coordsys>
                    <caom2:equinox>2000.0</caom2:equinox>
                  </caom2:position>
                  <caom2:energy>
                    <caom2:axis>
                      <caom2:axis>
                        <caom2:ctype>WAVE</caom2:ctype>
                        <caom2:cunit>m</caom2:cunit>
                      </caom2:axis>
                      <caom2:error>
                        <caom2:syser>0.001</caom2:syser>
                        <caom2:rnder>0.001</caom2:rnder>
                      </caom2:error>
                      <caom2:function>
                        <caom2:naxis>1</caom2:naxis>
                        <caom2:delta>1.56e-06</caom2:delta>
                        <caom2:refCoord>
                          <caom2:pix>0.5</caom2:pix>
                          <caom2:val>9.55e-07</caom2:val>
                        </caom2:refCoord>
                      </caom2:function>
                    </caom2:axis>
                    <caom2:specsys>TOPOCENT</caom2:specsys>
                    <caom2:ssysobs>TOPOCENT</caom2:ssysobs>
                    <caom2:ssyssrc>TOPOCENT</caom2:ssyssrc>
                    <caom2:resolvingPower>73000.0</caom2:resolvingPower>
                  </caom2:energy>
                  <caom2:time>
                    <caom2:axis>
                      <caom2:axis>
                        <caom2:ctype>TIME</caom2:ctype>
                        <caom2:cunit>d</caom2:cunit>
                      </caom2:axis>
                      <caom2:error>
                        <caom2:syser>1e-07</caom2:syser>
                        <caom2:rnder>1e-07</caom2:rnder>
                      </caom2:error>
                      <caom2:function>
                        <caom2:naxis>1</caom2:naxis>
                        <caom2:delta>0.003546944444444445</caom2:delta>
                        <caom2:refCoord>
                          <caom2:pix>0.5</caom2:pix>
                          <caom2:val>58870.6164659</caom2:val>
                        </caom2:refCoord>
                      </caom2:function>
                    </caom2:axis>
                    <caom2:timesys>UTC</caom2:timesys>
                    <caom2:exposure>306.456</caom2:exposure>
                    <caom2:resolution>306.456</caom2:resolution>
                  </caom2:time>
                </caom2:chunk>
              </caom2:chunks>
            </caom2:part>
            <caom2:part caom2:id="1a224aa4-376e-48d9-9a3b-686ec50c6435">
              <caom2:name>UniformVelocity</caom2:name>
              <caom2:chunks>
                <caom2:chunk caom2:id="2a09498f-5618-4534-88e8-fa043f9fd3ab" caom2:metaProducer="cfht2caom2/0.6">
                  <caom2:position>
                    <caom2:axis>
                      <caom2:axis1>
                        <caom2:ctype>RA---TAN</caom2:ctype>
                        <caom2:cunit>deg</caom2:cunit>
                      </caom2:axis1>
                      <caom2:axis2>
                        <caom2:ctype>DEC--TAN</caom2:ctype>
                        <caom2:cunit>deg</caom2:cunit>
                      </caom2:axis2>
                      <caom2:error1>
                        <caom2:syser>2.78e-05</caom2:syser>
                        <caom2:rnder>2.78e-05</caom2:rnder>
                      </caom2:error1>
                      <caom2:error2>
                        <caom2:syser>2.78e-05</caom2:syser>
                        <caom2:rnder>2.78e-05</caom2:rnder>
                      </caom2:error2>
                      <caom2:function>
                        <caom2:dimension>
                          <caom2:naxis1>1</caom2:naxis1>
                          <caom2:naxis2>1</caom2:naxis2>
                        </caom2:dimension>
                        <caom2:refCoord>
                          <caom2:coord1>
                            <caom2:pix>1.0</caom2:pix>
                            <caom2:val>187.899333</caom2:val>
                          </caom2:coord1>
                          <caom2:coord2>
                            <caom2:pix>1.0</caom2:pix>
                            <caom2:val>19.759111</caom2:val>
                          </caom2:coord2>
                        </caom2:refCoord>
                        <caom2:cd11>-0.00035833</caom2:cd11>
                        <caom2:cd12>0.0</caom2:cd12>
                        <caom2:cd21>0.0</caom2:cd21>
                        <caom2:cd22>0.00035833</caom2:cd22>
                      </caom2:function>
                    </caom2:axis>
                    <caom2:coordsys>FK5</caom2:coordsys>
                    <caom2:equinox>2000.0</caom2:equinox>
                  </caom2:position>
                  <caom2:energy>
                    <caom2:axis>
                      <caom2:axis>
                        <caom2:ctype>WAVE</caom2:ctype>
                        <caom2:cunit>m</caom2:cunit>
                      </caom2:axis>
                      <caom2:error>
                        <caom2:syser>0.001</caom2:syser>
                        <caom2:rnder>0.001</caom2:rnder>
                      </caom2:error>
                      <caom2:function>
                        <caom2:naxis>1</caom2:naxis>
                        <caom2:delta>1.56e-06</caom2:delta>
                        <caom2:refCoord>
                          <caom2:pix>0.5</caom2:pix>
                          <caom2:val>9.55e-07</caom2:val>
                        </caom2:refCoord>
                      </caom2:function>
                    </caom2:axis>
                    <caom2:specsys>TOPOCENT</caom2:specsys>
                    <caom2:ssysobs>TOPOCENT</caom2:ssysobs>
                    <caom2:ssyssrc>TOPOCENT</caom2:ssyssrc>
                    <caom2:resolvingPower>73000.0</caom2:resolvingPower>
                  </caom2:energy>
                  <caom2:time>
                    <caom2:axis>
                      <caom2:axis>
                        <caom2:ctype>TIME</caom2:ctype>
                        <caom2:cunit>d</caom2:cunit>
                      </caom2:axis>
                      <caom2:error>
                        <caom2:syser>1e-07</caom2:syser>
                        <caom2:rnder>1e-07</caom2:rnder>
                      </caom2:error>
                      <caom2:function>
                        <caom2:naxis>1</caom2:naxis>
                        <caom2:delta>0.003546944444444445</caom2:delta>
                        <caom2:refCoord>
                          <caom2:pix>0.5</caom2:pix>
                          <caom2:val>58870.6164659</caom2:val>
                        </caom2:refCoord>
                      </caom2:function>
                    </caom2:axis>
                    <caom2:timesys>UTC</caom2:timesys>
                    <caom2:exposure>306.456</caom2:exposure>
                    <caom2:resolution>306.456</caom2:resolution>
                  </caom2:time>
                </caom2:chunk>
              </caom2:chunks>
            </caom2:part>
          </caom2:parts>
        </caom2:artifact>
      </caom2:artifacts>
    </caom2:plane>
  </caom2:planes>
</caom2:Observation>
