<caom2:Observation xmlns:caom2="http://www.opencadc.org/caom2/xml/v2.4" xmlns:xsi="http://www.w3.org/2001/XMLSchema-instance" xsi:type="caom2:DerivedObservation" caom2:id="00000000-0000-0000-ef95-0168d041149a" caom2:lastModified="2019-02-09T03:16:03.059" caom2:maxLastModified="2019-10-05T03:27:37.660" caom2:metaChecksum="md5:fe3451d8c986ce84ba4006147fca96db" caom2:accMetaChecksum="md5:ed9c7d5c835c6eb5e089a92a71391e1e">
  <caom2:collection>CFHT</caom2:collection>
  <caom2:observationID>2359320p</caom2:observationID>
  <caom2:metaRelease>2018-12-07T00:00:00.000</caom2:metaRelease>
  <caom2:sequenceNumber>2359320</caom2:sequenceNumber>
  <caom2:algorithm>
    <caom2:name>scan</caom2:name>
  </caom2:algorithm>
  <caom2:type>OBJECT</caom2:type>
  <caom2:intent>science</caom2:intent>
  <caom2:proposal>
    <caom2:id>18BF01</caom2:id>
    <caom2:pi>Florence Durret</caom2:pi>
    <caom2:title>Star formation in the galaxies of the Cl0016+1609 supercluster</caom2:title>
  </caom2:proposal>
  <caom2:target>
    <caom2:name>cl0016 zone 4</caom2:name>
    <caom2:standard>false</caom2:standard>
  </caom2:target>
  <caom2:telescope>
    <caom2:name>CFHT 3.6m</caom2:name>
    <caom2:geoLocationX>-5464228.6</caom2:geoLocationX>
    <caom2:geoLocationY>-2493778.2</caom2:geoLocationY>
    <caom2:geoLocationZ>2150937.8</caom2:geoLocationZ>
  </caom2:telescope>
  <caom2:instrument>
    <caom2:name>SITELLE</caom2:name>
    <caom2:keywords>
      <caom2:keyword>SCAN</caom2:keyword>
    </caom2:keywords>
  </caom2:instrument>
  <caom2:planes>
    <caom2:plane caom2:id="00000000-0000-0000-ef95-0168d04120d3" caom2:lastModified="2019-02-09T03:16:03.059" caom2:maxLastModified="2019-10-05T03:27:37.660" caom2:metaChecksum="md5:57017c333ea2da1a6d140a8ca808daff" caom2:accMetaChecksum="md5:bb9b9c00a774ca5148919b93daf6406c">
      <caom2:productID>2359320p</caom2:productID>
      <caom2:metaRelease>2018-12-07T00:00:00.000</caom2:metaRelease>
      <caom2:dataRelease>2020-02-28T00:00:00.000</caom2:dataRelease>
      <caom2:dataReadGroups>
        <caom2:groupURI>ivo://cadc.nrc.ca/gms?CADC</caom2:groupURI>
        <caom2:groupURI>ivo://cadc.nrc.ca/gms?CFHT-Staff</caom2:groupURI>
        <caom2:groupURI>ivo://cadc.nrc.ca/gms?CFHT-18BF01</caom2:groupURI>
      </caom2:dataReadGroups>
      <caom2:dataProductType>cube</caom2:dataProductType>
      <caom2:calibrationLevel>2</caom2:calibrationLevel>
      <caom2:provenance>
        <caom2:name>ORBS</caom2:name>
        <caom2:project>STANDARD PIPELINE</caom2:project>
        <caom2:producer>CFHT</caom2:producer>
        <caom2:runID>18Bs03</caom2:runID>
        <caom2:reference>http://ascl.net/1409.007</caom2:reference>
        <caom2:lastExecuted>2019-02-07T00:00:00.000</caom2:lastExecuted>
        <caom2:inputs>
          <caom2:planeURI>caom:CFHT/2359403/2359403o</caom2:planeURI>
          <caom2:planeURI>caom:CFHT/2359387/2359387o</caom2:planeURI>
          <caom2:planeURI>caom:CFHT/2359356/2359356o</caom2:planeURI>
          <caom2:planeURI>caom:CFHT/2359359/2359359o</caom2:planeURI>
          <caom2:planeURI>caom:CFHT/2359376/2359376o</caom2:planeURI>
          <caom2:planeURI>caom:CFHT/2359458/2359458o</caom2:planeURI>
          <caom2:planeURI>caom:CFHT/2359327/2359327o</caom2:planeURI>
          <caom2:planeURI>caom:CFHT/2359347/2359347o</caom2:planeURI>
          <caom2:planeURI>caom:CFHT/2359445/2359445o</caom2:planeURI>
          <caom2:planeURI>caom:CFHT/2359407/2359407o</caom2:planeURI>
          <caom2:planeURI>caom:CFHT/2359465/2359465o</caom2:planeURI>
          <caom2:planeURI>caom:CFHT/2359380/2359380o</caom2:planeURI>
          <caom2:planeURI>caom:CFHT/2359470/2359470o</caom2:planeURI>
          <caom2:planeURI>caom:CFHT/2359475/2359475o</caom2:planeURI>
          <caom2:planeURI>caom:CFHT/2359373/2359373o</caom2:planeURI>
          <caom2:planeURI>caom:CFHT/2359337/2359337o</caom2:planeURI>
          <caom2:planeURI>caom:CFHT/2359341/2359341o</caom2:planeURI>
          <caom2:planeURI>caom:CFHT/2359367/2359367o</caom2:planeURI>
          <caom2:planeURI>caom:CFHT/2359375/2359375o</caom2:planeURI>
          <caom2:planeURI>caom:CFHT/2359419/2359419o</caom2:planeURI>
          <caom2:planeURI>caom:CFHT/2359438/2359438o</caom2:planeURI>
          <caom2:planeURI>caom:CFHT/2359443/2359443o</caom2:planeURI>
          <caom2:planeURI>caom:CFHT/2359409/2359409o</caom2:planeURI>
          <caom2:planeURI>caom:CFHT/2359320/2359320o</caom2:planeURI>
          <caom2:planeURI>caom:CFHT/2359451/2359451o</caom2:planeURI>
          <caom2:planeURI>caom:CFHT/2359346/2359346o</caom2:planeURI>
          <caom2:planeURI>caom:CFHT/2359365/2359365o</caom2:planeURI>
          <caom2:planeURI>caom:CFHT/2359332/2359332o</caom2:planeURI>
          <caom2:planeURI>caom:CFHT/2359471/2359471o</caom2:planeURI>
          <caom2:planeURI>caom:CFHT/2359343/2359343o</caom2:planeURI>
          <caom2:planeURI>caom:CFHT/2359366/2359366o</caom2:planeURI>
          <caom2:planeURI>caom:CFHT/2359457/2359457o</caom2:planeURI>
          <caom2:planeURI>caom:CFHT/2359396/2359396o</caom2:planeURI>
          <caom2:planeURI>caom:CFHT/2359324/2359324o</caom2:planeURI>
          <caom2:planeURI>caom:CFHT/2359384/2359384o</caom2:planeURI>
          <caom2:planeURI>caom:CFHT/2359400/2359400o</caom2:planeURI>
          <caom2:planeURI>caom:CFHT/2359335/2359335o</caom2:planeURI>
          <caom2:planeURI>caom:CFHT/2359348/2359348o</caom2:planeURI>
          <caom2:planeURI>caom:CFHT/2359432/2359432o</caom2:planeURI>
          <caom2:planeURI>caom:CFHT/2359424/2359424o</caom2:planeURI>
          <caom2:planeURI>caom:CFHT/2359394/2359394o</caom2:planeURI>
          <caom2:planeURI>caom:CFHT/2359446/2359446o</caom2:planeURI>
          <caom2:planeURI>caom:CFHT/2359331/2359331o</caom2:planeURI>
          <caom2:planeURI>caom:CFHT/2359362/2359362o</caom2:planeURI>
          <caom2:planeURI>caom:CFHT/2359473/2359473o</caom2:planeURI>
          <caom2:planeURI>caom:CFHT/2359336/2359336o</caom2:planeURI>
          <caom2:planeURI>caom:CFHT/2359404/2359404o</caom2:planeURI>
          <caom2:planeURI>caom:CFHT/2359385/2359385o</caom2:planeURI>
          <caom2:planeURI>caom:CFHT/2359408/2359408o</caom2:planeURI>
          <caom2:planeURI>caom:CFHT/2359460/2359460o</caom2:planeURI>
          <caom2:planeURI>caom:CFHT/2359440/2359440o</caom2:planeURI>
          <caom2:planeURI>caom:CFHT/2359395/2359395o</caom2:planeURI>
          <caom2:planeURI>caom:CFHT/2359361/2359361o</caom2:planeURI>
          <caom2:planeURI>caom:CFHT/2359402/2359402o</caom2:planeURI>
          <caom2:planeURI>caom:CFHT/2359467/2359467o</caom2:planeURI>
          <caom2:planeURI>caom:CFHT/2359377/2359377o</caom2:planeURI>
          <caom2:planeURI>caom:CFHT/2359374/2359374o</caom2:planeURI>
          <caom2:planeURI>caom:CFHT/2359390/2359390o</caom2:planeURI>
          <caom2:planeURI>caom:CFHT/2359434/2359434o</caom2:planeURI>
          <caom2:planeURI>caom:CFHT/2359448/2359448o</caom2:planeURI>
          <caom2:planeURI>caom:CFHT/2359437/2359437o</caom2:planeURI>
          <caom2:planeURI>caom:CFHT/2359417/2359417o</caom2:planeURI>
          <caom2:planeURI>caom:CFHT/2359463/2359463o</caom2:planeURI>
          <caom2:planeURI>caom:CFHT/2359334/2359334o</caom2:planeURI>
          <caom2:planeURI>caom:CFHT/2359413/2359413o</caom2:planeURI>
          <caom2:planeURI>caom:CFHT/2359323/2359323o</caom2:planeURI>
          <caom2:planeURI>caom:CFHT/2359433/2359433o</caom2:planeURI>
          <caom2:planeURI>caom:CFHT/2359420/2359420o</caom2:planeURI>
          <caom2:planeURI>caom:CFHT/2359406/2359406o</caom2:planeURI>
          <caom2:planeURI>caom:CFHT/2359369/2359369o</caom2:planeURI>
          <caom2:planeURI>caom:CFHT/2359345/2359345o</caom2:planeURI>
          <caom2:planeURI>caom:CFHT/2359411/2359411o</caom2:planeURI>
          <caom2:planeURI>caom:CFHT/2359468/2359468o</caom2:planeURI>
          <caom2:planeURI>caom:CFHT/2359383/2359383o</caom2:planeURI>
          <caom2:planeURI>caom:CFHT/2359340/2359340o</caom2:planeURI>
          <caom2:planeURI>caom:CFHT/2359330/2359330o</caom2:planeURI>
          <caom2:planeURI>caom:CFHT/2359382/2359382o</caom2:planeURI>
          <caom2:planeURI>caom:CFHT/2359416/2359416o</caom2:planeURI>
          <caom2:planeURI>caom:CFHT/2359389/2359389o</caom2:planeURI>
          <caom2:planeURI>caom:CFHT/2359353/2359353o</caom2:planeURI>
          <caom2:planeURI>caom:CFHT/2359472/2359472o</caom2:planeURI>
          <caom2:planeURI>caom:CFHT/2359447/2359447o</caom2:planeURI>
          <caom2:planeURI>caom:CFHT/2359469/2359469o</caom2:planeURI>
          <caom2:planeURI>caom:CFHT/2359426/2359426o</caom2:planeURI>
          <caom2:planeURI>caom:CFHT/2359379/2359379o</caom2:planeURI>
          <caom2:planeURI>caom:CFHT/2359339/2359339o</caom2:planeURI>
          <caom2:planeURI>caom:CFHT/2359342/2359342o</caom2:planeURI>
          <caom2:planeURI>caom:CFHT/2359405/2359405o</caom2:planeURI>
          <caom2:planeURI>caom:CFHT/2359368/2359368o</caom2:planeURI>
          <caom2:planeURI>caom:CFHT/2359428/2359428o</caom2:planeURI>
          <caom2:planeURI>caom:CFHT/2359488/2359488o</caom2:planeURI>
          <caom2:planeURI>caom:CFHT/2359462/2359462o</caom2:planeURI>
          <caom2:planeURI>caom:CFHT/2359398/2359398o</caom2:planeURI>
          <caom2:planeURI>caom:CFHT/2359430/2359430o</caom2:planeURI>
          <caom2:planeURI>caom:CFHT/2359412/2359412o</caom2:planeURI>
          <caom2:planeURI>caom:CFHT/2359388/2359388o</caom2:planeURI>
          <caom2:planeURI>caom:CFHT/2359391/2359391o</caom2:planeURI>
          <caom2:planeURI>caom:CFHT/2359360/2359360o</caom2:planeURI>
          <caom2:planeURI>caom:CFHT/2359453/2359453o</caom2:planeURI>
          <caom2:planeURI>caom:CFHT/2359459/2359459o</caom2:planeURI>
          <caom2:planeURI>caom:CFHT/2359358/2359358o</caom2:planeURI>
          <caom2:planeURI>caom:CFHT/2359364/2359364o</caom2:planeURI>
          <caom2:planeURI>caom:CFHT/2359431/2359431o</caom2:planeURI>
          <caom2:planeURI>caom:CFHT/2359456/2359456o</caom2:planeURI>
          <caom2:planeURI>caom:CFHT/2359355/2359355o</caom2:planeURI>
          <caom2:planeURI>caom:CFHT/2359344/2359344o</caom2:planeURI>
          <caom2:planeURI>caom:CFHT/2359363/2359363o</caom2:planeURI>
          <caom2:planeURI>caom:CFHT/2359449/2359449o</caom2:planeURI>
          <caom2:planeURI>caom:CFHT/2359357/2359357o</caom2:planeURI>
          <caom2:planeURI>caom:CFHT/2359399/2359399o</caom2:planeURI>
          <caom2:planeURI>caom:CFHT/2359425/2359425o</caom2:planeURI>
          <caom2:planeURI>caom:CFHT/2359439/2359439o</caom2:planeURI>
          <caom2:planeURI>caom:CFHT/2359372/2359372o</caom2:planeURI>
          <caom2:planeURI>caom:CFHT/2359354/2359354o</caom2:planeURI>
          <caom2:planeURI>caom:CFHT/2359418/2359418o</caom2:planeURI>
          <caom2:planeURI>caom:CFHT/2359441/2359441o</caom2:planeURI>
          <caom2:planeURI>caom:CFHT/2359333/2359333o</caom2:planeURI>
          <caom2:planeURI>caom:CFHT/2359370/2359370o</caom2:planeURI>
          <caom2:planeURI>caom:CFHT/2359326/2359326o</caom2:planeURI>
          <caom2:planeURI>caom:CFHT/2359466/2359466o</caom2:planeURI>
          <caom2:planeURI>caom:CFHT/2359325/2359325o</caom2:planeURI>
          <caom2:planeURI>caom:CFHT/2359351/2359351o</caom2:planeURI>
          <caom2:planeURI>caom:CFHT/2359410/2359410o</caom2:planeURI>
          <caom2:planeURI>caom:CFHT/2359352/2359352o</caom2:planeURI>
          <caom2:planeURI>caom:CFHT/2359401/2359401o</caom2:planeURI>
          <caom2:planeURI>caom:CFHT/2359450/2359450o</caom2:planeURI>
          <caom2:planeURI>caom:CFHT/2359422/2359422o</caom2:planeURI>
          <caom2:planeURI>caom:CFHT/2359329/2359329o</caom2:planeURI>
          <caom2:planeURI>caom:CFHT/2359349/2359349o</caom2:planeURI>
          <caom2:planeURI>caom:CFHT/2359452/2359452o</caom2:planeURI>
          <caom2:planeURI>caom:CFHT/2359338/2359338o</caom2:planeURI>
          <caom2:planeURI>caom:CFHT/2359427/2359427o</caom2:planeURI>
          <caom2:planeURI>caom:CFHT/2359328/2359328o</caom2:planeURI>
          <caom2:planeURI>caom:CFHT/2359415/2359415o</caom2:planeURI>
          <caom2:planeURI>caom:CFHT/2359436/2359436o</caom2:planeURI>
          <caom2:planeURI>caom:CFHT/2359474/2359474o</caom2:planeURI>
          <caom2:planeURI>caom:CFHT/2359461/2359461o</caom2:planeURI>
          <caom2:planeURI>caom:CFHT/2359454/2359454o</caom2:planeURI>
          <caom2:planeURI>caom:CFHT/2359350/2359350o</caom2:planeURI>
          <caom2:planeURI>caom:CFHT/2359421/2359421o</caom2:planeURI>
          <caom2:planeURI>caom:CFHT/2359429/2359429o</caom2:planeURI>
          <caom2:planeURI>caom:CFHT/2359397/2359397o</caom2:planeURI>
          <caom2:planeURI>caom:CFHT/2359455/2359455o</caom2:planeURI>
          <caom2:planeURI>caom:CFHT/2359442/2359442o</caom2:planeURI>
          <caom2:planeURI>caom:CFHT/2359322/2359322o</caom2:planeURI>
          <caom2:planeURI>caom:CFHT/2359378/2359378o</caom2:planeURI>
          <caom2:planeURI>caom:CFHT/2359464/2359464o</caom2:planeURI>
          <caom2:planeURI>caom:CFHT/2359371/2359371o</caom2:planeURI>
          <caom2:planeURI>caom:CFHT/2359393/2359393o</caom2:planeURI>
          <caom2:planeURI>caom:CFHT/2359435/2359435o</caom2:planeURI>
          <caom2:planeURI>caom:CFHT/2359444/2359444o</caom2:planeURI>
          <caom2:planeURI>caom:CFHT/2359386/2359386o</caom2:planeURI>
          <caom2:planeURI>caom:CFHT/2359423/2359423o</caom2:planeURI>
          <caom2:planeURI>caom:CFHT/2359321/2359321o</caom2:planeURI>
          <caom2:planeURI>caom:CFHT/2359381/2359381o</caom2:planeURI>
          <caom2:planeURI>caom:CFHT/2359392/2359392o</caom2:planeURI>
        </caom2:inputs>
      </caom2:provenance>
      <caom2:position>
        <caom2:bounds xsi:type="caom2:Polygon">
          <caom2:points>
            <caom2:point>
              <caom2:cval1>4.822755900589368</caom2:cval1>
              <caom2:cval2>15.9398804537485</caom2:cval2>
            </caom2:point>
            <caom2:point>
              <caom2:cval1>4.631458430201737</caom2:cval1>
              <caom2:cval2>15.938473888529785</caom2:cval2>
            </caom2:point>
            <caom2:point>
              <caom2:cval1>4.62989389412078</caom2:cval1>
              <caom2:cval2>16.12385308714083</caom2:cval2>
            </caom2:point>
            <caom2:point>
              <caom2:cval1>4.821369291358548</caom2:cval1>
              <caom2:cval2>16.125260909571935</caom2:cval2>
            </caom2:point>
          </caom2:points>
          <caom2:samples>
            <caom2:vertices>
              <caom2:vertex>
                <caom2:cval1>4.822755900589362</caom2:cval1>
                <caom2:cval2>15.939880453748504</caom2:cval2>
                <caom2:type>2</caom2:type>
              </caom2:vertex>
              <caom2:vertex>
                <caom2:cval1>4.631458430201725</caom2:cval1>
                <caom2:cval2>15.938473888529794</caom2:cval2>
                <caom2:type>1</caom2:type>
              </caom2:vertex>
              <caom2:vertex>
                <caom2:cval1>4.629893894120786</caom2:cval1>
                <caom2:cval2>16.12385308714083</caom2:cval2>
                <caom2:type>1</caom2:type>
              </caom2:vertex>
              <caom2:vertex>
                <caom2:cval1>4.821369291358535</caom2:cval1>
                <caom2:cval2>16.12526090957193</caom2:cval2>
                <caom2:type>1</caom2:type>
              </caom2:vertex>
              <caom2:vertex>
                <caom2:cval1>0.0</caom2:cval1>
                <caom2:cval2>0.0</caom2:cval2>
                <caom2:type>0</caom2:type>
              </caom2:vertex>
            </caom2:vertices>
          </caom2:samples>
        </caom2:bounds>
        <caom2:dimension>
          <caom2:naxis1>2048</caom2:naxis1>
          <caom2:naxis2>2064</caom2:naxis2>
        </caom2:dimension>
        <caom2:sampleSize>0.32334710372122627</caom2:sampleSize>
      </caom2:position>
      <caom2:energy>
        <caom2:bounds>
          <caom2:lower>5.397563912081996e-07</caom2:lower>
          <caom2:upper>6.47637836517882e-07</caom2:upper>
          <caom2:samples>
            <caom2:sample>
              <caom2:lower>5.397563912081996e-07</caom2:lower>
              <caom2:upper>6.47637836517882e-07</caom2:upper>
            </caom2:sample>
          </caom2:samples>
        </caom2:bounds>
        <caom2:dimension>156</caom2:dimension>
        <caom2:resolvingPower>1.0</caom2:resolvingPower>
        <caom2:sampleSize>6.915477263441175e-10</caom2:sampleSize>
        <caom2:bandpassName>C2</caom2:bandpassName>
        <caom2:energyBands>
          <caom2:emBand>Optical</caom2:emBand>
        </caom2:energyBands>
      </caom2:energy>
      <caom2:time>
        <caom2:bounds>
          <caom2:lower>58459.1947726</caom2:lower>
          <caom2:upper>58459.3771684</caom2:upper>
          <caom2:samples>
            <caom2:sample>
              <caom2:lower>58459.1947726</caom2:lower>
              <caom2:upper>58459.3771684</caom2:upper>
            </caom2:sample>
          </caom2:samples>
        </caom2:bounds>
        <caom2:dimension>1</caom2:dimension>
        <caom2:resolution>13884.0</caom2:resolution>
        <caom2:sampleSize>0.18239580000226852</caom2:sampleSize>
        <caom2:exposure>13884.0</caom2:exposure>
      </caom2:time>
      <caom2:polarization/>
      <caom2:artifacts>
        <caom2:artifact caom2:id="00000000-0000-0000-ef95-0168d04120e0" caom2:lastModified="2019-02-09T03:16:03.059" caom2:maxLastModified="2019-02-09T03:16:03.059" caom2:metaChecksum="md5:2769583a8838d35109d387812cda37f6" caom2:accMetaChecksum="md5:5c64f4118b178a73ac2cd4ddf2210664">
          <caom2:uri>ad:CFHT/2359320p.fits</caom2:uri>
          <caom2:productType>science</caom2:productType>
          <caom2:releaseType>data</caom2:releaseType>
          <caom2:contentType>application/fits</caom2:contentType>
          <caom2:contentLength>2637722880</caom2:contentLength>
          <caom2:contentChecksum>md5:c9f24dd416672295ab6673b291bb0af8</caom2:contentChecksum>
          <caom2:parts>
            <caom2:part caom2:id="00000000-0000-0000-ef95-0168d04120e1" caom2:lastModified="2019-02-09T03:16:03.059" caom2:maxLastModified="2019-02-09T03:16:03.059" caom2:metaChecksum="md5:ccf64dfbfa790d501cbbdcb17bb524cc" caom2:accMetaChecksum="md5:c2b86f7af93df2ad102b176e2fc4ce0f">
              <caom2:name>0</caom2:name>
              <caom2:chunks>
                <caom2:chunk caom2:id="00000000-0000-0000-ef95-0168d04120e3" caom2:lastModified="2019-02-09T03:16:03.059" caom2:maxLastModified="2019-02-09T03:16:03.059" caom2:metaChecksum="md5:2fb3020e740f89d93116f05d5793d67c" caom2:accMetaChecksum="md5:328f728396bde60d18730a22d5990666">
                  <caom2:naxis>3</caom2:naxis>
                  <caom2:positionAxis1>1</caom2:positionAxis1>
                  <caom2:positionAxis2>2</caom2:positionAxis2>
                  <caom2:energyAxis>3</caom2:energyAxis>
                  <caom2:timeAxis>4</caom2:timeAxis>
                  <caom2:position>
                    <caom2:axis>
                      <caom2:axis1>
                        <caom2:ctype>RA---TAN-SIP</caom2:ctype>
                        <caom2:cunit>deg</caom2:cunit>
                      </caom2:axis1>
                      <caom2:axis2>
                        <caom2:ctype>DEC--TAN-SIP</caom2:ctype>
                        <caom2:cunit>deg</caom2:cunit>
                      </caom2:axis2>
                      <caom2:error1>
                        <caom2:syser>2.78e-05</caom2:syser>
                        <caom2:rnder>2.78e-05</caom2:rnder>
                      </caom2:error1>
                      <caom2:error2>
                        <caom2:syser>2.78e-05</caom2:syser>
                        <caom2:rnder>2.78e-05</caom2:rnder>
                      </caom2:error2>
                      <caom2:function>
                        <caom2:dimension>
                          <caom2:naxis1>2048</caom2:naxis1>
                          <caom2:naxis2>2064</caom2:naxis2>
                        </caom2:dimension>
                        <caom2:refCoord>
                          <caom2:coord1>
                            <caom2:pix>1079.25968262</caom2:pix>
                            <caom2:val>4.72125</caom2:val>
                          </caom2:coord1>
                          <caom2:coord2>
                            <caom2:pix>1035.40038614</caom2:pix>
                            <caom2:val>16.0321111111</caom2:val>
                          </caom2:coord2>
                        </caom2:refCoord>
                        <caom2:cd11>-8.98159947375e-05</caom2:cd11>
                        <caom2:cd12>-6.89323474411e-07</caom2:cd12>
                        <caom2:cd21>-6.89323474411e-07</caom2:cd21>
                        <caom2:cd22>8.98159947375e-05</caom2:cd22>
                      </caom2:function>
                    </caom2:axis>
                    <caom2:coordsys>FK5</caom2:coordsys>
                    <caom2:equinox>2000.0</caom2:equinox>
                  </caom2:position>
                  <caom2:energy>
                    <caom2:axis>
                      <caom2:axis>
                        <caom2:ctype>WAVN</caom2:ctype>
                        <caom2:cunit>cm-1</caom2:cunit>
                      </caom2:axis>
                      <caom2:error>
                        <caom2:syser>1.0</caom2:syser>
                        <caom2:rnder>1.0</caom2:rnder>
                      </caom2:error>
                      <caom2:function>
                        <caom2:naxis>156</caom2:naxis>
                        <caom2:delta>19.783</caom2:delta>
                        <caom2:refCoord>
                          <caom2:pix>1.0</caom2:pix>
                          <caom2:val>15450.62</caom2:val>
                        </caom2:refCoord>
                      </caom2:function>
                    </caom2:axis>
                    <caom2:specsys>TOPOCENT</caom2:specsys>
                    <caom2:ssysobs>TOPOCENT</caom2:ssysobs>
                    <caom2:ssyssrc>TOPOCENT</caom2:ssyssrc>
                    <caom2:bandpassName>C2</caom2:bandpassName>
                    <caom2:resolvingPower>1.0</caom2:resolvingPower>
                  </caom2:energy>
                  <caom2:time>
                    <caom2:axis>
                      <caom2:axis>
                        <caom2:ctype>TIME</caom2:ctype>
                        <caom2:cunit>d</caom2:cunit>
                      </caom2:axis>
                      <caom2:error>
                        <caom2:syser>1e-07</caom2:syser>
                        <caom2:rnder>1e-07</caom2:rnder>
                      </caom2:error>
                      <caom2:function>
                        <caom2:naxis>1</caom2:naxis>
                        <caom2:delta>0.182395800002</caom2:delta>
                        <caom2:refCoord>
                          <caom2:pix>0.5</caom2:pix>
                          <caom2:val>58459.1947726</caom2:val>
                        </caom2:refCoord>
                      </caom2:function>
                    </caom2:axis>
                    <caom2:timesys>UTC</caom2:timesys>
                    <caom2:exposure>13884.0</caom2:exposure>
                    <caom2:resolution>13884.0</caom2:resolution>
                  </caom2:time>
                </caom2:chunk>
              </caom2:chunks>
            </caom2:part>
          </caom2:parts>
        </caom2:artifact>
        <caom2:artifact caom2:id="00000000-0000-0000-a3a0-c0a040b0e4e0" caom2:lastModified="2019-02-09T04:15:17.687" caom2:maxLastModified="2019-02-09T04:15:17.687" caom2:metaChecksum="md5:dff405aaf593549cfc824200614503a3" caom2:accMetaChecksum="md5:00bd6eaf4eac3242f26d273385a32c32">
          <caom2:uri>ad:CFHT/2359320p_preview_1024.jpg</caom2:uri>
          <caom2:productType>preview</caom2:productType>
          <caom2:releaseType>data</caom2:releaseType>
          <caom2:contentType>image/jpeg</caom2:contentType>
          <caom2:contentLength>260284</caom2:contentLength>
          <caom2:contentChecksum>md5:85c66df284c29403ea1eaf01f02cc770</caom2:contentChecksum>
          <caom2:parts/>
        </caom2:artifact>
        <caom2:artifact caom2:id="00000000-0000-0000-bfa7-4ad755c445e2" caom2:lastModified="2019-02-09T04:15:17.687" caom2:maxLastModified="2019-02-09T04:15:17.687" caom2:metaChecksum="md5:4f489cc666ec77912dd5f4e0fbf087cb" caom2:accMetaChecksum="md5:416ddead86df106f7d4a4f74552bea75">
          <caom2:uri>ad:CFHT/2359320p_preview_256.jpg</caom2:uri>
          <caom2:productType>thumbnail</caom2:productType>
          <caom2:releaseType>meta</caom2:releaseType>
          <caom2:contentType>image/jpeg</caom2:contentType>
          <caom2:contentLength>18815</caom2:contentLength>
          <caom2:contentChecksum>md5:80a5a58dc385e489873f5de561dccea5</caom2:contentChecksum>
          <caom2:parts/>
        </caom2:artifact>
        <caom2:artifact caom2:id="00000000-0000-0000-b6e8-b84c8defd814" caom2:lastModified="2019-02-09T04:15:17.687" caom2:maxLastModified="2019-02-09T04:15:17.687" caom2:metaChecksum="md5:bccd7ab14836e33fe477ebe76fb9632d" caom2:accMetaChecksum="md5:5f43ff7a7fc75c3d7a1ef6b305b8408d">
          <caom2:uri>ad:CFHT/2359320p_preview_zoom_1024.jpg</caom2:uri>
          <caom2:productType>preview</caom2:productType>
          <caom2:releaseType>data</caom2:releaseType>
          <caom2:contentType>image/jpeg</caom2:contentType>
          <caom2:contentLength>227832</caom2:contentLength>
          <caom2:contentChecksum>md5:dcf9a1dffab33469a0c40346007562b1</caom2:contentChecksum>
          <caom2:parts/>
        </caom2:artifact>
        <caom2:artifact caom2:id="00000000-0000-0000-a0b9-677e96665ac6" caom2:lastModified="2019-03-15T04:06:11.154" caom2:maxLastModified="2019-03-15T04:06:11.154" caom2:metaChecksum="md5:afbbfc0e14579030ea191a143aca7a3a" caom2:accMetaChecksum="md5:c257ae5b6640533181164406a8519404">
          <caom2:uri>ad:CFHT/2359320v.fits</caom2:uri>
          <caom2:productType>auxiliary</caom2:productType>
          <caom2:releaseType>data</caom2:releaseType>
          <caom2:contentType>application/fits</caom2:contentType>
          <caom2:contentLength>16920000</caom2:contentLength>
          <caom2:contentChecksum>md5:1fa5ffaba5edf2db14e9203b8d09b569</caom2:contentChecksum>
          <caom2:parts/>
        </caom2:artifact>
        <caom2:artifact caom2:id="00000000-0000-0000-b164-f0cfaa94c6d8" caom2:lastModified="2019-10-05T03:27:37.660" caom2:maxLastModified="2019-10-05T03:27:37.660" caom2:metaChecksum="md5:5dfb1fcfb30ee921e7947eb5d7a787d1" caom2:accMetaChecksum="md5:63f213136c54e08e6c3e130c6b7653fd">
          <caom2:uri>ad:CFHT/2359320z.hdf5</caom2:uri>
          <caom2:productType>auxiliary</caom2:productType>
          <caom2:releaseType>data</caom2:releaseType>
          <caom2:contentType>application/x-hdf</caom2:contentType>
          <caom2:contentLength>2705375508</caom2:contentLength>
          <caom2:contentChecksum>md5:ee90e7a6cd1a0a1e59c3cf8e7a66aeac</caom2:contentChecksum>
          <caom2:parts/>
        </caom2:artifact>
      </caom2:artifacts>
    </caom2:plane>
  </caom2:planes>
  <caom2:members>
    <caom2:observationURI>caom:CFHT/2359451</caom2:observationURI>
    <caom2:observationURI>caom:CFHT/2359330</caom2:observationURI>
    <caom2:observationURI>caom:CFHT/2359459</caom2:observationURI>
    <caom2:observationURI>caom:CFHT/2359359</caom2:observationURI>
    <caom2:observationURI>caom:CFHT/2359332</caom2:observationURI>
    <caom2:observationURI>caom:CFHT/2359392</caom2:observationURI>
    <caom2:observationURI>caom:CFHT/2359340</caom2:observationURI>
    <caom2:observationURI>caom:CFHT/2359405</caom2:observationURI>
    <caom2:observationURI>caom:CFHT/2359412</caom2:observationURI>
    <caom2:observationURI>caom:CFHT/2359338</caom2:observationURI>
    <caom2:observationURI>caom:CFHT/2359422</caom2:observationURI>
    <caom2:observationURI>caom:CFHT/2359470</caom2:observationURI>
    <caom2:observationURI>caom:CFHT/2359365</caom2:observationURI>
    <caom2:observationURI>caom:CFHT/2359449</caom2:observationURI>
    <caom2:observationURI>caom:CFHT/2359402</caom2:observationURI>
    <caom2:observationURI>caom:CFHT/2359385</caom2:observationURI>
    <caom2:observationURI>caom:CFHT/2359417</caom2:observationURI>
    <caom2:observationURI>caom:CFHT/2359356</caom2:observationURI>
    <caom2:observationURI>caom:CFHT/2359345</caom2:observationURI>
    <caom2:observationURI>caom:CFHT/2359373</caom2:observationURI>
    <caom2:observationURI>caom:CFHT/2359324</caom2:observationURI>
    <caom2:observationURI>caom:CFHT/2359447</caom2:observationURI>
    <caom2:observationURI>caom:CFHT/2359333</caom2:observationURI>
    <caom2:observationURI>caom:CFHT/2359467</caom2:observationURI>
    <caom2:observationURI>caom:CFHT/2359369</caom2:observationURI>
    <caom2:observationURI>caom:CFHT/2359421</caom2:observationURI>
    <caom2:observationURI>caom:CFHT/2359396</caom2:observationURI>
    <caom2:observationURI>caom:CFHT/2359419</caom2:observationURI>
    <caom2:observationURI>caom:CFHT/2359457</caom2:observationURI>
    <caom2:observationURI>caom:CFHT/2359465</caom2:observationURI>
    <caom2:observationURI>caom:CFHT/2359420</caom2:observationURI>
    <caom2:observationURI>caom:CFHT/2359347</caom2:observationURI>
    <caom2:observationURI>caom:CFHT/2359328</caom2:observationURI>
    <caom2:observationURI>caom:CFHT/2359351</caom2:observationURI>
    <caom2:observationURI>caom:CFHT/2359460</caom2:observationURI>
    <caom2:observationURI>caom:CFHT/2359352</caom2:observationURI>
    <caom2:observationURI>caom:CFHT/2359395</caom2:observationURI>
    <caom2:observationURI>caom:CFHT/2359438</caom2:observationURI>
    <caom2:observationURI>caom:CFHT/2359432</caom2:observationURI>
    <caom2:observationURI>caom:CFHT/2359443</caom2:observationURI>
    <caom2:observationURI>caom:CFHT/2359403</caom2:observationURI>
    <caom2:observationURI>caom:CFHT/2359334</caom2:observationURI>
    <caom2:observationURI>caom:CFHT/2359418</caom2:observationURI>
    <caom2:observationURI>caom:CFHT/2359427</caom2:observationURI>
    <caom2:observationURI>caom:CFHT/2359488</caom2:observationURI>
    <caom2:observationURI>caom:CFHT/2359343</caom2:observationURI>
    <caom2:observationURI>caom:CFHT/2359464</caom2:observationURI>
    <caom2:observationURI>caom:CFHT/2359416</caom2:observationURI>
    <caom2:observationURI>caom:CFHT/2359367</caom2:observationURI>
    <caom2:observationURI>caom:CFHT/2359386</caom2:observationURI>
    <caom2:observationURI>caom:CFHT/2359342</caom2:observationURI>
    <caom2:observationURI>caom:CFHT/2359474</caom2:observationURI>
    <caom2:observationURI>caom:CFHT/2359325</caom2:observationURI>
    <caom2:observationURI>caom:CFHT/2359428</caom2:observationURI>
    <caom2:observationURI>caom:CFHT/2359348</caom2:observationURI>
    <caom2:observationURI>caom:CFHT/2359377</caom2:observationURI>
    <caom2:observationURI>caom:CFHT/2359331</caom2:observationURI>
    <caom2:observationURI>caom:CFHT/2359382</caom2:observationURI>
    <caom2:observationURI>caom:CFHT/2359469</caom2:observationURI>
    <caom2:observationURI>caom:CFHT/2359357</caom2:observationURI>
    <caom2:observationURI>caom:CFHT/2359337</caom2:observationURI>
    <caom2:observationURI>caom:CFHT/2359413</caom2:observationURI>
    <caom2:observationURI>caom:CFHT/2359344</caom2:observationURI>
    <caom2:observationURI>caom:CFHT/2359346</caom2:observationURI>
    <caom2:observationURI>caom:CFHT/2359471</caom2:observationURI>
    <caom2:observationURI>caom:CFHT/2359384</caom2:observationURI>
    <caom2:observationURI>caom:CFHT/2359456</caom2:observationURI>
    <caom2:observationURI>caom:CFHT/2359448</caom2:observationURI>
    <caom2:observationURI>caom:CFHT/2359410</caom2:observationURI>
    <caom2:observationURI>caom:CFHT/2359406</caom2:observationURI>
    <caom2:observationURI>caom:CFHT/2359322</caom2:observationURI>
    <caom2:observationURI>caom:CFHT/2359320</caom2:observationURI>
    <caom2:observationURI>caom:CFHT/2359375</caom2:observationURI>
    <caom2:observationURI>caom:CFHT/2359463</caom2:observationURI>
    <caom2:observationURI>caom:CFHT/2359326</caom2:observationURI>
    <caom2:observationURI>caom:CFHT/2359401</caom2:observationURI>
    <caom2:observationURI>caom:CFHT/2359329</caom2:observationURI>
    <caom2:observationURI>caom:CFHT/2359441</caom2:observationURI>
    <caom2:observationURI>caom:CFHT/2359453</caom2:observationURI>
    <caom2:observationURI>caom:CFHT/2359341</caom2:observationURI>
    <caom2:observationURI>caom:CFHT/2359450</caom2:observationURI>
    <caom2:observationURI>caom:CFHT/2359398</caom2:observationURI>
    <caom2:observationURI>caom:CFHT/2359362</caom2:observationURI>
    <caom2:observationURI>caom:CFHT/2359381</caom2:observationURI>
    <caom2:observationURI>caom:CFHT/2359408</caom2:observationURI>
    <caom2:observationURI>caom:CFHT/2359360</caom2:observationURI>
    <caom2:observationURI>caom:CFHT/2359389</caom2:observationURI>
    <caom2:observationURI>caom:CFHT/2359446</caom2:observationURI>
    <caom2:observationURI>caom:CFHT/2359370</caom2:observationURI>
    <caom2:observationURI>caom:CFHT/2359363</caom2:observationURI>
    <caom2:observationURI>caom:CFHT/2359355</caom2:observationURI>
    <caom2:observationURI>caom:CFHT/2359371</caom2:observationURI>
    <caom2:observationURI>caom:CFHT/2359354</caom2:observationURI>
    <caom2:observationURI>caom:CFHT/2359387</caom2:observationURI>
    <caom2:observationURI>caom:CFHT/2359452</caom2:observationURI>
    <caom2:observationURI>caom:CFHT/2359466</caom2:observationURI>
    <caom2:observationURI>caom:CFHT/2359423</caom2:observationURI>
    <caom2:observationURI>caom:CFHT/2359321</caom2:observationURI>
    <caom2:observationURI>caom:CFHT/2359429</caom2:observationURI>
    <caom2:observationURI>caom:CFHT/2359397</caom2:observationURI>
    <caom2:observationURI>caom:CFHT/2359368</caom2:observationURI>
    <caom2:observationURI>caom:CFHT/2359442</caom2:observationURI>
    <caom2:observationURI>caom:CFHT/2359439</caom2:observationURI>
    <caom2:observationURI>caom:CFHT/2359424</caom2:observationURI>
    <caom2:observationURI>caom:CFHT/2359462</caom2:observationURI>
    <caom2:observationURI>caom:CFHT/2359411</caom2:observationURI>
    <caom2:observationURI>caom:CFHT/2359372</caom2:observationURI>
    <caom2:observationURI>caom:CFHT/2359400</caom2:observationURI>
    <caom2:observationURI>caom:CFHT/2359364</caom2:observationURI>
    <caom2:observationURI>caom:CFHT/2359374</caom2:observationURI>
    <caom2:observationURI>caom:CFHT/2359327</caom2:observationURI>
    <caom2:observationURI>caom:CFHT/2359434</caom2:observationURI>
    <caom2:observationURI>caom:CFHT/2359335</caom2:observationURI>
    <caom2:observationURI>caom:CFHT/2359454</caom2:observationURI>
    <caom2:observationURI>caom:CFHT/2359358</caom2:observationURI>
    <caom2:observationURI>caom:CFHT/2359388</caom2:observationURI>
    <caom2:observationURI>caom:CFHT/2359455</caom2:observationURI>
    <caom2:observationURI>caom:CFHT/2359378</caom2:observationURI>
    <caom2:observationURI>caom:CFHT/2359349</caom2:observationURI>
    <caom2:observationURI>caom:CFHT/2359393</caom2:observationURI>
    <caom2:observationURI>caom:CFHT/2359472</caom2:observationURI>
    <caom2:observationURI>caom:CFHT/2359458</caom2:observationURI>
    <caom2:observationURI>caom:CFHT/2359376</caom2:observationURI>
    <caom2:observationURI>caom:CFHT/2359435</caom2:observationURI>
    <caom2:observationURI>caom:CFHT/2359336</caom2:observationURI>
    <caom2:observationURI>caom:CFHT/2359361</caom2:observationURI>
    <caom2:observationURI>caom:CFHT/2359440</caom2:observationURI>
    <caom2:observationURI>caom:CFHT/2359350</caom2:observationURI>
    <caom2:observationURI>caom:CFHT/2359431</caom2:observationURI>
    <caom2:observationURI>caom:CFHT/2359473</caom2:observationURI>
    <caom2:observationURI>caom:CFHT/2359468</caom2:observationURI>
    <caom2:observationURI>caom:CFHT/2359475</caom2:observationURI>
    <caom2:observationURI>caom:CFHT/2359445</caom2:observationURI>
    <caom2:observationURI>caom:CFHT/2359437</caom2:observationURI>
    <caom2:observationURI>caom:CFHT/2359339</caom2:observationURI>
    <caom2:observationURI>caom:CFHT/2359394</caom2:observationURI>
    <caom2:observationURI>caom:CFHT/2359436</caom2:observationURI>
    <caom2:observationURI>caom:CFHT/2359323</caom2:observationURI>
    <caom2:observationURI>caom:CFHT/2359425</caom2:observationURI>
    <caom2:observationURI>caom:CFHT/2359383</caom2:observationURI>
    <caom2:observationURI>caom:CFHT/2359399</caom2:observationURI>
    <caom2:observationURI>caom:CFHT/2359433</caom2:observationURI>
    <caom2:observationURI>caom:CFHT/2359380</caom2:observationURI>
    <caom2:observationURI>caom:CFHT/2359353</caom2:observationURI>
    <caom2:observationURI>caom:CFHT/2359390</caom2:observationURI>
    <caom2:observationURI>caom:CFHT/2359415</caom2:observationURI>
    <caom2:observationURI>caom:CFHT/2359426</caom2:observationURI>
    <caom2:observationURI>caom:CFHT/2359461</caom2:observationURI>
    <caom2:observationURI>caom:CFHT/2359391</caom2:observationURI>
    <caom2:observationURI>caom:CFHT/2359430</caom2:observationURI>
    <caom2:observationURI>caom:CFHT/2359379</caom2:observationURI>
    <caom2:observationURI>caom:CFHT/2359407</caom2:observationURI>
    <caom2:observationURI>caom:CFHT/2359409</caom2:observationURI>
    <caom2:observationURI>caom:CFHT/2359444</caom2:observationURI>
    <caom2:observationURI>caom:CFHT/2359404</caom2:observationURI>
    <caom2:observationURI>caom:CFHT/2359366</caom2:observationURI>
  </caom2:members>
</caom2:Observation>
