<?xml version='1.0' encoding='UTF-8'?>
<caom2:Observation xmlns:caom2="http://www.opencadc.org/caom2/xml/v2.4"
                   xmlns:xsi="http://www.w3.org/2001/XMLSchema-instance"
                   xsi:type="caom2:DerivedObservation" caom2:id="901a7a26-207c-4465-8099-586ed308a4c8" caom2:metaChecksum="md5:02ae68f60e408ec896e13fad2deb59d9" caom2:accMetaChecksum="md5:1696f836cfac2b4b9ade47afc7aaf48c" caom2:metaProducer="cfht2caom2/0.3.2">
  <caom2:collection>CFHT</caom2:collection>
  <caom2:observationID>testz</caom2:observationID>
  <caom2:metaRelease>2022-03-04T00:00:00.000</caom2:metaRelease>
  <caom2:algorithm>
    <caom2:name>ORB</caom2:name>
  </caom2:algorithm>
  <caom2:type>SCIENCE</caom2:type>
  <caom2:intent>science</caom2:intent>
  <caom2:proposal>
    <caom2:id>22AQ05</caom2:id>
  </caom2:proposal>
  <caom2:target>
    <caom2:name>NGC2392</caom2:name>
  </caom2:target>
  <caom2:targetPosition>
    <caom2:coordsys>FK5</caom2:coordsys>
    <caom2:coordinates>
      <caom2:cval1>1073.5</caom2:cval1>
      <caom2:cval2>1031.5</caom2:cval2>
    </caom2:coordinates>
  </caom2:targetPosition>
  <caom2:instrument>
    <caom2:name>SITELLE</caom2:name>
  </caom2:instrument>
  <caom2:planes>
    <caom2:plane caom2:id="915b04ea-147b-468f-b9bd-6a6112fb2fed" caom2:metaProducer="cfht2caom2/0.4">
      <caom2:productID>testz</caom2:productID>
      <caom2:metaRelease>2022-03-04T00:00:00.000</caom2:metaRelease>
      <caom2:dataRelease>2023-03-04T06:00:00.000</caom2:dataRelease>
      <caom2:dataProductType>cube</caom2:dataProductType>
      <caom2:calibrationLevel>2</caom2:calibrationLevel>
      <caom2:provenance>
        <caom2:name>ORBS</caom2:name>
        <caom2:project>STANDARD PIPELINE</caom2:project>
        <caom2:producer>CFHT</caom2:producer>
        <caom2:reference>http://ascl.net/1409.007</caom2:reference>
        <caom2:lastExecuted>2022-04-02T00:00:00.000</caom2:lastExecuted>
      </caom2:provenance>
      <caom2:artifacts>
        <caom2:artifact caom2:id="2ccd704a-dab1-440d-9ae5-54487b40727c" caom2:metaProducer="cfht2caom2/0.4">
          <caom2:uri>cadc:CFHT/testz.hdf5</caom2:uri>
          <caom2:productType>science</caom2:productType>
          <caom2:releaseType>data</caom2:releaseType>
          <caom2:contentType>application/x-hdf5</caom2:contentType>
          <caom2:parts>
            <caom2:part caom2:id="fc285ef4-30f3-4264-bb7a-77f1dd6c2692">
              <caom2:name>0</caom2:name>
              <caom2:chunks>
                <caom2:chunk caom2:id="bf9a89d7-588d-4145-be2a-1bea2bcec7cb" caom2:metaProducer="cfht2caom2/0.4">
                  <caom2:position>
                    <caom2:axis>
                      <caom2:axis1>
                        <caom2:ctype>RA---TAN-SIP</caom2:ctype>
                        <caom2:cunit>deg</caom2:cunit>
                      </caom2:axis1>
                      <caom2:axis2>
                        <caom2:ctype>DEC--TAN-SIP</caom2:ctype>
                        <caom2:cunit>deg</caom2:cunit>
                      </caom2:axis2>
                      <caom2:function>
                        <caom2:dimension>
                          <caom2:naxis1>2048</caom2:naxis1>
                          <caom2:naxis2>2064</caom2:naxis2>
                        </caom2:dimension>
                        <caom2:refCoord>
                          <caom2:coord1>
                            <caom2:pix>1073.5</caom2:pix>
                            <caom2:val>112.29627888717</caom2:val>
                          </caom2:coord1>
                          <caom2:coord2>
                            <caom2:pix>1031.5</caom2:pix>
                            <caom2:val>20.911846950674</caom2:val>
                          </caom2:coord2>
                        </caom2:refCoord>
                        <caom2:cd11>-8.8033195076044e-05</caom2:cd11>
                        <caom2:cd12>-1.0136100744193e-06</caom2:cd12>
                        <caom2:cd21>-1.0126176687806e-06</caom2:cd21>
                        <caom2:cd22>8.8119471112772e-05</caom2:cd22>
                      </caom2:function>
                    </caom2:axis>
                    <caom2:coordsys>FK5</caom2:coordsys>
                    <caom2:equinox>2000.0</caom2:equinox>
                  </caom2:position>
                  <caom2:energy>
                    <caom2:axis>
                      <caom2:axis>
                        <caom2:ctype>WAVE</caom2:ctype>
                        <caom2:cunit>nm</caom2:cunit>
                      </caom2:axis>
                      <caom2:range>
                        <caom2:start>
                          <caom2:pix>0.5</caom2:pix>
                          <caom2:val>385.4</caom2:val>
                        </caom2:start>
                        <caom2:end>
                          <caom2:pix>1.5</caom2:pix>
                          <caom2:val>485.2</caom2:val>
                        </caom2:end>
                      </caom2:range>
                    </caom2:axis>
                    <caom2:specsys>TOPOCENT</caom2:specsys>
                    <caom2:bandpassName>C1</caom2:bandpassName>
                    <caom2:resolvingPower>798.6133657490225</caom2:resolvingPower>
                  </caom2:energy>
                  <caom2:time>
                    <caom2:axis>
                      <caom2:axis>
                        <caom2:ctype>TIME</caom2:ctype>
                        <caom2:cunit>d</caom2:cunit>
                      </caom2:axis>
                      <caom2:error>
                        <caom2:syser>1e-07</caom2:syser>
                        <caom2:rnder>1e-07</caom2:rnder>
                      </caom2:error>
                      <caom2:function>
                        <caom2:naxis>1</caom2:naxis>
                        <caom2:delta>0.0</caom2:delta>
                        <caom2:refCoord>
                          <caom2:pix>0.5</caom2:pix>
                          <caom2:val>59642.26863346065</caom2:val>
                        </caom2:refCoord>
                      </caom2:function>
                    </caom2:axis>
                    <caom2:timesys>UTC</caom2:timesys>
                    <caom2:exposure>4600.0</caom2:exposure>
                  </caom2:time>
                </caom2:chunk>
              </caom2:chunks>
            </caom2:part>
          </caom2:parts>
        </caom2:artifact>
      </caom2:artifacts>
    </caom2:plane>
  </caom2:planes>
</caom2:Observation>
