<?xml version='1.0' encoding='UTF-8'?>
<caom2:Observation xmlns:caom2="http://www.opencadc.org/caom2/xml/v2.4" xmlns:xsi="http://www.w3.org/2001/XMLSchema-instance" xsi:type="caom2:SimpleObservation" caom2:id="a6c2d802-9767-486a-a6c8-e4257be1bfcd" caom2:lastModified="2019-11-22T05:24:14.414" caom2:maxLastModified="2020-01-25T17:22:43.303" caom2:metaChecksum="md5:8a9d5d8854c08189cd7f999d2ebde2e9" caom2:accMetaChecksum="md5:dcf4ceb9cc9820d9dee4bce3cc9fb498" caom2:metaProducer="cfht2caom2/0.2">
  <caom2:collection>CFHT</caom2:collection>
  <caom2:observationID>2460606</caom2:observationID>
  <caom2:metaRelease>2019-11-22T00:00:00.000</caom2:metaRelease>
  <caom2:sequenceNumber>2460606</caom2:sequenceNumber>
  <caom2:algorithm>
    <caom2:name>exposure</caom2:name>
  </caom2:algorithm>
  <caom2:type>OBJECT</caom2:type>
  <caom2:intent>science</caom2:intent>
  <caom2:proposal>
    <caom2:id>19BC98</caom2:id>
    <caom2:pi>John Landstreet</caom2:pi>
    <caom2:title>Searching for and studying the rare super-weak magnetic fields in white dwarf stars</caom2:title>
  </caom2:proposal>
  <caom2:target>
    <caom2:name>WD1953-011</caom2:name>
    <caom2:standard>false</caom2:standard>
  </caom2:target>
  <caom2:targetPosition>
    <caom2:coordsys>FK5</caom2:coordsys>
    <caom2:equinox>2000.0</caom2:equinox>
    <caom2:coordinates>
      <caom2:cval1>299.11933333333326</caom2:cval1>
      <caom2:cval2>-1.0463055555555556</caom2:cval2>
    </caom2:coordinates>
  </caom2:targetPosition>
  <caom2:telescope>
    <caom2:name>CFHT 3.6m</caom2:name>
    <caom2:geoLocationX>-5464301.771353686</caom2:geoLocationX>
    <caom2:geoLocationY>-2493489.8730419003</caom2:geoLocationY>
    <caom2:geoLocationZ>2151085.1695058867</caom2:geoLocationZ>
  </caom2:telescope>
  <caom2:instrument>
    <caom2:name>ESPaDOnS</caom2:name>
    <caom2:keywords>
      <caom2:keyword>INSTMODE=Polarimetry,</caom2:keyword>
      <caom2:keyword>R=65,000</caom2:keyword>
    </caom2:keywords>
  </caom2:instrument>
  <caom2:environment>
    <caom2:humidity>48.77</caom2:humidity>
    <caom2:elevation>47.5906</caom2:elevation>
    <caom2:ambientTemp>-0.75</caom2:ambientTemp>
  </caom2:environment>
  <caom2:planes>
    <caom2:plane caom2:id="e724540f-795d-4234-a7bc-ebe76c6e3e75" caom2:lastModified="2019-11-22T18:59:12.972" caom2:maxLastModified="2020-01-25T15:05:48.657" caom2:metaChecksum="md5:562037212cd92cc291385b259ef8909f" caom2:accMetaChecksum="md5:f92960381e720e77751e555347f064ad" caom2:metaProducer="cfht2caom2/0.2">
      <caom2:productID>2460606i</caom2:productID>
      <caom2:metaRelease>2019-11-22T00:00:00.000</caom2:metaRelease>
      <caom2:dataRelease>2021-02-28T00:00:00.000</caom2:dataRelease>
      <caom2:dataProductType>spectrum</caom2:dataProductType>
      <caom2:calibrationLevel>2</caom2:calibrationLevel>
      <caom2:provenance>
        <caom2:name>UPENA</caom2:name>
        <caom2:version>1.1 January 2016</caom2:version>
        <caom2:project>STANDARD PIPELINE</caom2:project>
        <caom2:producer>CFHT</caom2:producer>
        <caom2:reference>http://www.cfht.hawaii.edu/Instruments/Upena/</caom2:reference>
        <caom2:lastExecuted>2019-11-22T05:39:42.000</caom2:lastExecuted>
        <caom2:keywords>
          <caom2:keyword>reduction=Intensity</caom2:keyword>
        </caom2:keywords>
        <caom2:inputs>
          <caom2:planeURI>caom:CFHT/2460606/2460606o</caom2:planeURI>
        </caom2:inputs>
      </caom2:provenance>
      <caom2:artifacts>
        <caom2:artifact caom2:id="025aa883-d589-45b9-9eb5-46c47f7d2bb5" caom2:lastModified="2019-11-22T18:59:12.972" caom2:maxLastModified="2019-11-22T18:59:12.972" caom2:metaChecksum="md5:a97d19011d8cb51fc1c7f361c406ea9d" caom2:accMetaChecksum="md5:1d9d4410d7ff1ca9ee2550df452ef119" caom2:metaProducer="cfht2caom2/0.2">
          <caom2:uri>ad:CFHT/2460606i.fits.gz</caom2:uri>
          <caom2:productType>science</caom2:productType>
          <caom2:releaseType>data</caom2:releaseType>
          <caom2:contentType>application/fits</caom2:contentType>
          <caom2:contentChecksum>md5:a3129bd6c64659e07a26e10ba82c54f6</caom2:contentChecksum>
          <caom2:parts>
            <caom2:part caom2:id="03217517-4cbc-47fc-a2c8-14f6bb4bf1ab" caom2:lastModified="2019-11-22T18:59:12.972" caom2:maxLastModified="2019-11-22T18:59:12.972" caom2:metaChecksum="md5:b730bc0da4a26bfa22fd4cad3ca57f31" caom2:accMetaChecksum="md5:6422a4450bb0342298ee5e03720c953e">
              <caom2:name>0</caom2:name>
              <caom2:chunks>
                <caom2:chunk caom2:id="2e608841-dc38-4768-818e-08e8417e820d" caom2:lastModified="2019-11-22T18:59:12.972" caom2:maxLastModified="2019-11-22T18:59:12.972" caom2:metaChecksum="md5:8ebb51d16554c24377727b28ca42cd15" caom2:accMetaChecksum="md5:aa5d6ac741539cb1e24ac06d9899ae68" caom2:metaProducer="cfht2caom2/0.2">
                  <caom2:naxis>2</caom2:naxis>
                  <caom2:observableAxis>2</caom2:observableAxis>
                  <caom2:positionAxis1>3</caom2:positionAxis1>
                  <caom2:positionAxis2>4</caom2:positionAxis2>
                  <caom2:observable>
                    <caom2:dependent>
                      <caom2:axis>
                        <caom2:ctype>flux</caom2:ctype>
                        <caom2:cunit>counts</caom2:cunit>
                      </caom2:axis>
                      <caom2:bin>2</caom2:bin>
                    </caom2:dependent>
                    <caom2:independent>
                      <caom2:axis>
                        <caom2:ctype>WAVE</caom2:ctype>
                        <caom2:cunit>nm</caom2:cunit>
                      </caom2:axis>
                      <caom2:bin>1</caom2:bin>
                    </caom2:independent>
                  </caom2:observable>
                  <caom2:position>
                    <caom2:axis>
                      <caom2:axis1>
                        <caom2:ctype>RA---TAN</caom2:ctype>
                        <caom2:cunit>deg</caom2:cunit>
                      </caom2:axis1>
                      <caom2:axis2>
                        <caom2:ctype>DEC--TAN</caom2:ctype>
                        <caom2:cunit>deg</caom2:cunit>
                      </caom2:axis2>
                      <caom2:error1>
                        <caom2:syser>2.78e-05</caom2:syser>
                        <caom2:rnder>2.78e-05</caom2:rnder>
                      </caom2:error1>
                      <caom2:error2>
                        <caom2:syser>2.78e-05</caom2:syser>
                        <caom2:rnder>2.78e-05</caom2:rnder>
                      </caom2:error2>
                      <caom2:function>
                        <caom2:dimension>
                          <caom2:naxis1>1</caom2:naxis1>
                          <caom2:naxis2>1</caom2:naxis2>
                        </caom2:dimension>
                        <caom2:refCoord>
                          <caom2:coord1>
                            <caom2:pix>1.0</caom2:pix>
                            <caom2:val>299.119333</caom2:val>
                          </caom2:coord1>
                          <caom2:coord2>
                            <caom2:pix>1.0</caom2:pix>
                            <caom2:val>-1.046306</caom2:val>
                          </caom2:coord2>
                        </caom2:refCoord>
                        <caom2:cd11>-0.000444</caom2:cd11>
                        <caom2:cd12>0.0</caom2:cd12>
                        <caom2:cd21>0.0</caom2:cd21>
                        <caom2:cd22>0.000444</caom2:cd22>
                      </caom2:function>
                    </caom2:axis>
                    <caom2:coordsys>FK5</caom2:coordsys>
                    <caom2:equinox>2000.0</caom2:equinox>
                  </caom2:position>
                  <caom2:time>
                    <caom2:axis>
                      <caom2:axis>
                        <caom2:ctype>TIME</caom2:ctype>
                        <caom2:cunit>d</caom2:cunit>
                      </caom2:axis>
                      <caom2:error>
                        <caom2:syser>1e-07</caom2:syser>
                        <caom2:rnder>1e-07</caom2:rnder>
                      </caom2:error>
                      <caom2:function>
                        <caom2:naxis>1</caom2:naxis>
                        <caom2:delta>0.0100347222222</caom2:delta>
                        <caom2:refCoord>
                          <caom2:pix>0.5</caom2:pix>
                          <caom2:val>58809.1990172</caom2:val>
                        </caom2:refCoord>
                      </caom2:function>
                    </caom2:axis>
                    <caom2:timesys>UTC</caom2:timesys>
                    <caom2:exposure>867.0</caom2:exposure>
                    <caom2:resolution>867.0</caom2:resolution>
                  </caom2:time>
                </caom2:chunk>
              </caom2:chunks>
            </caom2:part>
          </caom2:parts>
        </caom2:artifact>
      </caom2:artifacts>
    </caom2:plane>
    <caom2:plane caom2:id="7747fef2-79d5-4a5b-b883-d1f833b3f099" caom2:lastModified="2019-11-22T05:24:14.414" caom2:maxLastModified="2020-01-25T17:22:43.303" caom2:metaChecksum="md5:3d39dae03e9032956db5d436935821df" caom2:accMetaChecksum="md5:8df1ac05c5702fe22a3e488f411f3882" caom2:metaProducer="cfht2caom2/0.2">
      <caom2:productID>2460606o</caom2:productID>
      <caom2:metaRelease>2019-11-22T00:00:00.000</caom2:metaRelease>
      <caom2:dataRelease>2021-02-28T00:00:00.000</caom2:dataRelease>
      <caom2:dataProductType>spectrum</caom2:dataProductType>
      <caom2:calibrationLevel>1</caom2:calibrationLevel>
      <caom2:provenance>
        <caom2:name>TCS</caom2:name>
        <caom2:producer>CFHT</caom2:producer>
        <caom2:reference>http://www.cfht.hawaii.edu/Instruments/Spectroscopy/Espadons/</caom2:reference>
      </caom2:provenance>
      <caom2:artifacts>
        <caom2:artifact caom2:id="aa0ac45e-ed91-4e89-b843-748757a299f5" caom2:lastModified="2019-11-22T05:24:14.414" caom2:maxLastModified="2019-11-22T05:24:14.414" caom2:metaChecksum="md5:cbdf46806ca89fa1463c98cbbde0785f" caom2:accMetaChecksum="md5:29cbd2f8e64c4ed2889f1cf7e1415862" caom2:metaProducer="cfht2caom2/0.2">
          <caom2:uri>ad:CFHT/2460606o.fits.gz</caom2:uri>
          <caom2:productType>science</caom2:productType>
          <caom2:releaseType>data</caom2:releaseType>
          <caom2:contentType>application/fits</caom2:contentType>
          <caom2:contentChecksum>md5:3d29f0edd984065a044d1376a11c6f08</caom2:contentChecksum>
          <caom2:parts>
            <caom2:part caom2:id="d0eb8bd7-250e-47ab-9e37-31cbdc815e08" caom2:lastModified="2019-11-22T05:24:14.414" caom2:maxLastModified="2019-11-22T05:24:14.414" caom2:metaChecksum="md5:8f0e9e17fbbfba7f1268c2ea2b072dbc" caom2:accMetaChecksum="md5:64ec06d057f793936f4b7125c4664915">
              <caom2:name>0</caom2:name>
              <caom2:chunks>
                <caom2:chunk caom2:id="fc6ad26b-4dff-4bca-ad60-12546e5b2d7d" caom2:lastModified="2019-11-22T05:24:14.414" caom2:maxLastModified="2019-11-22T05:24:14.414" caom2:metaChecksum="md5:eba456d6fec76bdbe4edc2e1b69a0d99" caom2:accMetaChecksum="md5:5d077022b52a8b8d7da2d4b46e4bd377" caom2:metaProducer="cfht2caom2/0.2">
                  <caom2:naxis>2</caom2:naxis>
                  <caom2:positionAxis1>3</caom2:positionAxis1>
                  <caom2:positionAxis2>4</caom2:positionAxis2>
                  <caom2:position>
                    <caom2:axis>
                      <caom2:axis1>
                        <caom2:ctype>RA---TAN</caom2:ctype>
                        <caom2:cunit>deg</caom2:cunit>
                      </caom2:axis1>
                      <caom2:axis2>
                        <caom2:ctype>DEC--TAN</caom2:ctype>
                        <caom2:cunit>deg</caom2:cunit>
                      </caom2:axis2>
                      <caom2:error1>
                        <caom2:syser>2.78e-05</caom2:syser>
                        <caom2:rnder>2.78e-05</caom2:rnder>
                      </caom2:error1>
                      <caom2:error2>
                        <caom2:syser>2.78e-05</caom2:syser>
                        <caom2:rnder>2.78e-05</caom2:rnder>
                      </caom2:error2>
                      <caom2:function>
                        <caom2:dimension>
                          <caom2:naxis1>1</caom2:naxis1>
                          <caom2:naxis2>1</caom2:naxis2>
                        </caom2:dimension>
                        <caom2:refCoord>
                          <caom2:coord1>
                            <caom2:pix>1.0</caom2:pix>
                            <caom2:val>299.119333</caom2:val>
                          </caom2:coord1>
                          <caom2:coord2>
                            <caom2:pix>1.0</caom2:pix>
                            <caom2:val>-1.046306</caom2:val>
                          </caom2:coord2>
                        </caom2:refCoord>
                        <caom2:cd11>-0.000444</caom2:cd11>
                        <caom2:cd12>0.0</caom2:cd12>
                        <caom2:cd21>0.0</caom2:cd21>
                        <caom2:cd22>0.000444</caom2:cd22>
                      </caom2:function>
                    </caom2:axis>
                    <caom2:coordsys>FK5</caom2:coordsys>
                    <caom2:equinox>2000.0</caom2:equinox>
                  </caom2:position>
                  <caom2:energy>
                    <caom2:axis>
                      <caom2:axis>
                        <caom2:ctype>WAVE</caom2:ctype>
                        <caom2:cunit>nm</caom2:cunit>
                      </caom2:axis>
                      <caom2:range>
                        <caom2:start>
                          <caom2:pix>0.5</caom2:pix>
                          <caom2:val>370.0</caom2:val>
                        </caom2:start>
                        <caom2:end>
                          <caom2:pix>1.5</caom2:pix>
                          <caom2:val>1048.2948087999998</caom2:val>
                        </caom2:end>
                      </caom2:range>
                    </caom2:axis>
                    <caom2:specsys>TOPOCENT</caom2:specsys>
                    <caom2:ssyssrc>TOPOCENT</caom2:ssyssrc>
                    <caom2:resolvingPower>65000.0</caom2:resolvingPower>
                  </caom2:energy>
                  <caom2:time>
                    <caom2:axis>
                      <caom2:axis>
                        <caom2:ctype>TIME</caom2:ctype>
                        <caom2:cunit>d</caom2:cunit>
                      </caom2:axis>
                      <caom2:error>
                        <caom2:syser>1e-07</caom2:syser>
                        <caom2:rnder>1e-07</caom2:rnder>
                      </caom2:error>
                      <caom2:function>
                        <caom2:naxis>1</caom2:naxis>
                        <caom2:delta>0.0100347222222</caom2:delta>
                        <caom2:refCoord>
                          <caom2:pix>0.5</caom2:pix>
                          <caom2:val>58809.1990172</caom2:val>
                        </caom2:refCoord>
                      </caom2:function>
                    </caom2:axis>
                    <caom2:timesys>UTC</caom2:timesys>
                    <caom2:exposure>867.0</caom2:exposure>
                    <caom2:resolution>867.0</caom2:resolution>
                  </caom2:time>
                </caom2:chunk>
              </caom2:chunks>
            </caom2:part>
          </caom2:parts>
        </caom2:artifact>
      </caom2:artifacts>
    </caom2:plane>
  </caom2:planes>
</caom2:Observation>
