<caom2:Observation xmlns:caom2="http://www.opencadc.org/caom2/xml/v2.4" xmlns:xsi="http://www.w3.org/2001/XMLSchema-instance" xsi:type="caom2:SimpleObservation" caom2:id="e9c2f12a-a216-45be-8470-100bb9055430" caom2:lastModified="2025-02-15T13:29:16.393" caom2:maxLastModified="2025-02-15T13:29:16.393" caom2:metaChecksum="md5:390dd2f0b6b841a56baea9da6dd70f35" caom2:accMetaChecksum="md5:1d770bfa71c5a879b9a5e1fb3c108029" caom2:metaProducer="cfht2caom2/0.6.3">
  <caom2:collection>CFHT</caom2:collection>
  <caom2:observationID>3106717</caom2:observationID>
  <caom2:metaRelease>2025-01-16T10:15:31.000</caom2:metaRelease>
  <caom2:sequenceNumber>3106717</caom2:sequenceNumber>
  <caom2:algorithm>
    <caom2:name>exposure</caom2:name>
  </caom2:algorithm>
  <caom2:type>OBJECT</caom2:type>
  <caom2:intent>science</caom2:intent>
  <caom2:proposal>
    <caom2:id>24BC27</caom2:id>
    <caom2:pi>James Barron</caom2:pi>
  </caom2:proposal>
  <caom2:target>
    <caom2:name>* alf UMi</caom2:name>
    <caom2:standard>false</caom2:standard>
  </caom2:target>
  <caom2:targetPosition>
    <caom2:coordsys>FK5</caom2:coordsys>
    <caom2:equinox>2000.0</caom2:equinox>
    <caom2:coordinates>
      <caom2:cval1>37.954874999999994</caom2:cval1>
      <caom2:cval2>89.26402777777778</caom2:cval2>
    </caom2:coordinates>
  </caom2:targetPosition>
  <caom2:telescope>
    <caom2:name>CFHT 3.6m</caom2:name>
    <caom2:geoLocationX>-5464301.771353686</caom2:geoLocationX>
    <caom2:geoLocationY>-2493489.8730419013</caom2:geoLocationY>
    <caom2:geoLocationZ>2151085.1695058867</caom2:geoLocationZ>
  </caom2:telescope>
  <caom2:instrument>
    <caom2:name>ESPaDOnS</caom2:name>
    <caom2:keywords>
      <caom2:keyword>R=65,000</caom2:keyword>
      <caom2:keyword>INSTMODE=Polarimetry,</caom2:keyword>
    </caom2:keywords>
  </caom2:instrument>
  <caom2:environment>
    <caom2:humidity>9.47</caom2:humidity>
    <caom2:elevation>20.0059</caom2:elevation>
    <caom2:ambientTemp>1.47</caom2:ambientTemp>
  </caom2:environment>
  <caom2:planes>
    <caom2:plane caom2:id="2bd42146-5850-47a4-9002-1658df6b3036" caom2:lastModified="2025-02-15T11:14:56.871" caom2:maxLastModified="2025-02-15T11:14:56.871" caom2:metaChecksum="md5:568e31c400832c4ca591ef6bb18fecb4" caom2:accMetaChecksum="md5:1e615dcd6bea2ecd31216580cb6141da" caom2:metaProducer="cfht2caom2/0.6.3">
      <caom2:productID>3106717i</caom2:productID>
      <caom2:metaRelease>2025-01-16T10:15:31.000</caom2:metaRelease>
      <caom2:dataRelease>2026-02-28T10:00:00.000</caom2:dataRelease>
      <caom2:dataProductType>spectrum</caom2:dataProductType>
      <caom2:calibrationLevel>2</caom2:calibrationLevel>
      <caom2:provenance>
        <caom2:name>UPENA</caom2:name>
        <caom2:version>1.1 January 2016</caom2:version>
        <caom2:project>STANDARD PIPELINE</caom2:project>
        <caom2:producer>CFHT</caom2:producer>
        <caom2:reference>http://www.cfht.hawaii.edu/Instruments/Upena/</caom2:reference>
        <caom2:lastExecuted>2025-01-16T17:12:07.000</caom2:lastExecuted>
        <caom2:keywords>
          <caom2:keyword>reduction=Intensity</caom2:keyword>
        </caom2:keywords>
        <caom2:inputs>
          <caom2:planeURI>caom:CFHT/3106717/3106717o</caom2:planeURI>
        </caom2:inputs>
      </caom2:provenance>
      <caom2:artifacts>
        <caom2:artifact caom2:id="eb592f68-83bc-41b5-befc-f6ccf4279625" caom2:lastModified="2025-02-15T11:14:56.871" caom2:maxLastModified="2025-02-15T11:14:56.871" caom2:metaChecksum="md5:7b3b731a9bee03996d83b8eb107ecb25" caom2:accMetaChecksum="md5:501476e674dd02e6a1c59cbe2291c3f1" caom2:metaProducer="cfht2caom2/0.6.3">
          <caom2:uri>cadc:CFHT/3106717i.fits</caom2:uri>
          <caom2:productType>science</caom2:productType>
          <caom2:releaseType>data</caom2:releaseType>
          <caom2:contentType>application/fits</caom2:contentType>
          <caom2:contentLength>46980</caom2:contentLength>
          <caom2:contentChecksum>md5:f951b97a8c9646e220795edf2ef6153c</caom2:contentChecksum>
          <caom2:parts>
            <caom2:part caom2:id="8a06b914-e458-430f-a691-6f6e36c44a9d" caom2:lastModified="2025-02-15T11:14:56.871" caom2:maxLastModified="2025-02-15T11:14:56.871" caom2:metaChecksum="md5:84c11d4474fa435f9a97effe6445b4fd" caom2:accMetaChecksum="md5:c365a730be3e12b56577fc772d535843">
              <caom2:name>0</caom2:name>
              <caom2:chunks>
                <caom2:chunk caom2:id="48d36e50-dfcb-4d9f-adf1-32f08d833ac9" caom2:lastModified="2025-02-15T11:14:56.871" caom2:maxLastModified="2025-02-15T11:14:56.871" caom2:metaChecksum="md5:04e50a2809821e905275b8c263fd1e1b" caom2:accMetaChecksum="md5:154b124f9274169c7e949e26d5d175fa" caom2:metaProducer="cfht2caom2/0.6.3">
                  <caom2:position>
                    <caom2:axis>
                      <caom2:axis1>
                        <caom2:ctype>RA---TAN</caom2:ctype>
                        <caom2:cunit>deg</caom2:cunit>
                      </caom2:axis1>
                      <caom2:axis2>
                        <caom2:ctype>DEC--TAN</caom2:ctype>
                        <caom2:cunit>deg</caom2:cunit>
                      </caom2:axis2>
                      <caom2:error1>
                        <caom2:syser>2.78e-05</caom2:syser>
                        <caom2:rnder>2.78e-05</caom2:rnder>
                      </caom2:error1>
                      <caom2:error2>
                        <caom2:syser>2.78e-05</caom2:syser>
                        <caom2:rnder>2.78e-05</caom2:rnder>
                      </caom2:error2>
                      <caom2:function>
                        <caom2:dimension>
                          <caom2:naxis1>1</caom2:naxis1>
                          <caom2:naxis2>1</caom2:naxis2>
                        </caom2:dimension>
                        <caom2:refCoord>
                          <caom2:coord1>
                            <caom2:pix>1.0</caom2:pix>
                            <caom2:val>37.954875</caom2:val>
                          </caom2:coord1>
                          <caom2:coord2>
                            <caom2:pix>1.0</caom2:pix>
                            <caom2:val>89.264028</caom2:val>
                          </caom2:coord2>
                        </caom2:refCoord>
                        <caom2:cd11>-0.000444</caom2:cd11>
                        <caom2:cd12>0.0</caom2:cd12>
                        <caom2:cd21>0.0</caom2:cd21>
                        <caom2:cd22>0.000444</caom2:cd22>
                      </caom2:function>
                    </caom2:axis>
                    <caom2:coordsys>FK5</caom2:coordsys>
                    <caom2:equinox>2000.0</caom2:equinox>
                  </caom2:position>
                  <caom2:time>
                    <caom2:axis>
                      <caom2:axis>
                        <caom2:ctype>TIME</caom2:ctype>
                        <caom2:cunit>d</caom2:cunit>
                      </caom2:axis>
                      <caom2:error>
                        <caom2:syser>1e-07</caom2:syser>
                        <caom2:rnder>1e-07</caom2:rnder>
                      </caom2:error>
                      <caom2:function>
                        <caom2:naxis>1</caom2:naxis>
                        <caom2:delta>0.000127314814814814</caom2:delta>
                        <caom2:refCoord>
                          <caom2:pix>0.5</caom2:pix>
                          <caom2:val>60691.4441796</caom2:val>
                        </caom2:refCoord>
                      </caom2:function>
                    </caom2:axis>
                    <caom2:timesys>UTC</caom2:timesys>
                    <caom2:exposure>11.0</caom2:exposure>
                    <caom2:resolution>11.0</caom2:resolution>
                  </caom2:time>
                </caom2:chunk>
              </caom2:chunks>
            </caom2:part>
          </caom2:parts>
        </caom2:artifact>
      </caom2:artifacts>
    </caom2:plane>
    <caom2:plane caom2:id="b81d2946-e91a-4bb5-a576-96a21c7f7a65" caom2:lastModified="2025-01-16T12:26:40.228" caom2:maxLastModified="2025-01-16T12:26:40.228" caom2:metaChecksum="md5:bdaa187d298c423e65071c90ff8dac6c" caom2:accMetaChecksum="md5:817ff64619e8a4347e82dc09112616b9" caom2:metaProducer="cfht2caom2/0.6.3">
      <caom2:productID>3106717o</caom2:productID>
      <caom2:metaRelease>2025-01-16T10:15:31.000</caom2:metaRelease>
      <caom2:dataRelease>2026-02-28T10:00:00.000</caom2:dataRelease>
      <caom2:dataProductType>spectrum</caom2:dataProductType>
      <caom2:calibrationLevel>1</caom2:calibrationLevel>
      <caom2:provenance>
        <caom2:name>TCS</caom2:name>
        <caom2:producer>CFHT</caom2:producer>
        <caom2:reference>http://www.cfht.hawaii.edu/Instruments/Spectroscopy/Espadons/</caom2:reference>
      </caom2:provenance>
      <caom2:artifacts>
        <caom2:artifact caom2:id="bbda68f5-e96d-43e5-bf9d-db5f5498ee78" caom2:lastModified="2025-01-16T10:42:15.909" caom2:maxLastModified="2025-01-16T12:26:40.228" caom2:metaChecksum="md5:dfdf68a698c7de5d0b4246a47f16aab4" caom2:accMetaChecksum="md5:3009393ccb48bcf029f0c0dd6fd005e9" caom2:metaProducer="cfht2caom2/0.6.3">
          <caom2:uri>cadc:CFHT/3106717o.fits</caom2:uri>
          <caom2:productType>science</caom2:productType>
          <caom2:releaseType>data</caom2:releaseType>
          <caom2:contentType>application/fits</caom2:contentType>
          <caom2:contentLength>34101</caom2:contentLength>
          <caom2:contentChecksum>md5:837decd8dd3dddedd12635067f4d4c58</caom2:contentChecksum>
          <caom2:parts>
            <caom2:part caom2:id="0b38a2df-61ac-4c1e-a81e-37d5a25a6c79" caom2:lastModified="2025-01-16T12:26:40.228" caom2:maxLastModified="2025-01-16T12:26:40.228" caom2:metaChecksum="md5:9887f4872a1ee80890da637697b63ebe" caom2:accMetaChecksum="md5:10626a0b1e2837f75af848dafd6b033b">
              <caom2:name>0</caom2:name>
              <caom2:chunks/>
            </caom2:part>
            <caom2:part caom2:id="85597d0a-4b57-4c57-aaee-0ba88d109534" caom2:lastModified="2025-01-16T12:26:40.228" caom2:maxLastModified="2025-01-16T12:26:40.228" caom2:metaChecksum="md5:237ba80ed5c9281055e5bfad32be45e2" caom2:accMetaChecksum="md5:1003d738e7d127f38f9df06fad93e3c7">
              <caom2:name>1</caom2:name>
              <caom2:chunks>
                <caom2:chunk caom2:id="3bff4c8c-e3b6-4e24-808a-29c5cdd93a86" caom2:lastModified="2025-01-16T12:26:40.228" caom2:maxLastModified="2025-01-16T12:26:40.228" caom2:metaChecksum="md5:ccb11cd7926860faa119ee1509da6752" caom2:accMetaChecksum="md5:55cec56051662da618543dc16123e69a" caom2:metaProducer="cfht2caom2/0.6.3">
                  <caom2:position>
                    <caom2:axis>
                      <caom2:axis1>
                        <caom2:ctype>RA---TAN</caom2:ctype>
                        <caom2:cunit>deg</caom2:cunit>
                      </caom2:axis1>
                      <caom2:axis2>
                        <caom2:ctype>DEC--TAN</caom2:ctype>
                        <caom2:cunit>deg</caom2:cunit>
                      </caom2:axis2>
                      <caom2:error1>
                        <caom2:syser>2.78e-05</caom2:syser>
                        <caom2:rnder>2.78e-05</caom2:rnder>
                      </caom2:error1>
                      <caom2:error2>
                        <caom2:syser>2.78e-05</caom2:syser>
                        <caom2:rnder>2.78e-05</caom2:rnder>
                      </caom2:error2>
                      <caom2:function>
                        <caom2:dimension>
                          <caom2:naxis1>1</caom2:naxis1>
                          <caom2:naxis2>1</caom2:naxis2>
                        </caom2:dimension>
                        <caom2:refCoord>
                          <caom2:coord1>
                            <caom2:pix>1.0</caom2:pix>
                            <caom2:val>37.954875</caom2:val>
                          </caom2:coord1>
                          <caom2:coord2>
                            <caom2:pix>1.0</caom2:pix>
                            <caom2:val>89.264028</caom2:val>
                          </caom2:coord2>
                        </caom2:refCoord>
                        <caom2:cd11>-0.000444</caom2:cd11>
                        <caom2:cd12>0.0</caom2:cd12>
                        <caom2:cd21>0.0</caom2:cd21>
                        <caom2:cd22>0.000444</caom2:cd22>
                      </caom2:function>
                    </caom2:axis>
                    <caom2:coordsys>FK5</caom2:coordsys>
                    <caom2:equinox>2000.0</caom2:equinox>
                  </caom2:position>
                  <caom2:energy>
                    <caom2:axis>
                      <caom2:axis>
                        <caom2:ctype>WAVE</caom2:ctype>
                        <caom2:cunit>nm</caom2:cunit>
                      </caom2:axis>
                      <caom2:range>
                        <caom2:start>
                          <caom2:pix>0.5</caom2:pix>
                          <caom2:val>370.0</caom2:val>
                        </caom2:start>
                        <caom2:end>
                          <caom2:pix>1.5</caom2:pix>
                          <caom2:val>1048.2948087999998</caom2:val>
                        </caom2:end>
                      </caom2:range>
                    </caom2:axis>
                    <caom2:specsys>TOPOCENT</caom2:specsys>
                    <caom2:ssyssrc>TOPOCENT</caom2:ssyssrc>
                    <caom2:resolvingPower>65000.0</caom2:resolvingPower>
                  </caom2:energy>
                  <caom2:time>
                    <caom2:axis>
                      <caom2:axis>
                        <caom2:ctype>TIME</caom2:ctype>
                        <caom2:cunit>d</caom2:cunit>
                      </caom2:axis>
                      <caom2:error>
                        <caom2:syser>1e-07</caom2:syser>
                        <caom2:rnder>1e-07</caom2:rnder>
                      </caom2:error>
                      <caom2:function>
                        <caom2:naxis>1</caom2:naxis>
                        <caom2:delta>0.000127314814814814</caom2:delta>
                        <caom2:refCoord>
                          <caom2:pix>0.5</caom2:pix>
                          <caom2:val>60691.4441796</caom2:val>
                        </caom2:refCoord>
                      </caom2:function>
                    </caom2:axis>
                    <caom2:timesys>UTC</caom2:timesys>
                    <caom2:exposure>11.0</caom2:exposure>
                    <caom2:resolution>11.0</caom2:resolution>
                  </caom2:time>
                </caom2:chunk>
              </caom2:chunks>
            </caom2:part>
          </caom2:parts>
        </caom2:artifact>
      </caom2:artifacts>
    </caom2:plane>
    <caom2:plane caom2:id="e77b86f7-482a-4ba2-bfc3-6921fb2623ea" caom2:lastModified="2025-02-15T13:23:47.440" caom2:maxLastModified="2025-02-15T13:23:47.440" caom2:metaChecksum="md5:9814cc4ea7f6e40bcad63aaed25218a0" caom2:accMetaChecksum="md5:a9c9dbbb3029ba1a6a5620bf6325e272" caom2:metaProducer="cfht2caom2/0.6.3">
      <caom2:productID>3106717p</caom2:productID>
      <caom2:metaRelease>2025-01-16T10:15:31.000</caom2:metaRelease>
      <caom2:dataRelease>2026-02-28T10:00:00.000</caom2:dataRelease>
      <caom2:dataProductType>spectrum</caom2:dataProductType>
      <caom2:calibrationLevel>2</caom2:calibrationLevel>
      <caom2:provenance>
        <caom2:name>UPENA</caom2:name>
        <caom2:version>1.1 January 2016</caom2:version>
        <caom2:project>STANDARD PIPELINE</caom2:project>
        <caom2:producer>CFHT</caom2:producer>
        <caom2:reference>http://www.cfht.hawaii.edu/Instruments/Upena/</caom2:reference>
        <caom2:lastExecuted>2025-01-16T17:18:36.000</caom2:lastExecuted>
        <caom2:keywords>
          <caom2:keyword>reduction=Polar</caom2:keyword>
        </caom2:keywords>
        <caom2:inputs>
          <caom2:planeURI>caom:CFHT/3106717/3106717o</caom2:planeURI>
          <caom2:planeURI>caom:CFHT/3106720/3106720o</caom2:planeURI>
          <caom2:planeURI>caom:CFHT/3106718/3106718o</caom2:planeURI>
          <caom2:planeURI>caom:CFHT/3106719/3106719o</caom2:planeURI>
        </caom2:inputs>
      </caom2:provenance>
      <caom2:artifacts>
        <caom2:artifact caom2:id="13678f1b-da9f-4b94-98dc-e8054b825636" caom2:lastModified="2025-02-15T10:19:35.223" caom2:maxLastModified="2025-02-15T13:23:47.440" caom2:metaChecksum="md5:48491f89be7560b274c12ec63473c8e3" caom2:accMetaChecksum="md5:0a2391f74140d4e898cb37acc41443a1" caom2:metaProducer="cfht2caom2/0.6.3">
          <caom2:uri>cadc:CFHT/3106717p.fits</caom2:uri>
          <caom2:productType>science</caom2:productType>
          <caom2:releaseType>data</caom2:releaseType>
          <caom2:contentType>application/fits</caom2:contentType>
          <caom2:contentLength>67959</caom2:contentLength>
          <caom2:contentChecksum>md5:827429819143a036338f24d36fcb62c7</caom2:contentChecksum>
          <caom2:parts>
            <caom2:part caom2:id="eda65994-debc-415c-9aa1-710250f0b69e" caom2:lastModified="2025-02-15T10:19:35.223" caom2:maxLastModified="2025-02-15T13:23:47.440" caom2:metaChecksum="md5:253e7e09c8bc04c71813def19b115abf" caom2:accMetaChecksum="md5:6ab6c01f728a705dd2f22ba90a094f11">
              <caom2:name>0</caom2:name>
              <caom2:chunks>
                <caom2:chunk caom2:id="1009fc89-eaa5-47af-bdc1-b27c3a4ce1b6" caom2:lastModified="2025-02-15T13:23:47.440" caom2:maxLastModified="2025-02-15T13:23:47.440" caom2:metaChecksum="md5:3105ba2f7b4c0410a65c51fc6d20a20f" caom2:accMetaChecksum="md5:8fff8877856494d885b5fd16ed39b7eb" caom2:metaProducer="cfht2caom2/0.6.3">
                  <caom2:position>
                    <caom2:axis>
                      <caom2:axis1>
                        <caom2:ctype>RA---TAN</caom2:ctype>
                        <caom2:cunit>deg</caom2:cunit>
                      </caom2:axis1>
                      <caom2:axis2>
                        <caom2:ctype>DEC--TAN</caom2:ctype>
                        <caom2:cunit>deg</caom2:cunit>
                      </caom2:axis2>
                      <caom2:error1>
                        <caom2:syser>2.78e-05</caom2:syser>
                        <caom2:rnder>2.78e-05</caom2:rnder>
                      </caom2:error1>
                      <caom2:error2>
                        <caom2:syser>2.78e-05</caom2:syser>
                        <caom2:rnder>2.78e-05</caom2:rnder>
                      </caom2:error2>
                      <caom2:function>
                        <caom2:dimension>
                          <caom2:naxis1>1</caom2:naxis1>
                          <caom2:naxis2>1</caom2:naxis2>
                        </caom2:dimension>
                        <caom2:refCoord>
                          <caom2:coord1>
                            <caom2:pix>1.0</caom2:pix>
                            <caom2:val>37.954875</caom2:val>
                          </caom2:coord1>
                          <caom2:coord2>
                            <caom2:pix>1.0</caom2:pix>
                            <caom2:val>89.264028</caom2:val>
                          </caom2:coord2>
                        </caom2:refCoord>
                        <caom2:cd11>-0.000444</caom2:cd11>
                        <caom2:cd12>0.0</caom2:cd12>
                        <caom2:cd21>0.0</caom2:cd21>
                        <caom2:cd22>0.000444</caom2:cd22>
                      </caom2:function>
                    </caom2:axis>
                    <caom2:coordsys>FK5</caom2:coordsys>
                    <caom2:equinox>2000.0</caom2:equinox>
                  </caom2:position>
                  <caom2:time>
                    <caom2:axis>
                      <caom2:axis>
                        <caom2:ctype>TIME</caom2:ctype>
                        <caom2:cunit>d</caom2:cunit>
                      </caom2:axis>
                      <caom2:error>
                        <caom2:syser>1e-07</caom2:syser>
                        <caom2:rnder>1e-07</caom2:rnder>
                      </caom2:error>
                      <caom2:function>
                        <caom2:naxis>1</caom2:naxis>
                        <caom2:delta>0.000509259259259259</caom2:delta>
                        <caom2:refCoord>
                          <caom2:pix>0.5</caom2:pix>
                          <caom2:val>60691.444</caom2:val>
                        </caom2:refCoord>
                      </caom2:function>
                    </caom2:axis>
                    <caom2:timesys>UTC</caom2:timesys>
                    <caom2:exposure>44.0</caom2:exposure>
                    <caom2:resolution>44.0</caom2:resolution>
                  </caom2:time>
                  <caom2:polarization>
                    <caom2:axis>
                      <caom2:axis>
                        <caom2:ctype>STOKES</caom2:ctype>
                      </caom2:axis>
                      <caom2:function>
                        <caom2:naxis>1</caom2:naxis>
                        <caom2:delta>1.0</caom2:delta>
                        <caom2:refCoord>
                          <caom2:pix>1.0</caom2:pix>
                          <caom2:val>4.0</caom2:val>
                        </caom2:refCoord>
                      </caom2:function>
                    </caom2:axis>
                  </caom2:polarization>
                </caom2:chunk>
              </caom2:chunks>
            </caom2:part>
          </caom2:parts>
        </caom2:artifact>
      </caom2:artifacts>
    </caom2:plane>
  </caom2:planes>
</caom2:Observation>
