<caom2:Observation xmlns:caom2="http://www.opencadc.org/caom2/xml/v2.4" xmlns:xsi="http://www.w3.org/2001/XMLSchema-instance" xsi:type="caom2:SimpleObservation" caom2:id="00000000-0000-0000-13fa-01410109acc1" caom2:lastModified="2017-12-10T02:02:27.617" caom2:maxLastModified="2022-09-15T17:11:11.983" caom2:metaChecksum="md5:ff36d01abbbda7f679ed85ddba9f2910" caom2:accMetaChecksum="md5:faf7dd0298cdf7027ee2d0d234c844d2">
  <caom2:collection>CFHT</caom2:collection>
  <caom2:observationID>1184015</caom2:observationID>
  <caom2:metaRelease>2010-04-13T00:00:00.000</caom2:metaRelease>
  <caom2:sequenceNumber>1184015</caom2:sequenceNumber>
  <caom2:algorithm>
    <caom2:name>exposure</caom2:name>
  </caom2:algorithm>
  <caom2:type>BIAS</caom2:type>
  <caom2:intent>calibration</caom2:intent>
  <caom2:proposal>
    <caom2:id>CFHT</caom2:id>
    <caom2:pi>CFHT</caom2:pi>
  </caom2:proposal>
  <caom2:target>
    <caom2:name>Bias</caom2:name>
    <caom2:standard>false</caom2:standard>
  </caom2:target>
  <caom2:targetPosition>
    <caom2:coordsys>FK5</caom2:coordsys>
    <caom2:equinox>2000.0</caom2:equinox>
    <caom2:coordinates>
      <caom2:cval1>61.72549999999998</caom2:cval1>
      <caom2:cval2>40.79613888888889</caom2:cval2>
    </caom2:coordinates>
  </caom2:targetPosition>
  <caom2:telescope>
    <caom2:name>CFHT 3.6m</caom2:name>
    <caom2:geoLocationX>-5464301.771353686</caom2:geoLocationX>
    <caom2:geoLocationY>-2493489.8730419013</caom2:geoLocationY>
    <caom2:geoLocationZ>2151085.1695058867</caom2:geoLocationZ>
  </caom2:telescope>
  <caom2:instrument>
    <caom2:name>ESPaDOnS</caom2:name>
    <caom2:keywords>
      <caom2:keyword>INSTMODE=Polarimetry,</caom2:keyword>
      <caom2:keyword>R=65,000</caom2:keyword>
    </caom2:keywords>
  </caom2:instrument>
  <caom2:environment>
    <caom2:elevation>35.29</caom2:elevation>
    <caom2:ambientTemp>-9999.9</caom2:ambientTemp>
  </caom2:environment>
  <caom2:planes>
    <caom2:plane caom2:id="00000000-0000-0000-13fa-01410109ae8a" caom2:lastModified="2021-02-23T12:30:35.536" caom2:maxLastModified="2022-09-15T17:11:11.983" caom2:metaChecksum="md5:1290fa485f223b6bb76d75ec8c7cbbd2" caom2:accMetaChecksum="md5:0c2fb9e21a511e2169ba1cf95bce5f5f">
      <caom2:productID>1184015b</caom2:productID>
      <caom2:metaRelease>2010-04-13T00:00:00.000</caom2:metaRelease>
      <caom2:dataRelease>2010-04-13T00:00:00.000</caom2:dataRelease>
      <caom2:dataProductType>spectrum</caom2:dataProductType>
      <caom2:calibrationLevel>1</caom2:calibrationLevel>
      <caom2:provenance>
        <caom2:name>TCS</caom2:name>
        <caom2:producer>CFHT</caom2:producer>
        <caom2:reference>http://www.cfht.hawaii.edu/Instruments/Spectroscopy/Espadons/</caom2:reference>
      </caom2:provenance>
      <caom2:artifacts>
        <caom2:artifact caom2:id="00000000-0000-0000-13fa-01410109ae92" caom2:lastModified="2022-09-15T17:11:11.983" caom2:maxLastModified="2022-09-15T17:11:11.983" caom2:metaChecksum="md5:83e29e2607b944c8af6c7f11699cdb68" caom2:accMetaChecksum="md5:bae54dc3ebfd6489da164ef22ff61d62">
          <caom2:uri>cadc:CFHT/1184015b.fits</caom2:uri>
          <caom2:productType>calibration</caom2:productType>
          <caom2:releaseType>data</caom2:releaseType>
          <caom2:contentType>application/fits</caom2:contentType>
          <caom2:contentChecksum>md5:401c9f3dc4b3f3661bab00cee47a6c35</caom2:contentChecksum>
          <caom2:parts>
            <caom2:part caom2:id="8cc4334d-4d84-4bea-a0d3-7872c983296a">
              <caom2:name>0</caom2:name>
              <caom2:chunks/>
            </caom2:part>
            <caom2:part caom2:id="c4f084df-8f38-4fa4-b83b-6e8815007649">
              <caom2:name>1</caom2:name>
              <caom2:chunks>
                <caom2:chunk caom2:id="561f58a7-70f3-47fb-968b-ed6d9d3c31db" caom2:metaProducer="cfht2caom2/0.7.1">
                  <caom2:time>
                    <caom2:axis>
                      <caom2:axis>
                        <caom2:ctype>TIME</caom2:ctype>
                        <caom2:cunit>d</caom2:cunit>
                      </caom2:axis>
                      <caom2:error>
                        <caom2:syser>1e-07</caom2:syser>
                        <caom2:rnder>1e-07</caom2:rnder>
                      </caom2:error>
                      <caom2:function>
                        <caom2:naxis>1</caom2:naxis>
                        <caom2:delta>0.0</caom2:delta>
                        <caom2:refCoord>
                          <caom2:pix>0.5</caom2:pix>
                          <caom2:val>55299.8757165</caom2:val>
                        </caom2:refCoord>
                      </caom2:function>
                    </caom2:axis>
                    <caom2:timesys>UTC</caom2:timesys>
                    <caom2:exposure>0.0</caom2:exposure>
                    <caom2:resolution>0.0</caom2:resolution>
                  </caom2:time>
                </caom2:chunk>
              </caom2:chunks>
            </caom2:part>
          </caom2:parts>
        </caom2:artifact>
      </caom2:artifacts>
    </caom2:plane>
  </caom2:planes>
</caom2:Observation>
