<?xml version='1.0' encoding='UTF-8'?>
<caom2:Observation xmlns:caom2="http://www.opencadc.org/caom2/xml/v2.4" xmlns:xsi="http://www.w3.org/2001/XMLSchema-instance" xsi:type="caom2:SimpleObservation" caom2:id="908efdca-e96f-4474-837f-4b40e93e2420" caom2:metaProducer="cfht2caom2/0.7.2">
  <caom2:collection>CFHT</caom2:collection>
  <caom2:observationID>1752961</caom2:observationID>
  <caom2:metaRelease>2014-10-30T00:00:00.000</caom2:metaRelease>
  <caom2:sequenceNumber>1752961</caom2:sequenceNumber>
  <caom2:algorithm>
    <caom2:name>exposure</caom2:name>
  </caom2:algorithm>
  <caom2:type>FLAT</caom2:type>
  <caom2:intent>calibration</caom2:intent>
  <caom2:proposal>
    <caom2:id>CFHT</caom2:id>
    <caom2:pi>CFHT</caom2:pi>
  </caom2:proposal>
  <caom2:target>
    <caom2:name>Polarized Flat Q</caom2:name>
    <caom2:standard>false</caom2:standard>
  </caom2:target>
  <caom2:telescope>
    <caom2:name>CFHT 3.6m</caom2:name>
    <caom2:geoLocationX>-5464301.771353686</caom2:geoLocationX>
    <caom2:geoLocationY>-2493489.8730419013</caom2:geoLocationY>
    <caom2:geoLocationZ>2151085.1695058867</caom2:geoLocationZ>
  </caom2:telescope>
  <caom2:instrument>
    <caom2:name>ESPaDOnS</caom2:name>
    <caom2:keywords>
      <caom2:keyword>INSTMODE=Polarimetry,</caom2:keyword>
      <caom2:keyword>R=65,000</caom2:keyword>
    </caom2:keywords>
  </caom2:instrument>
  <caom2:environment>
    <caom2:humidity>9.81</caom2:humidity>
    <caom2:ambientTemp>5.63</caom2:ambientTemp>
  </caom2:environment>
  <caom2:planes>
    <caom2:plane caom2:id="4becbb66-ac7f-4832-b75d-0d23b4cff13e" caom2:metaProducer="cfht2caom2/0.7.2">
      <caom2:productID>1752961o</caom2:productID>
      <caom2:metaRelease>2014-10-30T00:00:00.000</caom2:metaRelease>
      <caom2:dataRelease>2014-10-30T00:00:00.000</caom2:dataRelease>
      <caom2:dataProductType>spectrum</caom2:dataProductType>
      <caom2:calibrationLevel>1</caom2:calibrationLevel>
      <caom2:provenance>
        <caom2:name>TCS</caom2:name>
        <caom2:producer>CFHT</caom2:producer>
        <caom2:reference>http://www.cfht.hawaii.edu/Instruments/Spectroscopy/Espadons/</caom2:reference>
      </caom2:provenance>
      <caom2:artifacts>
        <caom2:artifact caom2:id="97650d3c-f775-41fc-b554-152c6654ce10" caom2:metaProducer="cfht2caom2/0.7.2">
          <caom2:uri>cadc:CFHT/1752961o.fits</caom2:uri>
          <caom2:productType>calibration</caom2:productType>
          <caom2:releaseType>data</caom2:releaseType>
          <caom2:contentType>application/fits</caom2:contentType>
          <caom2:contentChecksum>md5:1dc5c12c389dc79bd56d82e196cc1564</caom2:contentChecksum>
          <caom2:parts>
            <caom2:part caom2:id="cd169fe4-b603-4345-bb66-145ff3a19cfd">
              <caom2:name>0</caom2:name>
              <caom2:chunks/>
            </caom2:part>
            <caom2:part caom2:id="a91919b4-7192-4046-aa3f-b63d298a3e85">
              <caom2:name>1</caom2:name>
              <caom2:chunks>
                <caom2:chunk caom2:id="627bba7a-30d1-4b67-9a9b-824e610b3b3c" caom2:metaProducer="cfht2caom2/0.7.2">
                  <caom2:energy>
                    <caom2:axis>
                      <caom2:axis>
                        <caom2:ctype>WAVE</caom2:ctype>
                        <caom2:cunit>nm</caom2:cunit>
                      </caom2:axis>
                      <caom2:range>
                        <caom2:start>
                          <caom2:pix>0.5</caom2:pix>
                          <caom2:val>370.0</caom2:val>
                        </caom2:start>
                        <caom2:end>
                          <caom2:pix>1.5</caom2:pix>
                          <caom2:val>1048.2948087999998</caom2:val>
                        </caom2:end>
                      </caom2:range>
                    </caom2:axis>
                    <caom2:specsys>TOPOCENT</caom2:specsys>
                    <caom2:ssyssrc>TOPOCENT</caom2:ssyssrc>
                    <caom2:resolvingPower>65000.0</caom2:resolvingPower>
                  </caom2:energy>
                  <caom2:time>
                    <caom2:axis>
                      <caom2:axis>
                        <caom2:ctype>TIME</caom2:ctype>
                        <caom2:cunit>d</caom2:cunit>
                      </caom2:axis>
                      <caom2:error>
                        <caom2:syser>1e-07</caom2:syser>
                        <caom2:rnder>1e-07</caom2:rnder>
                      </caom2:error>
                      <caom2:function>
                        <caom2:naxis>1</caom2:naxis>
                        <caom2:delta>1.38888888888888e-05</caom2:delta>
                        <caom2:refCoord>
                          <caom2:pix>0.5</caom2:pix>
                          <caom2:val>56960.8998264</caom2:val>
                        </caom2:refCoord>
                      </caom2:function>
                    </caom2:axis>
                    <caom2:timesys>UTC</caom2:timesys>
                    <caom2:exposure>1.2</caom2:exposure>
                    <caom2:resolution>1.2</caom2:resolution>
                  </caom2:time>
                </caom2:chunk>
              </caom2:chunks>
            </caom2:part>
          </caom2:parts>
        </caom2:artifact>
      </caom2:artifacts>
    </caom2:plane>
  </caom2:planes>
</caom2:Observation>
