<caom2:Observation xmlns:caom2="http://www.opencadc.org/caom2/xml/v2.4" xmlns:xsi="http://www.w3.org/2001/XMLSchema-instance" xsi:type="caom2:SimpleObservation" caom2:id="cb8ed178-da75-49d4-a5b7-6e2bd41d041a" caom2:lastModified="2024-03-15T01:16:44.960" caom2:maxLastModified="2024-03-15T01:16:44.960" caom2:metaChecksum="md5:81d771e460560212999215762ff4b2ef" caom2:accMetaChecksum="md5:4c0c353ebf9527dfe7cff0c8ef3e35d6" caom2:metaProducer="cfht2caom2/0.6.1">
  <caom2:collection>CFHT</caom2:collection>
  <caom2:observationID>2709307</caom2:observationID>
  <caom2:metaRelease>2022-02-22T06:14:51.000</caom2:metaRelease>
  <caom2:sequenceNumber>2709307</caom2:sequenceNumber>
  <caom2:algorithm>
    <caom2:name>exposure</caom2:name>
  </caom2:algorithm>
  <caom2:type>OBJECT</caom2:type>
  <caom2:intent>science</caom2:intent>
  <caom2:proposal>
    <caom2:id>22AC03</caom2:id>
    <caom2:pi>Victor Khalack</caom2:pi>
  </caom2:proposal>
  <caom2:target>
    <caom2:name>HD 50984</caom2:name>
    <caom2:standard>false</caom2:standard>
  </caom2:target>
  <caom2:targetPosition>
    <caom2:coordsys>FK5</caom2:coordsys>
    <caom2:equinox>2000.0</caom2:equinox>
    <caom2:coordinates>
      <caom2:cval1>103.75916666666666</caom2:cval1>
      <caom2:cval2>-11.77052777777778</caom2:cval2>
    </caom2:coordinates>
  </caom2:targetPosition>
  <caom2:telescope>
    <caom2:name>CFHT 3.6m</caom2:name>
    <caom2:geoLocationX>-5464301.771353686</caom2:geoLocationX>
    <caom2:geoLocationY>-2493489.8730419013</caom2:geoLocationY>
    <caom2:geoLocationZ>2151085.1695058867</caom2:geoLocationZ>
  </caom2:telescope>
  <caom2:instrument>
    <caom2:name>ESPaDOnS</caom2:name>
    <caom2:keywords>
      <caom2:keyword>R=65,000</caom2:keyword>
      <caom2:keyword>INSTMODE=Polarimetry,</caom2:keyword>
    </caom2:keywords>
  </caom2:instrument>
  <caom2:environment>
    <caom2:humidity>19.54</caom2:humidity>
    <caom2:elevation>57.593</caom2:elevation>
    <caom2:ambientTemp>0.04</caom2:ambientTemp>
  </caom2:environment>
  <caom2:planes>
    <caom2:plane caom2:id="6f530e14-7d6c-45da-8b84-b2d0329e1213" caom2:lastModified="2024-03-15T01:16:44.960" caom2:maxLastModified="2024-03-15T01:16:44.960" caom2:metaChecksum="md5:3667386557a03a57ada23255cddfe435" caom2:accMetaChecksum="md5:50b24db2088e7f778bceeb7e7de4f403" caom2:metaProducer="cfht2caom2/0.6.1">
      <caom2:productID>2709307o</caom2:productID>
      <caom2:metaRelease>2022-02-22T06:14:51.000</caom2:metaRelease>
      <caom2:dataRelease>2022-11-30T10:00:00.000</caom2:dataRelease>
      <caom2:dataProductType>spectrum</caom2:dataProductType>
      <caom2:calibrationLevel>1</caom2:calibrationLevel>
      <caom2:provenance>
        <caom2:name>TCS</caom2:name>
        <caom2:producer>CFHT</caom2:producer>
        <caom2:reference>http://www.cfht.hawaii.edu/Instruments/Spectroscopy/Espadons/</caom2:reference>
      </caom2:provenance>
      <caom2:artifacts>
        <caom2:artifact caom2:id="6cb0a236-8102-4849-b4af-99aa7596bddb" caom2:lastModified="2024-03-15T01:16:44.960" caom2:maxLastModified="2024-03-15T01:16:44.960" caom2:metaChecksum="md5:8aa128ab507d4d0662988151587dcc4d" caom2:accMetaChecksum="md5:d539af9ebe8d7af97c3f96f80985f8b9" caom2:metaProducer="cfht2caom2/0.6.1">
          <caom2:uri>cadc:CFHT/2709307o.fits</caom2:uri>
          <caom2:productType>science</caom2:productType>
          <caom2:releaseType>data</caom2:releaseType>
          <caom2:contentType>application/fits</caom2:contentType>
          <caom2:contentChecksum>md5:58ddb8fa0bb0a7adeeddb78dd4665d2f</caom2:contentChecksum>
          <caom2:parts>
            <caom2:part caom2:id="f1c0d3c1-0c97-43ae-8f1d-5690c43da3c0" caom2:lastModified="2024-03-15T01:16:44.960" caom2:maxLastModified="2024-03-15T01:16:44.960" caom2:metaChecksum="md5:0722a7b2250816bb09dc15c9eabb4dbc" caom2:accMetaChecksum="md5:afa4d869d4a719b802ae23215f701302">
              <caom2:name>0</caom2:name>
              <caom2:chunks/>
            </caom2:part>
            <caom2:part caom2:id="4635d4c0-276d-4e8d-b282-f2a2ff7b2d65" caom2:lastModified="2024-03-15T01:16:44.960" caom2:maxLastModified="2024-03-15T01:16:44.960" caom2:metaChecksum="md5:50e0caa9f1e57629b486c271235502c5" caom2:accMetaChecksum="md5:c629a2cd626f52ded782ff6fd63f4d28">
              <caom2:name>1</caom2:name>
              <caom2:chunks>
                <caom2:chunk caom2:id="fe3aa0ed-c53c-4823-8b40-bdac28ae926b" caom2:lastModified="2024-03-15T01:16:44.960" caom2:maxLastModified="2024-03-15T01:16:44.960" caom2:metaChecksum="md5:2d33a09d0f8329d64a6f318b2c2a73d7" caom2:accMetaChecksum="md5:7ff96d5d102004e1b668e571eb65ad4f" caom2:metaProducer="cfht2caom2/0.6.1">
                  <caom2:position>
                    <caom2:axis>
                      <caom2:axis1>
                        <caom2:ctype>RA---TAN</caom2:ctype>
                        <caom2:cunit>deg</caom2:cunit>
                      </caom2:axis1>
                      <caom2:axis2>
                        <caom2:ctype>DEC--TAN</caom2:ctype>
                        <caom2:cunit>deg</caom2:cunit>
                      </caom2:axis2>
                      <caom2:error1>
                        <caom2:syser>2.78e-05</caom2:syser>
                        <caom2:rnder>2.78e-05</caom2:rnder>
                      </caom2:error1>
                      <caom2:error2>
                        <caom2:syser>2.78e-05</caom2:syser>
                        <caom2:rnder>2.78e-05</caom2:rnder>
                      </caom2:error2>
                      <caom2:function>
                        <caom2:dimension>
                          <caom2:naxis1>2088</caom2:naxis1>
                          <caom2:naxis2>4608</caom2:naxis2>
                        </caom2:dimension>
                        <caom2:refCoord>
                          <caom2:coord1>
                            <caom2:pix>1.0</caom2:pix>
                            <caom2:val>103.759167</caom2:val>
                          </caom2:coord1>
                          <caom2:coord2>
                            <caom2:pix>1.0</caom2:pix>
                            <caom2:val>-11.770528</caom2:val>
                          </caom2:coord2>
                        </caom2:refCoord>
                        <caom2:cd11>-0.000444</caom2:cd11>
                        <caom2:cd12>0.0</caom2:cd12>
                        <caom2:cd21>0.0</caom2:cd21>
                        <caom2:cd22>0.000444</caom2:cd22>
                      </caom2:function>
                    </caom2:axis>
                    <caom2:coordsys>FK5</caom2:coordsys>
                    <caom2:equinox>2000.0</caom2:equinox>
                  </caom2:position>
                  <caom2:energy>
                    <caom2:axis>
                      <caom2:axis>
                        <caom2:ctype>WAVE</caom2:ctype>
                        <caom2:cunit>nm</caom2:cunit>
                      </caom2:axis>
                      <caom2:range>
                        <caom2:start>
                          <caom2:pix>0.5</caom2:pix>
                          <caom2:val>370.0</caom2:val>
                        </caom2:start>
                        <caom2:end>
                          <caom2:pix>1.5</caom2:pix>
                          <caom2:val>1048.2948087999998</caom2:val>
                        </caom2:end>
                      </caom2:range>
                    </caom2:axis>
                    <caom2:specsys>TOPOCENT</caom2:specsys>
                    <caom2:ssyssrc>TOPOCENT</caom2:ssyssrc>
                    <caom2:resolvingPower>65000.0</caom2:resolvingPower>
                  </caom2:energy>
                  <caom2:time>
                    <caom2:axis>
                      <caom2:axis>
                        <caom2:ctype>TIME</caom2:ctype>
                        <caom2:cunit>d</caom2:cunit>
                      </caom2:axis>
                      <caom2:error>
                        <caom2:syser>1e-07</caom2:syser>
                        <caom2:rnder>1e-07</caom2:rnder>
                      </caom2:error>
                      <caom2:function>
                        <caom2:naxis>1</caom2:naxis>
                        <caom2:delta>0.005324074074074074</caom2:delta>
                        <caom2:refCoord>
                          <caom2:pix>0.5</caom2:pix>
                          <caom2:val>59632.2783174</caom2:val>
                        </caom2:refCoord>
                      </caom2:function>
                    </caom2:axis>
                    <caom2:timesys>UTC</caom2:timesys>
                    <caom2:exposure>460.0</caom2:exposure>
                    <caom2:resolution>460.0</caom2:resolution>
                  </caom2:time>
                </caom2:chunk>
              </caom2:chunks>
            </caom2:part>
          </caom2:parts>
        </caom2:artifact>
      </caom2:artifacts>
    </caom2:plane>
  </caom2:planes>
</caom2:Observation>
