<?xml version='1.0' encoding='UTF-8'?>
<caom2:Observation xmlns:caom2="http://www.opencadc.org/caom2/xml/v2.4" xmlns:xsi="http://www.w3.org/2001/XMLSchema-instance" xsi:type="caom2:SimpleObservation" caom2:id="14117f51-4daa-41be-a30e-830ecbbaf03e" caom2:metaProducer="cfht2caom2/0.7.2">
  <caom2:collection>CFHT</caom2:collection>
  <caom2:observationID>79539</caom2:observationID>
  <caom2:metaRelease>1990-06-14T00:00:44.000</caom2:metaRelease>
  <caom2:algorithm>
    <caom2:name>exposure</caom2:name>
  </caom2:algorithm>
  <caom2:planes>
    <caom2:plane caom2:id="6e977ebd-7ac3-40a5-82b1-efcc80e85617" caom2:metaProducer="cfht2caom2/0.7.2">
      <caom2:productID>79539o</caom2:productID>
      <caom2:metaRelease>1990-06-14T00:00:44.000</caom2:metaRelease>
      <caom2:dataRelease>2019-02-28T00:00:00.000</caom2:dataRelease>
      <caom2:dataProductType>image</caom2:dataProductType>
      <caom2:calibrationLevel>1</caom2:calibrationLevel>
      <caom2:artifacts>
        <caom2:artifact caom2:id="e86f2ef5-9eeb-4413-aa5d-8c70f2abca8c" caom2:metaProducer="cfht2caom2/0.7.2">
          <caom2:uri>cadc:CFHT/79539o.fits</caom2:uri>
          <caom2:productType>calibration</caom2:productType>
          <caom2:releaseType>data</caom2:releaseType>
          <caom2:contentType>application/fits</caom2:contentType>
          <caom2:contentChecksum>md5:88c071a9bf647543e1d5279e93c75d9e</caom2:contentChecksum>
          <caom2:parts/>
        </caom2:artifact>
      </caom2:artifacts>
    </caom2:plane>
  </caom2:planes>
</caom2:Observation>
