<caom2:Observation xmlns:caom2="http://www.opencadc.org/caom2/xml/v2.4" xmlns:xsi="http://www.w3.org/2001/XMLSchema-instance" xsi:type="caom2:SimpleObservation" caom2:id="00000000-0000-0000-3fec-0167428a90ff" caom2:lastModified="2022-06-21T20:13:27.711" caom2:maxLastModified="2022-06-22T17:45:11.025" caom2:metaChecksum="md5:ff2c201f5fbe7ccd43aee2653d9211d5" caom2:accMetaChecksum="md5:9aebde7b513470c9f2ec8ce2cf70d906" caom2:metaProducer="cfht2caom2/0.3.7">
  <caom2:collection>CFHT</caom2:collection>
  <caom2:observationID>2270550</caom2:observationID>
  <caom2:metaRelease>2018-05-08T00:00:00.000</caom2:metaRelease>
  <caom2:sequenceNumber>2270550</caom2:sequenceNumber>
  <caom2:algorithm>
    <caom2:name>exposure</caom2:name>
  </caom2:algorithm>
  <caom2:type>COMPARISON</caom2:type>
  <caom2:intent>calibration</caom2:intent>
  <caom2:proposal>
    <caom2:id>18AQ65</caom2:id>
    <caom2:pi>QSO Team</caom2:pi>
  </caom2:proposal>
  <caom2:target>
    <caom2:name>Bogus</caom2:name>
    <caom2:standard>false</caom2:standard>
  </caom2:target>
  <caom2:telescope>
    <caom2:name>CFHT 3.6m</caom2:name>
    <caom2:geoLocationX>-5464301.771353686</caom2:geoLocationX>
    <caom2:geoLocationY>-2493489.8730419013</caom2:geoLocationY>
    <caom2:geoLocationZ>2151085.1695058867</caom2:geoLocationZ>
  </caom2:telescope>
  <caom2:instrument>
    <caom2:name>SITELLE</caom2:name>
    <caom2:keywords>
      <caom2:keyword>Unknown</caom2:keyword>
    </caom2:keywords>
  </caom2:instrument>
  <caom2:planes>
    <caom2:plane caom2:id="00000000-0000-0000-3fec-0167428a9a0f" caom2:lastModified="2022-06-21T20:13:27.711" caom2:maxLastModified="2022-06-22T17:45:11.025" caom2:metaChecksum="md5:7f0bda806df0f623bee6dde176721263" caom2:accMetaChecksum="md5:5de752010b6be60736387feb73f7c1da" caom2:metaProducer="cfht2caom2/0.3.7">
      <caom2:productID>2270550c</caom2:productID>
      <caom2:metaRelease>2018-05-08T00:00:00.000</caom2:metaRelease>
      <caom2:dataRelease>2018-05-08T00:00:00.000</caom2:dataRelease>
      <caom2:dataProductType>image</caom2:dataProductType>
      <caom2:calibrationLevel>1</caom2:calibrationLevel>
      <caom2:provenance>
        <caom2:name>ORBS</caom2:name>
        <caom2:project>STANDARD PIPELINE</caom2:project>
        <caom2:producer>CFHT</caom2:producer>
        <caom2:reference>http://ascl.net/1409.007</caom2:reference>
        <caom2:lastExecuted>2018-05-09T01:14:30.000</caom2:lastExecuted>
      </caom2:provenance>
      <caom2:artifacts>
        <caom2:artifact caom2:id="ee5b5771-b4a7-46c3-bb40-ce52f6359fc5" caom2:lastModified="2022-06-22T17:45:11.025" caom2:maxLastModified="2022-06-22T17:45:11.025" caom2:metaChecksum="md5:69fc0345359449e7dcfe223b5373d517" caom2:accMetaChecksum="md5:6a1df8a3c7fd3356c280aceaa1459f69" caom2:metaProducer="cfht2caom2/0.3.7">
          <caom2:uri>cadc:CFHT/2270550c.fits</caom2:uri>
          <caom2:productType>calibration</caom2:productType>
          <caom2:releaseType>data</caom2:releaseType>
          <caom2:contentType>application/fits</caom2:contentType>
          <caom2:contentChecksum>md5:43642fab5877a7facc6917747e6069c7</caom2:contentChecksum>
          <caom2:parts>
            <caom2:part caom2:id="251eb546-b9b8-4512-851f-12103226e32c" caom2:lastModified="2022-06-22T17:45:11.025" caom2:maxLastModified="2022-06-22T17:45:11.025" caom2:metaChecksum="md5:4d277f385fd1eac15e5414f8ba4cf610" caom2:accMetaChecksum="md5:14f0ed1e1164fe1b57452001dd0123e2">
              <caom2:name>0</caom2:name>
              <caom2:chunks>
                <caom2:chunk caom2:id="76099310-e69b-4841-81ce-80d0e672e3a6" caom2:lastModified="2022-06-22T17:45:11.025" caom2:maxLastModified="2022-06-22T17:45:11.025" caom2:metaChecksum="md5:c2cf2defbcee7662250a269aed546f79" caom2:accMetaChecksum="md5:b3c0724d09745029bc9702db6ab4c019" caom2:metaProducer="cfht2caom2/0.3.7">
                  <caom2:time>
                    <caom2:axis>
                      <caom2:axis>
                        <caom2:ctype>TIME</caom2:ctype>
                        <caom2:cunit>d</caom2:cunit>
                      </caom2:axis>
                      <caom2:error>
                        <caom2:syser>1e-07</caom2:syser>
                        <caom2:rnder>1e-07</caom2:rnder>
                      </caom2:error>
                      <caom2:function>
                        <caom2:naxis>1</caom2:naxis>
                        <caom2:delta>2.31481481481481e-05</caom2:delta>
                        <caom2:refCoord>
                          <caom2:pix>0.5</caom2:pix>
                          <caom2:val>58247.05171807871</caom2:val>
                        </caom2:refCoord>
                      </caom2:function>
                    </caom2:axis>
                    <caom2:timesys>UTC</caom2:timesys>
                    <caom2:exposure>2.0</caom2:exposure>
                    <caom2:resolution>2.0</caom2:resolution>
                  </caom2:time>
                </caom2:chunk>
              </caom2:chunks>
            </caom2:part>
          </caom2:parts>
        </caom2:artifact>
      </caom2:artifacts>
    </caom2:plane>
  </caom2:planes>
</caom2:Observation>
