<?xml version='1.0' encoding='UTF-8'?>
<caom2:Observation xmlns:caom2="http://www.opencadc.org/caom2/xml/v2.4" xmlns:xsi="http://www.w3.org/2001/XMLSchema-instance" xsi:type="caom2:SimpleObservation" caom2:id="00000000-0000-0000-5bd2-01407e98aef0" caom2:lastModified="2017-11-16T02:03:39.910" caom2:maxLastModified="2017-11-16T02:03:39.910" caom2:metaChecksum="md5:ab4280b77a6efee880ffe02b7d8f73e1" caom2:accMetaChecksum="md5:8bbe227a842aff11419b3e09c137792c" caom2:metaProducer="cfht2caom2/0.2">
  <caom2:collection>CFHT</caom2:collection>
  <caom2:observationID>1219059</caom2:observationID>
  <caom2:metaRelease>2010-07-31T00:00:00.000</caom2:metaRelease>
  <caom2:sequenceNumber>1219059</caom2:sequenceNumber>
  <caom2:algorithm>
    <caom2:name>exposure</caom2:name>
  </caom2:algorithm>
  <caom2:type>FLAT</caom2:type>
  <caom2:intent>calibration</caom2:intent>
  <caom2:proposal>
    <caom2:id>10AQ79</caom2:id>
    <caom2:pi>QSO Team</caom2:pi>
  </caom2:proposal>
  <caom2:target>
    <caom2:name>Nowhere</caom2:name>
    <caom2:standard>false</caom2:standard>
  </caom2:target>
  <caom2:targetPosition>
    <caom2:coordsys>FK5</caom2:coordsys>
    <caom2:equinox>2000.0</caom2:equinox>
    <caom2:coordinates>
      <caom2:cval1>334.27708333333334</caom2:cval1>
      <caom2:cval2>-5.387083333333334</caom2:cval2>
    </caom2:coordinates>
  </caom2:targetPosition>
  <caom2:telescope>
    <caom2:name>CFHT 3.6m</caom2:name>
    <caom2:geoLocationX>-5464301.771353686</caom2:geoLocationX>
    <caom2:geoLocationY>-2493489.8730419003</caom2:geoLocationY>
    <caom2:geoLocationZ>2151085.1695058867</caom2:geoLocationZ>
  </caom2:telescope>
  <caom2:instrument>
    <caom2:name>ESPaDOnS</caom2:name>
    <caom2:keywords>
      <caom2:keyword>star+sky,</caom2:keyword>
      <caom2:keyword>INSTMODE=Spectroscopy,</caom2:keyword>
      <caom2:keyword>R=65,000</caom2:keyword>
    </caom2:keywords>
  </caom2:instrument>
  <caom2:environment>
    <caom2:humidity>7.12</caom2:humidity>
    <caom2:elevation>89.8145</caom2:elevation>
    <caom2:ambientTemp>10.42</caom2:ambientTemp>
  </caom2:environment>
  <caom2:planes>
    <caom2:plane caom2:id="00000000-0000-0000-5bd2-01407e98b12e" caom2:lastModified="2013-08-14T20:51:12.243" caom2:maxLastModified="2017-11-16T02:03:39.910" caom2:metaChecksum="md5:3a5cd2408b930a4a4608b0c3b4aced26" caom2:accMetaChecksum="md5:095c4f4b0c56b235d91060e51aaf1ec9" caom2:metaProducer="cfht2caom2/0.2">
      <caom2:productID>1219059f</caom2:productID>
      <caom2:metaRelease>2010-07-31T00:00:00.000</caom2:metaRelease>
      <caom2:dataRelease>2011-08-31T00:00:00.000</caom2:dataRelease>
      <caom2:dataProductType>spectrum</caom2:dataProductType>
      <caom2:calibrationLevel>1</caom2:calibrationLevel>
      <caom2:provenance>
        <caom2:name>TCS</caom2:name>
        <caom2:producer>CFHT</caom2:producer>
        <caom2:reference>http://www.cfht.hawaii.edu/Instruments/Spectroscopy/Espadons/</caom2:reference>
      </caom2:provenance>
      <caom2:artifacts>
        <caom2:artifact caom2:id="00000000-0000-0000-5bd2-01407e98b134" caom2:lastModified="2017-11-16T02:03:39.910" caom2:maxLastModified="2017-11-16T02:03:39.910" caom2:metaChecksum="md5:16a4d653326ddc925ca1b5cb744ea18f" caom2:accMetaChecksum="md5:cbee8daa7bd1bc810d285eb612d568d5" caom2:metaProducer="cfht2caom2/0.2">
          <caom2:uri>ad:CFHT/1219059f.fits.gz</caom2:uri>
          <caom2:productType>calibration</caom2:productType>
          <caom2:releaseType>data</caom2:releaseType>
          <caom2:contentType>application/fits</caom2:contentType>
          <caom2:contentChecksum>md5:5d5affce8fc7cfd74ef0ce55c9bac35b</caom2:contentChecksum>
          <caom2:parts>
            <caom2:part caom2:id="00000000-0000-0000-5bd2-01407e98b136" caom2:lastModified="2013-08-14T20:51:12.243" caom2:maxLastModified="2013-08-14T20:51:12.243" caom2:metaChecksum="md5:8a9fd120c0f224eb33917d6d58fe8311" caom2:accMetaChecksum="md5:6b2a72881b5d02c24dafb43c5820713a">
              <caom2:name>0</caom2:name>
              <caom2:chunks>
                <caom2:chunk caom2:id="00000000-0000-0000-5bd2-01407e98b137" caom2:lastModified="2013-08-14T20:51:12.243" caom2:maxLastModified="2013-08-14T20:51:12.243" caom2:metaChecksum="md5:7b8c35634ef4ac4eeb6f625626f89b54" caom2:accMetaChecksum="md5:c2c9b9d25a43a6ac6db7ca0a09dc6367" caom2:metaProducer="cfht2caom2/0.2">
                  <caom2:energy>
                    <caom2:axis>
                      <caom2:axis>
                        <caom2:ctype>WAVE</caom2:ctype>
                        <caom2:cunit>nm</caom2:cunit>
                      </caom2:axis>
                      <caom2:range>
                        <caom2:start>
                          <caom2:pix>0.5</caom2:pix>
                          <caom2:val>370.0</caom2:val>
                        </caom2:start>
                        <caom2:end>
                          <caom2:pix>1.5</caom2:pix>
                          <caom2:val>1048.2948088</caom2:val>
                        </caom2:end>
                      </caom2:range>
                    </caom2:axis>
                    <caom2:specsys>TOPOCENT</caom2:specsys>
                    <caom2:ssyssrc>TOPOCENT</caom2:ssyssrc>
                    <caom2:resolvingPower>65000.0</caom2:resolvingPower>
                  </caom2:energy>
                  <caom2:time>
                    <caom2:axis>
                      <caom2:axis>
                        <caom2:ctype>TIME</caom2:ctype>
                        <caom2:cunit>d</caom2:cunit>
                      </caom2:axis>
                      <caom2:error>
                        <caom2:syser>1e-07</caom2:syser>
                        <caom2:rnder>1e-07</caom2:rnder>
                      </caom2:error>
                      <caom2:function>
                        <caom2:naxis>1</caom2:naxis>
                        <caom2:delta>1.15740740741e-05</caom2:delta>
                        <caom2:refCoord>
                          <caom2:pix>0.5</caom2:pix>
                          <caom2:val>55408.9170842</caom2:val>
                        </caom2:refCoord>
                      </caom2:function>
                    </caom2:axis>
                    <caom2:timesys>UTC</caom2:timesys>
                    <caom2:exposure>1.0</caom2:exposure>
                    <caom2:resolution>1.0</caom2:resolution>
                  </caom2:time>
                </caom2:chunk>
              </caom2:chunks>
            </caom2:part>
          </caom2:parts>
        </caom2:artifact>
      </caom2:artifacts>
    </caom2:plane>
  </caom2:planes>
</caom2:Observation>
