<?xml version='1.0' encoding='UTF-8'?>
<caom2:Observation xmlns:caom2="http://www.opencadc.org/caom2/xml/v2.4" xmlns:xsi="http://www.w3.org/2001/XMLSchema-instance" xsi:type="caom2:SimpleObservation" caom2:id="00000000-0000-0000-98fc-014ad6482f41" caom2:lastModified="2017-04-28T21:47:46.157" caom2:maxLastModified="2017-11-13T11:11:35.267" caom2:metaChecksum="md5:ac91f45ad6fb44d82206da1bf8983925" caom2:accMetaChecksum="md5:a04c79102923bbe60fd41e93b733bc3f" caom2:metaProducer="cfht2caom2/0.3">
  <caom2:collection>CFHT</caom2:collection>
  <caom2:observationID>1758254</caom2:observationID>
  <caom2:metaRelease>2014-11-27T00:00:00.000</caom2:metaRelease>
  <caom2:sequenceNumber>1758254</caom2:sequenceNumber>
  <caom2:algorithm>
    <caom2:name>exposure</caom2:name>
  </caom2:algorithm>
  <caom2:type>FOCUS</caom2:type>
  <caom2:intent>calibration</caom2:intent>
  <caom2:proposal>
    <caom2:id>14BE99</caom2:id>
    <caom2:pi>Greg</caom2:pi>
  </caom2:proposal>
  <caom2:target>
    <caom2:name>something near zenith</caom2:name>
    <caom2:standard>false</caom2:standard>
  </caom2:target>
  <caom2:targetPosition>
    <caom2:coordsys>FK5</caom2:coordsys>
    <caom2:equinox>2000.0</caom2:equinox>
    <caom2:coordinates>
      <caom2:cval1>333.6833333333333</caom2:cval1>
      <caom2:cval2>20.0</caom2:cval2>
    </caom2:coordinates>
  </caom2:targetPosition>
  <caom2:telescope>
    <caom2:name>CFHT 3.6m</caom2:name>
    <caom2:geoLocationX>-5464301.771353686</caom2:geoLocationX>
    <caom2:geoLocationY>-2493489.8730419003</caom2:geoLocationY>
    <caom2:geoLocationZ>2151085.1695058867</caom2:geoLocationZ>
  </caom2:telescope>
  <caom2:instrument>
    <caom2:name>WIRCam</caom2:name>
  </caom2:instrument>
  <caom2:environment>
    <caom2:humidity>6.94</caom2:humidity>
    <caom2:elevation>87.9978</caom2:elevation>
    <caom2:ambientTemp>4.28</caom2:ambientTemp>
  </caom2:environment>
  <caom2:planes>
    <caom2:plane caom2:id="00000000-0000-0000-98fc-014ad64833b4" caom2:lastModified="2015-01-10T23:57:44.287" caom2:maxLastModified="2017-11-13T11:11:35.267" caom2:metaChecksum="md5:788c8a5a2dee09a8218f5a5444fe7a0d" caom2:accMetaChecksum="md5:71595f0352113eebe41acf7e7a1d08f3" caom2:metaProducer="cfht2caom2/0.3">
      <caom2:productID>1758254x</caom2:productID>
      <caom2:metaRelease>2014-11-27T00:00:00.000</caom2:metaRelease>
      <caom2:dataRelease>2014-11-27T00:00:00.000</caom2:dataRelease>
      <caom2:dataProductType>image</caom2:dataProductType>
      <caom2:calibrationLevel>1</caom2:calibrationLevel>
      <caom2:provenance>
        <caom2:name>IIWI</caom2:name>
        <caom2:project>STANDARD PIPELINE</caom2:project>
        <caom2:producer>CFHT</caom2:producer>
        <caom2:runID>14Bw02</caom2:runID>
        <caom2:reference>http://www.cfht.hawaii.edu/Instruments/Imaging/WIRCam</caom2:reference>
      </caom2:provenance>
      <caom2:artifacts>
        <caom2:artifact caom2:id="00000000-0000-0000-98fc-014ad64833c6" caom2:lastModified="2017-11-13T11:11:35.267" caom2:maxLastModified="2017-11-13T11:11:35.267" caom2:metaChecksum="md5:b8f9ed664601f8b18b8eb9612665f693" caom2:accMetaChecksum="md5:213395949c0ba2c0a09493c83b33c3b9" caom2:metaProducer="cfht2caom2/0.3">
          <caom2:uri>ad:CFHT/1758254x.fits.fz</caom2:uri>
          <caom2:productType>calibration</caom2:productType>
          <caom2:releaseType>data</caom2:releaseType>
          <caom2:contentType>application/fits</caom2:contentType>
          <caom2:contentChecksum>md5:fd71c09c62e72264c551406ade83248d</caom2:contentChecksum>
          <caom2:parts>
            <caom2:part caom2:id="00000000-0000-0000-98fc-014ad64833c9" caom2:lastModified="2015-01-10T23:57:44.287" caom2:maxLastModified="2015-01-10T23:57:44.287" caom2:metaChecksum="md5:84ae736f1dbe4bf4d5525fcb7df9f3ec" caom2:accMetaChecksum="md5:472131476caa6c8254efc8e3510fbee0">
              <caom2:name>0</caom2:name>
              <caom2:chunks/>
            </caom2:part>
            <caom2:part caom2:id="00000000-0000-0000-98fc-014ad64833ca" caom2:lastModified="2015-01-10T23:57:44.287" caom2:maxLastModified="2015-01-10T23:57:44.287" caom2:metaChecksum="md5:31840221a9dbb6547d5454fe5f32517f" caom2:accMetaChecksum="md5:a136ffe3935660aa348da4e2bf26f055">
              <caom2:name>1</caom2:name>
              <caom2:chunks>
                <caom2:chunk caom2:id="00000000-0000-0000-98fc-014ad64833cc" caom2:lastModified="2015-01-10T23:57:44.287" caom2:maxLastModified="2015-01-10T23:57:44.287" caom2:metaChecksum="md5:8b375a3e2b4cc2707f569db1197d568a" caom2:accMetaChecksum="md5:de3985a4152aca1443455606e957d433" caom2:metaProducer="cfht2caom2/0.3">
                  <caom2:naxis>3</caom2:naxis>
                  <caom2:positionAxis1>1</caom2:positionAxis1>
                  <caom2:positionAxis2>2</caom2:positionAxis2>
                  <caom2:timeAxis>3</caom2:timeAxis>
                  <caom2:position>
                    <caom2:axis>
                      <caom2:axis1>
                        <caom2:ctype>RA---TAN</caom2:ctype>
                        <caom2:cunit>deg</caom2:cunit>
                      </caom2:axis1>
                      <caom2:axis2>
                        <caom2:ctype>DEC--TAN</caom2:ctype>
                        <caom2:cunit>deg</caom2:cunit>
                      </caom2:axis2>
                      <caom2:error1>
                        <caom2:syser>2.78e-05</caom2:syser>
                        <caom2:rnder>2.78e-05</caom2:rnder>
                      </caom2:error1>
                      <caom2:error2>
                        <caom2:syser>2.78e-05</caom2:syser>
                        <caom2:rnder>2.78e-05</caom2:rnder>
                      </caom2:error2>
                      <caom2:function>
                        <caom2:dimension>
                          <caom2:naxis1>2048</caom2:naxis1>
                          <caom2:naxis2>2048</caom2:naxis2>
                        </caom2:dimension>
                        <caom2:refCoord>
                          <caom2:coord1>
                            <caom2:pix>-69.7</caom2:pix>
                            <caom2:val>333.68333</caom2:val>
                          </caom2:coord1>
                          <caom2:coord2>
                            <caom2:pix>-77.7</caom2:pix>
                            <caom2:val>20.00003</caom2:val>
                          </caom2:coord2>
                        </caom2:refCoord>
                        <caom2:cd11>-8.42407e-05</caom2:cd11>
                        <caom2:cd12>-1.77585e-08</caom2:cd12>
                        <caom2:cd21>-1.77314e-08</caom2:cd21>
                        <caom2:cd22>8.42407e-05</caom2:cd22>
                      </caom2:function>
                    </caom2:axis>
                    <caom2:coordsys>FK5</caom2:coordsys>
                    <caom2:equinox>2000.0</caom2:equinox>
                  </caom2:position>
                  <caom2:energy>
                    <caom2:axis>
                      <caom2:axis>
                        <caom2:ctype>WAVE</caom2:ctype>
                        <caom2:cunit>Angstrom</caom2:cunit>
                      </caom2:axis>
                      <caom2:error>
                        <caom2:syser>1.0</caom2:syser>
                        <caom2:rnder>1.0</caom2:rnder>
                      </caom2:error>
                      <caom2:range>
                        <caom2:start>
                          <caom2:pix>0.5</caom2:pix>
                          <caom2:val>11746.7758768</caom2:val>
                        </caom2:start>
                        <caom2:end>
                          <caom2:pix>1.5</caom2:pix>
                          <caom2:val>13334.3034274</caom2:val>
                        </caom2:end>
                      </caom2:range>
                    </caom2:axis>
                    <caom2:specsys>TOPOCENT</caom2:specsys>
                    <caom2:ssysobs>TOPOCENT</caom2:ssysobs>
                    <caom2:ssyssrc>TOPOCENT</caom2:ssyssrc>
                    <caom2:bandpassName>J</caom2:bandpassName>
                    <caom2:resolvingPower>7.899415444702267</caom2:resolvingPower>
                  </caom2:energy>
                  <caom2:time>
                    <caom2:axis>
                      <caom2:axis>
                        <caom2:ctype>TIME</caom2:ctype>
                        <caom2:cunit>d</caom2:cunit>
                      </caom2:axis>
                      <caom2:error>
                        <caom2:syser>1e-07</caom2:syser>
                        <caom2:rnder>1e-07</caom2:rnder>
                      </caom2:error>
                      <caom2:function>
                        <caom2:naxis>2</caom2:naxis>
                        <caom2:delta>0.000231481481</caom2:delta>
                        <caom2:refCoord>
                          <caom2:pix>0.5</caom2:pix>
                          <caom2:val>56988.1814661</caom2:val>
                        </caom2:refCoord>
                      </caom2:function>
                    </caom2:axis>
                    <caom2:timesys>UTC</caom2:timesys>
                    <caom2:exposure>20.0</caom2:exposure>
                    <caom2:resolution>20.0</caom2:resolution>
                  </caom2:time>
                </caom2:chunk>
              </caom2:chunks>
            </caom2:part>
            <caom2:part caom2:id="00000000-0000-0000-98fc-014ad64833dd" caom2:lastModified="2015-01-10T23:57:44.287" caom2:maxLastModified="2015-01-10T23:57:44.287" caom2:metaChecksum="md5:737853cf5e42dd996ec96ee4d89457f7" caom2:accMetaChecksum="md5:1f2d361de77743f344f1acbf8f434551">
              <caom2:name>2</caom2:name>
              <caom2:chunks>
                <caom2:chunk caom2:id="00000000-0000-0000-98fc-014ad64833de" caom2:lastModified="2015-01-10T23:57:44.287" caom2:maxLastModified="2015-01-10T23:57:44.287" caom2:metaChecksum="md5:a6db5408a338bdc56aaf18fbd2763e2b" caom2:accMetaChecksum="md5:ff88b9f52873da9f37c77b10ac7593c8" caom2:metaProducer="cfht2caom2/0.3">
                  <caom2:naxis>3</caom2:naxis>
                  <caom2:positionAxis1>1</caom2:positionAxis1>
                  <caom2:positionAxis2>2</caom2:positionAxis2>
                  <caom2:timeAxis>3</caom2:timeAxis>
                  <caom2:position>
                    <caom2:axis>
                      <caom2:axis1>
                        <caom2:ctype>RA---TAN</caom2:ctype>
                        <caom2:cunit>deg</caom2:cunit>
                      </caom2:axis1>
                      <caom2:axis2>
                        <caom2:ctype>DEC--TAN</caom2:ctype>
                        <caom2:cunit>deg</caom2:cunit>
                      </caom2:axis2>
                      <caom2:error1>
                        <caom2:syser>2.78e-05</caom2:syser>
                        <caom2:rnder>2.78e-05</caom2:rnder>
                      </caom2:error1>
                      <caom2:error2>
                        <caom2:syser>2.78e-05</caom2:syser>
                        <caom2:rnder>2.78e-05</caom2:rnder>
                      </caom2:error2>
                      <caom2:function>
                        <caom2:dimension>
                          <caom2:naxis1>2048</caom2:naxis1>
                          <caom2:naxis2>2048</caom2:naxis2>
                        </caom2:dimension>
                        <caom2:refCoord>
                          <caom2:coord1>
                            <caom2:pix>-76.9</caom2:pix>
                            <caom2:val>333.68333</caom2:val>
                          </caom2:coord1>
                          <caom2:coord2>
                            <caom2:pix>2128.4</caom2:pix>
                            <caom2:val>20.00003</caom2:val>
                          </caom2:coord2>
                        </caom2:refCoord>
                        <caom2:cd11>-8.42407e-05</caom2:cd11>
                        <caom2:cd12>-1.73367e-08</caom2:cd12>
                        <caom2:cd21>-1.73671e-08</caom2:cd21>
                        <caom2:cd22>8.42407e-05</caom2:cd22>
                      </caom2:function>
                    </caom2:axis>
                    <caom2:coordsys>FK5</caom2:coordsys>
                    <caom2:equinox>2000.0</caom2:equinox>
                  </caom2:position>
                  <caom2:energy>
                    <caom2:axis>
                      <caom2:axis>
                        <caom2:ctype>WAVE</caom2:ctype>
                        <caom2:cunit>Angstrom</caom2:cunit>
                      </caom2:axis>
                      <caom2:error>
                        <caom2:syser>1.0</caom2:syser>
                        <caom2:rnder>1.0</caom2:rnder>
                      </caom2:error>
                      <caom2:range>
                        <caom2:start>
                          <caom2:pix>0.5</caom2:pix>
                          <caom2:val>11746.7758768</caom2:val>
                        </caom2:start>
                        <caom2:end>
                          <caom2:pix>1.5</caom2:pix>
                          <caom2:val>13334.3034274</caom2:val>
                        </caom2:end>
                      </caom2:range>
                    </caom2:axis>
                    <caom2:specsys>TOPOCENT</caom2:specsys>
                    <caom2:ssysobs>TOPOCENT</caom2:ssysobs>
                    <caom2:ssyssrc>TOPOCENT</caom2:ssyssrc>
                    <caom2:bandpassName>J</caom2:bandpassName>
                    <caom2:resolvingPower>7.899415444702267</caom2:resolvingPower>
                  </caom2:energy>
                  <caom2:time>
                    <caom2:axis>
                      <caom2:axis>
                        <caom2:ctype>TIME</caom2:ctype>
                        <caom2:cunit>d</caom2:cunit>
                      </caom2:axis>
                      <caom2:error>
                        <caom2:syser>1e-07</caom2:syser>
                        <caom2:rnder>1e-07</caom2:rnder>
                      </caom2:error>
                      <caom2:function>
                        <caom2:naxis>2</caom2:naxis>
                        <caom2:delta>0.000231481481</caom2:delta>
                        <caom2:refCoord>
                          <caom2:pix>0.5</caom2:pix>
                          <caom2:val>56988.1814661</caom2:val>
                        </caom2:refCoord>
                      </caom2:function>
                    </caom2:axis>
                    <caom2:timesys>UTC</caom2:timesys>
                    <caom2:exposure>20.0</caom2:exposure>
                    <caom2:resolution>20.0</caom2:resolution>
                  </caom2:time>
                </caom2:chunk>
              </caom2:chunks>
            </caom2:part>
            <caom2:part caom2:id="00000000-0000-0000-98fc-014ad64833e4" caom2:lastModified="2015-01-10T23:57:44.287" caom2:maxLastModified="2015-01-10T23:57:44.287" caom2:metaChecksum="md5:59482ec7e3c4153d548f143a241777f6" caom2:accMetaChecksum="md5:c16d6de9a7df01d35315e884bab487ce">
              <caom2:name>3</caom2:name>
              <caom2:chunks>
                <caom2:chunk caom2:id="00000000-0000-0000-98fc-014ad64833e5" caom2:lastModified="2015-01-10T23:57:44.287" caom2:maxLastModified="2015-01-10T23:57:44.287" caom2:metaChecksum="md5:6155d18a43945d32a79dc2b85bda3650" caom2:accMetaChecksum="md5:5651c651aa755dbcf61ce30c2424d1e1" caom2:metaProducer="cfht2caom2/0.3">
                  <caom2:naxis>3</caom2:naxis>
                  <caom2:positionAxis1>1</caom2:positionAxis1>
                  <caom2:positionAxis2>2</caom2:positionAxis2>
                  <caom2:timeAxis>3</caom2:timeAxis>
                  <caom2:position>
                    <caom2:axis>
                      <caom2:axis1>
                        <caom2:ctype>RA---TAN</caom2:ctype>
                        <caom2:cunit>deg</caom2:cunit>
                      </caom2:axis1>
                      <caom2:axis2>
                        <caom2:ctype>DEC--TAN</caom2:ctype>
                        <caom2:cunit>deg</caom2:cunit>
                      </caom2:axis2>
                      <caom2:error1>
                        <caom2:syser>2.78e-05</caom2:syser>
                        <caom2:rnder>2.78e-05</caom2:rnder>
                      </caom2:error1>
                      <caom2:error2>
                        <caom2:syser>2.78e-05</caom2:syser>
                        <caom2:rnder>2.78e-05</caom2:rnder>
                      </caom2:error2>
                      <caom2:function>
                        <caom2:dimension>
                          <caom2:naxis1>2048</caom2:naxis1>
                          <caom2:naxis2>2048</caom2:naxis2>
                        </caom2:dimension>
                        <caom2:refCoord>
                          <caom2:coord1>
                            <caom2:pix>2121.9</caom2:pix>
                            <caom2:val>333.68333</caom2:val>
                          </caom2:coord1>
                          <caom2:coord2>
                            <caom2:pix>2122.8</caom2:pix>
                            <caom2:val>20.00003</caom2:val>
                          </caom2:coord2>
                        </caom2:refCoord>
                        <caom2:cd11>-8.42407e-05</caom2:cd11>
                        <caom2:cd12>-1.77124e-08</caom2:cd12>
                        <caom2:cd21>-1.75162e-08</caom2:cd21>
                        <caom2:cd22>8.42407e-05</caom2:cd22>
                      </caom2:function>
                    </caom2:axis>
                    <caom2:coordsys>FK5</caom2:coordsys>
                    <caom2:equinox>2000.0</caom2:equinox>
                  </caom2:position>
                  <caom2:energy>
                    <caom2:axis>
                      <caom2:axis>
                        <caom2:ctype>WAVE</caom2:ctype>
                        <caom2:cunit>Angstrom</caom2:cunit>
                      </caom2:axis>
                      <caom2:error>
                        <caom2:syser>1.0</caom2:syser>
                        <caom2:rnder>1.0</caom2:rnder>
                      </caom2:error>
                      <caom2:range>
                        <caom2:start>
                          <caom2:pix>0.5</caom2:pix>
                          <caom2:val>11746.7758768</caom2:val>
                        </caom2:start>
                        <caom2:end>
                          <caom2:pix>1.5</caom2:pix>
                          <caom2:val>13334.3034274</caom2:val>
                        </caom2:end>
                      </caom2:range>
                    </caom2:axis>
                    <caom2:specsys>TOPOCENT</caom2:specsys>
                    <caom2:ssysobs>TOPOCENT</caom2:ssysobs>
                    <caom2:ssyssrc>TOPOCENT</caom2:ssyssrc>
                    <caom2:bandpassName>J</caom2:bandpassName>
                    <caom2:resolvingPower>7.899415444702267</caom2:resolvingPower>
                  </caom2:energy>
                  <caom2:time>
                    <caom2:axis>
                      <caom2:axis>
                        <caom2:ctype>TIME</caom2:ctype>
                        <caom2:cunit>d</caom2:cunit>
                      </caom2:axis>
                      <caom2:error>
                        <caom2:syser>1e-07</caom2:syser>
                        <caom2:rnder>1e-07</caom2:rnder>
                      </caom2:error>
                      <caom2:function>
                        <caom2:naxis>2</caom2:naxis>
                        <caom2:delta>0.000231481481</caom2:delta>
                        <caom2:refCoord>
                          <caom2:pix>0.5</caom2:pix>
                          <caom2:val>56988.1814661</caom2:val>
                        </caom2:refCoord>
                      </caom2:function>
                    </caom2:axis>
                    <caom2:timesys>UTC</caom2:timesys>
                    <caom2:exposure>20.0</caom2:exposure>
                    <caom2:resolution>20.0</caom2:resolution>
                  </caom2:time>
                </caom2:chunk>
              </caom2:chunks>
            </caom2:part>
            <caom2:part caom2:id="00000000-0000-0000-98fc-014ad64833ea" caom2:lastModified="2015-01-10T23:57:44.287" caom2:maxLastModified="2015-01-10T23:57:44.287" caom2:metaChecksum="md5:73d472dd404471839ebffaddd023e596" caom2:accMetaChecksum="md5:f4cbee645328f36905a9b812ac3bc806">
              <caom2:name>4</caom2:name>
              <caom2:chunks>
                <caom2:chunk caom2:id="00000000-0000-0000-98fc-014ad64833ec" caom2:lastModified="2015-01-10T23:57:44.287" caom2:maxLastModified="2015-01-10T23:57:44.287" caom2:metaChecksum="md5:7feecf9a784aea59a0370cc8d915f9c0" caom2:accMetaChecksum="md5:fe1900c373ae4056ee9416d3595e7a18" caom2:metaProducer="cfht2caom2/0.3">
                  <caom2:naxis>3</caom2:naxis>
                  <caom2:positionAxis1>1</caom2:positionAxis1>
                  <caom2:positionAxis2>2</caom2:positionAxis2>
                  <caom2:timeAxis>3</caom2:timeAxis>
                  <caom2:position>
                    <caom2:axis>
                      <caom2:axis1>
                        <caom2:ctype>RA---TAN</caom2:ctype>
                        <caom2:cunit>deg</caom2:cunit>
                      </caom2:axis1>
                      <caom2:axis2>
                        <caom2:ctype>DEC--TAN</caom2:ctype>
                        <caom2:cunit>deg</caom2:cunit>
                      </caom2:axis2>
                      <caom2:error1>
                        <caom2:syser>2.78e-05</caom2:syser>
                        <caom2:rnder>2.78e-05</caom2:rnder>
                      </caom2:error1>
                      <caom2:error2>
                        <caom2:syser>2.78e-05</caom2:syser>
                        <caom2:rnder>2.78e-05</caom2:rnder>
                      </caom2:error2>
                      <caom2:function>
                        <caom2:dimension>
                          <caom2:naxis1>2048</caom2:naxis1>
                          <caom2:naxis2>2048</caom2:naxis2>
                        </caom2:dimension>
                        <caom2:refCoord>
                          <caom2:coord1>
                            <caom2:pix>2122.7</caom2:pix>
                            <caom2:val>333.68333</caom2:val>
                          </caom2:coord1>
                          <caom2:coord2>
                            <caom2:pix>-81.7</caom2:pix>
                            <caom2:val>20.00003</caom2:val>
                          </caom2:coord2>
                        </caom2:refCoord>
                        <caom2:cd11>-8.42407e-05</caom2:cd11>
                        <caom2:cd12>-1.75962e-08</caom2:cd12>
                        <caom2:cd21>-1.75031e-08</caom2:cd21>
                        <caom2:cd22>8.42407e-05</caom2:cd22>
                      </caom2:function>
                    </caom2:axis>
                    <caom2:coordsys>FK5</caom2:coordsys>
                    <caom2:equinox>2000.0</caom2:equinox>
                  </caom2:position>
                  <caom2:energy>
                    <caom2:axis>
                      <caom2:axis>
                        <caom2:ctype>WAVE</caom2:ctype>
                        <caom2:cunit>Angstrom</caom2:cunit>
                      </caom2:axis>
                      <caom2:error>
                        <caom2:syser>1.0</caom2:syser>
                        <caom2:rnder>1.0</caom2:rnder>
                      </caom2:error>
                      <caom2:range>
                        <caom2:start>
                          <caom2:pix>0.5</caom2:pix>
                          <caom2:val>11746.7758768</caom2:val>
                        </caom2:start>
                        <caom2:end>
                          <caom2:pix>1.5</caom2:pix>
                          <caom2:val>13334.3034274</caom2:val>
                        </caom2:end>
                      </caom2:range>
                    </caom2:axis>
                    <caom2:specsys>TOPOCENT</caom2:specsys>
                    <caom2:ssysobs>TOPOCENT</caom2:ssysobs>
                    <caom2:ssyssrc>TOPOCENT</caom2:ssyssrc>
                    <caom2:bandpassName>J</caom2:bandpassName>
                    <caom2:resolvingPower>7.899415444702267</caom2:resolvingPower>
                  </caom2:energy>
                  <caom2:time>
                    <caom2:axis>
                      <caom2:axis>
                        <caom2:ctype>TIME</caom2:ctype>
                        <caom2:cunit>d</caom2:cunit>
                      </caom2:axis>
                      <caom2:error>
                        <caom2:syser>1e-07</caom2:syser>
                        <caom2:rnder>1e-07</caom2:rnder>
                      </caom2:error>
                      <caom2:function>
                        <caom2:naxis>2</caom2:naxis>
                        <caom2:delta>0.000231481481</caom2:delta>
                        <caom2:refCoord>
                          <caom2:pix>0.5</caom2:pix>
                          <caom2:val>56988.1814661</caom2:val>
                        </caom2:refCoord>
                      </caom2:function>
                    </caom2:axis>
                    <caom2:timesys>UTC</caom2:timesys>
                    <caom2:exposure>20.0</caom2:exposure>
                    <caom2:resolution>20.0</caom2:resolution>
                  </caom2:time>
                </caom2:chunk>
              </caom2:chunks>
            </caom2:part>
          </caom2:parts>
        </caom2:artifact>
      </caom2:artifacts>
    </caom2:plane>
  </caom2:planes>
</caom2:Observation>
