<?xml version='1.0' encoding='UTF-8'?>
<caom2:Observation xmlns:caom2="http://www.opencadc.org/caom2/xml/v2.4" xmlns:xsi="http://www.w3.org/2001/XMLSchema-instance" xsi:type="caom2:SimpleObservation" caom2:id="00000000-0000-0000-8fb4-014f4831ed83" caom2:lastModified="2017-07-06T03:04:00.733" caom2:maxLastModified="2017-11-09T20:15:36.273" caom2:metaChecksum="md5:55e56e9c1cb6716fe0650e6ae726253b" caom2:accMetaChecksum="md5:a2b6fdb49210d3186834438609b557ae" caom2:metaProducer="cfht2caom2/0.3">
  <caom2:collection>CFHT</caom2:collection>
  <caom2:observationID>1819176</caom2:observationID>
  <caom2:metaRelease>2015-07-08T00:00:00.000</caom2:metaRelease>
  <caom2:sequenceNumber>1819176</caom2:sequenceNumber>
  <caom2:algorithm>
    <caom2:name>exposure</caom2:name>
  </caom2:algorithm>
  <caom2:type>FLAT</caom2:type>
  <caom2:intent>calibration</caom2:intent>
  <caom2:proposal>
    <caom2:id>15AE95</caom2:id>
    <caom2:pi>Wei-Hao Wang</caom2:pi>
  </caom2:proposal>
  <caom2:target>
    <caom2:name>GD-248</caom2:name>
    <caom2:standard>false</caom2:standard>
  </caom2:target>
  <caom2:targetPosition>
    <caom2:coordsys>FK5</caom2:coordsys>
    <caom2:equinox>2000.0</caom2:equinox>
    <caom2:coordinates>
      <caom2:cval1>210.57916666666665</caom2:cval1>
      <caom2:cval2>19.82525</caom2:cval2>
    </caom2:coordinates>
  </caom2:targetPosition>
  <caom2:telescope>
    <caom2:name>CFHT 3.6m</caom2:name>
    <caom2:geoLocationX>-5464301.771353686</caom2:geoLocationX>
    <caom2:geoLocationY>-2493489.8730419003</caom2:geoLocationY>
    <caom2:geoLocationZ>2151085.1695058867</caom2:geoLocationZ>
  </caom2:telescope>
  <caom2:instrument>
    <caom2:name>SITELLE</caom2:name>
    <caom2:keywords>
      <caom2:keyword>Unknown</caom2:keyword>
    </caom2:keywords>
  </caom2:instrument>
  <caom2:environment>
    <caom2:humidity>82.62</caom2:humidity>
    <caom2:elevation>88.6437</caom2:elevation>
    <caom2:ambientTemp>4.4</caom2:ambientTemp>
  </caom2:environment>
  <caom2:planes>
    <caom2:plane caom2:id="00000000-0000-0000-8fb4-014f4831ef4c" caom2:lastModified="2015-08-19T23:01:16.843" caom2:maxLastModified="2017-11-09T20:15:36.273" caom2:metaChecksum="md5:35df0f20792adbd7494d5f848b7e67ba" caom2:accMetaChecksum="md5:bde0e29b457ea7dd3b7fc2a8d7ed4630" caom2:metaProducer="cfht2caom2/0.3">
      <caom2:productID>1819176f</caom2:productID>
      <caom2:metaRelease>2015-07-08T00:00:00.000</caom2:metaRelease>
      <caom2:dataRelease>2016-08-31T00:00:00.000</caom2:dataRelease>
      <caom2:dataProductType>image</caom2:dataProductType>
      <caom2:calibrationLevel>1</caom2:calibrationLevel>
      <caom2:provenance>
        <caom2:name>ORBS</caom2:name>
        <caom2:project>STANDARD PIPELINE</caom2:project>
        <caom2:producer>CFHT</caom2:producer>
        <caom2:reference>http://ascl.net/1409.007</caom2:reference>
      </caom2:provenance>
      <caom2:artifacts>
        <caom2:artifact caom2:id="00000000-0000-0000-8fb4-014f4831ef53" caom2:lastModified="2017-11-09T20:15:36.273" caom2:maxLastModified="2017-11-09T20:15:36.273" caom2:metaChecksum="md5:e97cf8a3a27c04a672dcecc6f46495ac" caom2:accMetaChecksum="md5:151801ffdf48a2615db106a3f79e9a32" caom2:metaProducer="cfht2caom2/0.3">
          <caom2:uri>ad:CFHT/1819176f.fits.fz</caom2:uri>
          <caom2:productType>calibration</caom2:productType>
          <caom2:releaseType>data</caom2:releaseType>
          <caom2:contentType>application/fits</caom2:contentType>
          <caom2:contentChecksum>md5:e96813a57d10e1f7e915b8e58cf9cabf</caom2:contentChecksum>
          <caom2:parts>
            <caom2:part caom2:id="00000000-0000-0000-8fb4-014f4831ef55" caom2:lastModified="2015-08-19T23:01:16.843" caom2:maxLastModified="2015-08-19T23:01:16.843" caom2:metaChecksum="md5:7056d84753fd805b223ee80cad68046e" caom2:accMetaChecksum="md5:7965a5d78b054e2274a189c3762e75b2">
              <caom2:name>0</caom2:name>
              <caom2:chunks/>
            </caom2:part>
            <caom2:part caom2:id="00000000-0000-0000-8fb4-014f4831ef57" caom2:lastModified="2015-08-19T23:01:16.843" caom2:maxLastModified="2015-08-19T23:01:16.843" caom2:metaChecksum="md5:4d395a9ea89230908743f8367e2827b4" caom2:accMetaChecksum="md5:13fd50cfb8c74d3741276569580db815">
              <caom2:name>1</caom2:name>
              <caom2:chunks>
                <caom2:chunk caom2:id="00000000-0000-0000-8fb4-014f4831ef58" caom2:lastModified="2015-08-19T23:01:16.843" caom2:maxLastModified="2015-08-19T23:01:16.843" caom2:metaChecksum="md5:0404a6a1ea9811378e7add2261d7738b" caom2:accMetaChecksum="md5:5f1215768828858ae31d374284c9f169" caom2:metaProducer="cfht2caom2/0.3">
                  <caom2:energy>
                    <caom2:axis>
                      <caom2:axis>
                        <caom2:ctype>WAVE</caom2:ctype>
                        <caom2:cunit>m</caom2:cunit>
                      </caom2:axis>
                      <caom2:error>
                        <caom2:syser>1.0</caom2:syser>
                        <caom2:rnder>1.0</caom2:rnder>
                      </caom2:error>
                      <caom2:function>
                        <caom2:naxis>1</caom2:naxis>
                        <caom2:delta>3.0000000000000004e-08</caom2:delta>
                        <caom2:refCoord>
                          <caom2:pix>0.5</caom2:pix>
                          <caom2:val>4.81e-07</caom2:val>
                        </caom2:refCoord>
                      </caom2:function>
                    </caom2:axis>
                    <caom2:specsys>TOPOCENT</caom2:specsys>
                    <caom2:ssysobs>TOPOCENT</caom2:ssysobs>
                    <caom2:ssyssrc>TOPOCENT</caom2:ssyssrc>
                    <caom2:bandpassName>SN2</caom2:bandpassName>
                    <caom2:resolvingPower>1500.0</caom2:resolvingPower>
                  </caom2:energy>
                  <caom2:time>
                    <caom2:axis>
                      <caom2:axis>
                        <caom2:ctype>TIME</caom2:ctype>
                        <caom2:cunit>d</caom2:cunit>
                      </caom2:axis>
                      <caom2:error>
                        <caom2:syser>1e-07</caom2:syser>
                        <caom2:rnder>1e-07</caom2:rnder>
                      </caom2:error>
                      <caom2:function>
                        <caom2:naxis>1</caom2:naxis>
                        <caom2:delta>0.000578703704</caom2:delta>
                        <caom2:refCoord>
                          <caom2:pix>0.5</caom2:pix>
                          <caom2:val>57211.2271892</caom2:val>
                        </caom2:refCoord>
                      </caom2:function>
                    </caom2:axis>
                    <caom2:timesys>UTC</caom2:timesys>
                    <caom2:exposure>50.0</caom2:exposure>
                    <caom2:resolution>50.0</caom2:resolution>
                  </caom2:time>
                </caom2:chunk>
              </caom2:chunks>
            </caom2:part>
          </caom2:parts>
        </caom2:artifact>
      </caom2:artifacts>
    </caom2:plane>
  </caom2:planes>
</caom2:Observation>
