<?xml version='1.0' encoding='UTF-8'?>
<caom2:Observation xmlns:caom2="http://www.opencadc.org/caom2/xml/v2.4" xmlns:xsi="http://www.w3.org/2001/XMLSchema-instance" xsi:type="caom2:SimpleObservation" caom2:id="00000000-0000-0000-7f22-01624056572d" caom2:lastModified="2018-03-19T22:17:06.433" caom2:maxLastModified="2019-11-06T03:28:24.652" caom2:metaChecksum="md5:0c7faccdba373979e54a8c69fd33dd7b" caom2:accMetaChecksum="md5:17c9e93d9120602daac590fed232892b" caom2:metaProducer="cfht2caom2/0.3">
  <caom2:collection>CFHT</caom2:collection>
  <caom2:observationID>2115407</caom2:observationID>
  <caom2:metaRelease>2017-06-23T00:00:00.000</caom2:metaRelease>
  <caom2:sequenceNumber>2115407</caom2:sequenceNumber>
  <caom2:algorithm>
    <caom2:name>exposure</caom2:name>
  </caom2:algorithm>
  <caom2:type>COMPARISON</caom2:type>
  <caom2:intent>calibration</caom2:intent>
  <caom2:proposal>
    <caom2:id>17AE90</caom2:id>
    <caom2:pi>Engineering Team</caom2:pi>
  </caom2:proposal>
  <caom2:target>
    <caom2:name>Engineering</caom2:name>
    <caom2:standard>false</caom2:standard>
  </caom2:target>
  <caom2:targetPosition>
    <caom2:coordsys>FK5</caom2:coordsys>
    <caom2:equinox>2000.0</caom2:equinox>
    <caom2:coordinates>
      <caom2:cval1>10.73333333333333</caom2:cval1>
      <caom2:cval2>35.0</caom2:cval2>
    </caom2:coordinates>
  </caom2:targetPosition>
  <caom2:telescope>
    <caom2:name>CFHT 3.6m</caom2:name>
    <caom2:geoLocationX>-5464301.771353686</caom2:geoLocationX>
    <caom2:geoLocationY>-2493489.8730419003</caom2:geoLocationY>
    <caom2:geoLocationZ>2151085.1695058867</caom2:geoLocationZ>
  </caom2:telescope>
  <caom2:instrument>
    <caom2:name>SITELLE</caom2:name>
    <caom2:keywords>
      <caom2:keyword>INSTMODE=SCAN,SITSTEP=170,SITSTEPS=1000</caom2:keyword>
    </caom2:keywords>
  </caom2:instrument>
  <caom2:environment>
    <caom2:humidity>8.95</caom2:humidity>
    <caom2:elevation>89.925</caom2:elevation>
    <caom2:ambientTemp>10.81</caom2:ambientTemp>
  </caom2:environment>
  <caom2:planes>
    <caom2:plane caom2:id="00000000-0000-0000-7f22-016240565e2e" caom2:lastModified="2018-03-19T22:17:06.433" caom2:maxLastModified="2019-11-06T03:28:24.652" caom2:metaChecksum="md5:1b82d17994440f77127f6bcd021c738e" caom2:accMetaChecksum="md5:c60b2b56d2dbb61672638c1f632f2c1f" caom2:metaProducer="cfht2caom2/0.3">
      <caom2:productID>2115407c</caom2:productID>
      <caom2:metaRelease>2017-06-23T00:00:00.000</caom2:metaRelease>
      <caom2:dataRelease>2017-06-23T00:00:00.000</caom2:dataRelease>
      <caom2:dataProductType>image</caom2:dataProductType>
      <caom2:calibrationLevel>1</caom2:calibrationLevel>
      <caom2:provenance>
        <caom2:name>ORBS</caom2:name>
        <caom2:project>STANDARD PIPELINE</caom2:project>
        <caom2:producer>CFHT</caom2:producer>
        <caom2:runID>16Bs02</caom2:runID>
        <caom2:reference>http://ascl.net/1409.007</caom2:reference>
      </caom2:provenance>
      <caom2:artifacts>
        <caom2:artifact caom2:id="00000000-0000-0000-7f22-016240565e39" caom2:lastModified="2018-03-19T22:17:06.433" caom2:maxLastModified="2018-03-19T22:17:06.433" caom2:metaChecksum="md5:6a527849286ee080c3d9e967d54b5065" caom2:accMetaChecksum="md5:795bca6c4ae0fde4d550f47cb7c9ea2d" caom2:metaProducer="cfht2caom2/0.3">
          <caom2:uri>ad:CFHT/2115407c.fits.fz</caom2:uri>
          <caom2:productType>calibration</caom2:productType>
          <caom2:releaseType>data</caom2:releaseType>
          <caom2:contentType>application/fits</caom2:contentType>
          <caom2:contentChecksum>md5:c7f7c9c299901a3df36e6cef51763bc8</caom2:contentChecksum>
          <caom2:parts>
            <caom2:part caom2:id="00000000-0000-0000-7f22-016240565e3b" caom2:lastModified="2018-03-19T22:17:06.433" caom2:maxLastModified="2018-03-19T22:17:06.433" caom2:metaChecksum="md5:07870978af8ce4b5f5ad93a16dd6e3fc" caom2:accMetaChecksum="md5:d5230f30a053816bdee0e8fa81087577">
              <caom2:name>0</caom2:name>
              <caom2:chunks/>
            </caom2:part>
            <caom2:part caom2:id="00000000-0000-0000-7f22-016240565e3d" caom2:lastModified="2018-03-19T22:17:06.433" caom2:maxLastModified="2018-03-19T22:17:06.433" caom2:metaChecksum="md5:b0e9e4ee55748923ede65c5fce2c4dc1" caom2:accMetaChecksum="md5:937a31422a7a3ecedcadb230af1312cf">
              <caom2:name>1</caom2:name>
              <caom2:chunks>
                <caom2:chunk caom2:id="00000000-0000-0000-7f22-016240565e3f" caom2:lastModified="2018-03-19T22:17:06.433" caom2:maxLastModified="2018-03-19T22:17:06.433" caom2:metaChecksum="md5:ec5aa798c34445cb5b8cd99b8fed4226" caom2:accMetaChecksum="md5:6caa67d915722b13e3a54b95e3fbc628" caom2:metaProducer="cfht2caom2/0.3">
                  <caom2:energy>
                    <caom2:axis>
                      <caom2:axis>
                        <caom2:ctype>WAVE</caom2:ctype>
                        <caom2:cunit>m</caom2:cunit>
                      </caom2:axis>
                      <caom2:error>
                        <caom2:syser>1.0</caom2:syser>
                        <caom2:rnder>1.0</caom2:rnder>
                      </caom2:error>
                      <caom2:function>
                        <caom2:naxis>1</caom2:naxis>
                        <caom2:delta>2.3e-08</caom2:delta>
                        <caom2:refCoord>
                          <caom2:pix>0.5</caom2:pix>
                          <caom2:val>3.6260000000000003e-07</caom2:val>
                        </caom2:refCoord>
                      </caom2:function>
                    </caom2:axis>
                    <caom2:specsys>TOPOCENT</caom2:specsys>
                    <caom2:ssysobs>TOPOCENT</caom2:ssysobs>
                    <caom2:ssyssrc>TOPOCENT</caom2:ssyssrc>
                    <caom2:bandpassName>SN1</caom2:bandpassName>
                    <caom2:resolvingPower>7296.9</caom2:resolvingPower>
                  </caom2:energy>
                  <caom2:time>
                    <caom2:axis>
                      <caom2:axis>
                        <caom2:ctype>TIME</caom2:ctype>
                        <caom2:cunit>d</caom2:cunit>
                      </caom2:axis>
                      <caom2:error>
                        <caom2:syser>1e-07</caom2:syser>
                        <caom2:rnder>1e-07</caom2:rnder>
                      </caom2:error>
                      <caom2:function>
                        <caom2:naxis>1</caom2:naxis>
                        <caom2:delta>3.2407407e-05</caom2:delta>
                        <caom2:refCoord>
                          <caom2:pix>0.5</caom2:pix>
                          <caom2:val>57927.1516978</caom2:val>
                        </caom2:refCoord>
                      </caom2:function>
                    </caom2:axis>
                    <caom2:timesys>UTC</caom2:timesys>
                    <caom2:exposure>2.8</caom2:exposure>
                    <caom2:resolution>2.8</caom2:resolution>
                  </caom2:time>
                </caom2:chunk>
              </caom2:chunks>
            </caom2:part>
          </caom2:parts>
        </caom2:artifact>
      </caom2:artifacts>
    </caom2:plane>
  </caom2:planes>
</caom2:Observation>
