<?xml version='1.0' encoding='UTF-8'?>
<caom2:Observation xmlns:caom2="http://www.opencadc.org/caom2/xml/v2.4" xmlns:xsi="http://www.w3.org/2001/XMLSchema-instance" xsi:type="caom2:SimpleObservation" caom2:id="00000000-0000-0000-6a81-015d371190c6" caom2:lastModified="2018-03-20T23:06:03.490" caom2:maxLastModified="2019-11-06T07:44:56.229" caom2:metaChecksum="md5:bba25ebef276fc6e08c7a81a272d3fd1" caom2:accMetaChecksum="md5:4c57acec6845fc5faa40b756dc4418a0" caom2:metaProducer="cfht2caom2/0.2">
  <caom2:collection>CFHT</caom2:collection>
  <caom2:observationID>2157095</caom2:observationID>
  <caom2:metaRelease>2017-07-12T00:00:00.000</caom2:metaRelease>
  <caom2:sequenceNumber>2157095</caom2:sequenceNumber>
  <caom2:algorithm>
    <caom2:name>exposure</caom2:name>
  </caom2:algorithm>
  <caom2:type>OBJECT</caom2:type>
  <caom2:intent>science</caom2:intent>
  <caom2:proposal>
    <caom2:id>17BS03</caom2:id>
    <caom2:pi>Jinyi Yang</caom2:pi>
    <caom2:title>Primordial Environment of the Most Massive Black Hole Within an Ultra-luminous Quasar at z = 6.3</caom2:title>
  </caom2:proposal>
  <caom2:target>
    <caom2:name>J0100_D3</caom2:name>
    <caom2:standard>false</caom2:standard>
  </caom2:target>
  <caom2:targetPosition>
    <caom2:coordsys>FK5</caom2:coordsys>
    <caom2:equinox>2000.0</caom2:equinox>
    <caom2:coordinates>
      <caom2:cval1>15.009166666666665</caom2:cval1>
      <caom2:cval2>28.046111111111113</caom2:cval2>
    </caom2:coordinates>
  </caom2:targetPosition>
  <caom2:telescope>
    <caom2:name>CFHT 3.6m</caom2:name>
    <caom2:geoLocationX>-5464301.771353686</caom2:geoLocationX>
    <caom2:geoLocationY>-2493489.8730419003</caom2:geoLocationY>
    <caom2:geoLocationZ>2151085.1695058867</caom2:geoLocationZ>
  </caom2:telescope>
  <caom2:instrument>
    <caom2:name>WIRCam</caom2:name>
  </caom2:instrument>
  <caom2:environment>
    <caom2:humidity>74.48</caom2:humidity>
    <caom2:elevation>56.7631</caom2:elevation>
    <caom2:ambientTemp>1.35</caom2:ambientTemp>
  </caom2:environment>
  <caom2:planes>
    <caom2:plane caom2:id="00000000-0000-0000-6a81-015d37119a9b" caom2:lastModified="2019-01-11T20:31:33.609" caom2:maxLastModified="2019-11-06T07:44:56.229" caom2:metaChecksum="md5:3ecd6a235c1680715b8889ce5c698498" caom2:accMetaChecksum="md5:50ffefb2bd904d4eeaef5a117cfaaadb" caom2:metaProducer="cfht2caom2/0.2">
      <caom2:productID>2157095o</caom2:productID>
      <caom2:metaRelease>2017-07-12T00:00:00.000</caom2:metaRelease>
      <caom2:dataRelease>2019-02-28T00:00:00.000</caom2:dataRelease>
      <caom2:dataProductType>image</caom2:dataProductType>
      <caom2:calibrationLevel>1</caom2:calibrationLevel>
      <caom2:provenance>
        <caom2:name>IIWI</caom2:name>
        <caom2:project>STANDARD PIPELINE</caom2:project>
        <caom2:producer>CFHT</caom2:producer>
        <caom2:runID>17Aw04</caom2:runID>
        <caom2:reference>http://www.cfht.hawaii.edu/Instruments/Imaging/WIRCam</caom2:reference>
      </caom2:provenance>
      <caom2:artifacts>
        <caom2:artifact caom2:id="00000000-0000-0000-6a81-015d37119aa2" caom2:lastModified="2017-11-10T03:41:31.140" caom2:maxLastModified="2017-11-10T03:41:31.140" caom2:metaChecksum="md5:5f94c8e8fc5ea05a6cc531112ea44c24" caom2:accMetaChecksum="md5:eb07f324f3af3c4682ab025bb9ee900e" caom2:metaProducer="cfht2caom2/0.2">
          <caom2:uri>ad:CFHT/2157095o.fits.fz</caom2:uri>
          <caom2:productType>science</caom2:productType>
          <caom2:releaseType>data</caom2:releaseType>
          <caom2:contentType>application/fits</caom2:contentType>
          <caom2:contentChecksum>md5:8128b4d8386adf14ef3997d99755b1ca</caom2:contentChecksum>
          <caom2:parts>
            <caom2:part caom2:id="00000000-0000-0000-6a81-015d37119aa3" caom2:lastModified="2017-07-12T13:51:29.580" caom2:maxLastModified="2017-07-12T13:51:29.580" caom2:metaChecksum="md5:57862fcc9f8beabf23481b22a91f054f" caom2:accMetaChecksum="md5:a756e42cfac1ca75f3e9aebe9a892f17">
              <caom2:name>0</caom2:name>
              <caom2:chunks/>
            </caom2:part>
            <caom2:part caom2:id="00000000-0000-0000-6a81-015d37119aa5" caom2:lastModified="2017-07-12T13:51:29.580" caom2:maxLastModified="2017-07-12T13:51:29.580" caom2:metaChecksum="md5:48321c0aa1921fd4c8f4c7e26dbe8eb8" caom2:accMetaChecksum="md5:844c1a17f5265add2f250a9edf05d537">
              <caom2:name>1</caom2:name>
              <caom2:chunks>
                <caom2:chunk caom2:id="00000000-0000-0000-6a81-015d37119aa6" caom2:lastModified="2017-07-12T13:51:29.580" caom2:maxLastModified="2017-07-12T13:51:29.580" caom2:metaChecksum="md5:efbe6fbebf376a14d45e2a411619238e" caom2:accMetaChecksum="md5:66e4427701fb4bf7596acf32883ab709" caom2:metaProducer="cfht2caom2/0.2">
                  <caom2:naxis>3</caom2:naxis>
                  <caom2:positionAxis1>1</caom2:positionAxis1>
                  <caom2:positionAxis2>2</caom2:positionAxis2>
                  <caom2:timeAxis>3</caom2:timeAxis>
                  <caom2:position>
                    <caom2:axis>
                      <caom2:axis1>
                        <caom2:ctype>RA---TAN</caom2:ctype>
                        <caom2:cunit>deg</caom2:cunit>
                      </caom2:axis1>
                      <caom2:axis2>
                        <caom2:ctype>DEC--TAN</caom2:ctype>
                        <caom2:cunit>deg</caom2:cunit>
                      </caom2:axis2>
                      <caom2:error1>
                        <caom2:syser>2.78e-05</caom2:syser>
                        <caom2:rnder>2.78e-05</caom2:rnder>
                      </caom2:error1>
                      <caom2:error2>
                        <caom2:syser>2.78e-05</caom2:syser>
                        <caom2:rnder>2.78e-05</caom2:rnder>
                      </caom2:error2>
                      <caom2:function>
                        <caom2:dimension>
                          <caom2:naxis1>2048</caom2:naxis1>
                          <caom2:naxis2>2048</caom2:naxis2>
                        </caom2:dimension>
                        <caom2:refCoord>
                          <caom2:coord1>
                            <caom2:pix>-69.7</caom2:pix>
                            <caom2:val>15.00917</caom2:val>
                          </caom2:coord1>
                          <caom2:coord2>
                            <caom2:pix>-77.7</caom2:pix>
                            <caom2:val>28.04611</caom2:val>
                          </caom2:coord2>
                        </caom2:refCoord>
                        <caom2:cd11>-8.42407e-05</caom2:cd11>
                        <caom2:cd12>-1.77585e-08</caom2:cd12>
                        <caom2:cd21>-1.77314e-08</caom2:cd21>
                        <caom2:cd22>8.42407e-05</caom2:cd22>
                      </caom2:function>
                    </caom2:axis>
                    <caom2:coordsys>FK5</caom2:coordsys>
                    <caom2:equinox>2000.0</caom2:equinox>
                  </caom2:position>
                  <caom2:energy>
                    <caom2:axis>
                      <caom2:axis>
                        <caom2:ctype>WAVE</caom2:ctype>
                        <caom2:cunit>Angstrom</caom2:cunit>
                      </caom2:axis>
                      <caom2:error>
                        <caom2:syser>1.0</caom2:syser>
                        <caom2:rnder>1.0</caom2:rnder>
                      </caom2:error>
                      <caom2:range>
                        <caom2:start>
                          <caom2:pix>0.5</caom2:pix>
                          <caom2:val>9700.841121520001</caom2:val>
                        </caom2:start>
                        <caom2:end>
                          <caom2:pix>1.5</caom2:pix>
                          <caom2:val>10806.17014928</caom2:val>
                        </caom2:end>
                      </caom2:range>
                    </caom2:axis>
                    <caom2:specsys>TOPOCENT</caom2:specsys>
                    <caom2:ssysobs>TOPOCENT</caom2:ssysobs>
                    <caom2:ssyssrc>TOPOCENT</caom2:ssyssrc>
                    <caom2:bandpassName>Y</caom2:bandpassName>
                    <caom2:resolvingPower>9.276428446088312</caom2:resolvingPower>
                  </caom2:energy>
                  <caom2:time>
                    <caom2:axis>
                      <caom2:axis>
                        <caom2:ctype>TIME</caom2:ctype>
                        <caom2:cunit>d</caom2:cunit>
                      </caom2:axis>
                      <caom2:error>
                        <caom2:syser>1e-07</caom2:syser>
                        <caom2:rnder>1e-07</caom2:rnder>
                      </caom2:error>
                      <caom2:function>
                        <caom2:naxis>4</caom2:naxis>
                        <caom2:delta>0.001388888889</caom2:delta>
                        <caom2:refCoord>
                          <caom2:pix>0.5</caom2:pix>
                          <caom2:val>57946.5685257</caom2:val>
                        </caom2:refCoord>
                      </caom2:function>
                    </caom2:axis>
                    <caom2:timesys>UTC</caom2:timesys>
                    <caom2:exposure>120.0</caom2:exposure>
                    <caom2:resolution>120.0</caom2:resolution>
                  </caom2:time>
                </caom2:chunk>
              </caom2:chunks>
            </caom2:part>
            <caom2:part caom2:id="00000000-0000-0000-6a81-015d37119ab2" caom2:lastModified="2017-07-12T13:51:29.580" caom2:maxLastModified="2017-07-12T13:51:29.580" caom2:metaChecksum="md5:9ab75b82d94a50471ea2bce4ccc4e91d" caom2:accMetaChecksum="md5:4ac539527006d7bd14f99c0cf77030d1">
              <caom2:name>2</caom2:name>
              <caom2:chunks>
                <caom2:chunk caom2:id="00000000-0000-0000-6a81-015d37119ab3" caom2:lastModified="2017-07-12T13:51:29.580" caom2:maxLastModified="2017-07-12T13:51:29.580" caom2:metaChecksum="md5:68e9b93bb58f2182aaed1ffa25b9568b" caom2:accMetaChecksum="md5:d08fa69c2e2b806de734ce80bc2b2764" caom2:metaProducer="cfht2caom2/0.2">
                  <caom2:naxis>3</caom2:naxis>
                  <caom2:positionAxis1>1</caom2:positionAxis1>
                  <caom2:positionAxis2>2</caom2:positionAxis2>
                  <caom2:timeAxis>3</caom2:timeAxis>
                  <caom2:position>
                    <caom2:axis>
                      <caom2:axis1>
                        <caom2:ctype>RA---TAN</caom2:ctype>
                        <caom2:cunit>deg</caom2:cunit>
                      </caom2:axis1>
                      <caom2:axis2>
                        <caom2:ctype>DEC--TAN</caom2:ctype>
                        <caom2:cunit>deg</caom2:cunit>
                      </caom2:axis2>
                      <caom2:error1>
                        <caom2:syser>2.78e-05</caom2:syser>
                        <caom2:rnder>2.78e-05</caom2:rnder>
                      </caom2:error1>
                      <caom2:error2>
                        <caom2:syser>2.78e-05</caom2:syser>
                        <caom2:rnder>2.78e-05</caom2:rnder>
                      </caom2:error2>
                      <caom2:function>
                        <caom2:dimension>
                          <caom2:naxis1>2048</caom2:naxis1>
                          <caom2:naxis2>2048</caom2:naxis2>
                        </caom2:dimension>
                        <caom2:refCoord>
                          <caom2:coord1>
                            <caom2:pix>-76.9</caom2:pix>
                            <caom2:val>15.00917</caom2:val>
                          </caom2:coord1>
                          <caom2:coord2>
                            <caom2:pix>2128.4</caom2:pix>
                            <caom2:val>28.04611</caom2:val>
                          </caom2:coord2>
                        </caom2:refCoord>
                        <caom2:cd11>-8.42407e-05</caom2:cd11>
                        <caom2:cd12>-1.73367e-08</caom2:cd12>
                        <caom2:cd21>-1.73671e-08</caom2:cd21>
                        <caom2:cd22>8.42407e-05</caom2:cd22>
                      </caom2:function>
                    </caom2:axis>
                    <caom2:coordsys>FK5</caom2:coordsys>
                    <caom2:equinox>2000.0</caom2:equinox>
                  </caom2:position>
                  <caom2:energy>
                    <caom2:axis>
                      <caom2:axis>
                        <caom2:ctype>WAVE</caom2:ctype>
                        <caom2:cunit>Angstrom</caom2:cunit>
                      </caom2:axis>
                      <caom2:error>
                        <caom2:syser>1.0</caom2:syser>
                        <caom2:rnder>1.0</caom2:rnder>
                      </caom2:error>
                      <caom2:range>
                        <caom2:start>
                          <caom2:pix>0.5</caom2:pix>
                          <caom2:val>9700.841121520001</caom2:val>
                        </caom2:start>
                        <caom2:end>
                          <caom2:pix>1.5</caom2:pix>
                          <caom2:val>10806.17014928</caom2:val>
                        </caom2:end>
                      </caom2:range>
                    </caom2:axis>
                    <caom2:specsys>TOPOCENT</caom2:specsys>
                    <caom2:ssysobs>TOPOCENT</caom2:ssysobs>
                    <caom2:ssyssrc>TOPOCENT</caom2:ssyssrc>
                    <caom2:bandpassName>Y</caom2:bandpassName>
                    <caom2:resolvingPower>9.276428446088312</caom2:resolvingPower>
                  </caom2:energy>
                  <caom2:time>
                    <caom2:axis>
                      <caom2:axis>
                        <caom2:ctype>TIME</caom2:ctype>
                        <caom2:cunit>d</caom2:cunit>
                      </caom2:axis>
                      <caom2:error>
                        <caom2:syser>1e-07</caom2:syser>
                        <caom2:rnder>1e-07</caom2:rnder>
                      </caom2:error>
                      <caom2:function>
                        <caom2:naxis>4</caom2:naxis>
                        <caom2:delta>0.001388888889</caom2:delta>
                        <caom2:refCoord>
                          <caom2:pix>0.5</caom2:pix>
                          <caom2:val>57946.5685257</caom2:val>
                        </caom2:refCoord>
                      </caom2:function>
                    </caom2:axis>
                    <caom2:timesys>UTC</caom2:timesys>
                    <caom2:exposure>120.0</caom2:exposure>
                    <caom2:resolution>120.0</caom2:resolution>
                  </caom2:time>
                </caom2:chunk>
              </caom2:chunks>
            </caom2:part>
            <caom2:part caom2:id="00000000-0000-0000-6a81-015d37119ab7" caom2:lastModified="2017-07-12T13:51:29.580" caom2:maxLastModified="2017-07-12T13:51:29.580" caom2:metaChecksum="md5:fb9e7ffd2df5c72a4f2a49be71246c35" caom2:accMetaChecksum="md5:82ffe9e435f06dff80c91711c87de31d">
              <caom2:name>3</caom2:name>
              <caom2:chunks>
                <caom2:chunk caom2:id="00000000-0000-0000-6a81-015d37119ab8" caom2:lastModified="2017-07-12T13:51:29.580" caom2:maxLastModified="2017-07-12T13:51:29.580" caom2:metaChecksum="md5:778e00b1c3f914bf8087dee8907b96ec" caom2:accMetaChecksum="md5:01137e044b3cd5497c860c3ffd90796e" caom2:metaProducer="cfht2caom2/0.2">
                  <caom2:naxis>3</caom2:naxis>
                  <caom2:positionAxis1>1</caom2:positionAxis1>
                  <caom2:positionAxis2>2</caom2:positionAxis2>
                  <caom2:timeAxis>3</caom2:timeAxis>
                  <caom2:position>
                    <caom2:axis>
                      <caom2:axis1>
                        <caom2:ctype>RA---TAN</caom2:ctype>
                        <caom2:cunit>deg</caom2:cunit>
                      </caom2:axis1>
                      <caom2:axis2>
                        <caom2:ctype>DEC--TAN</caom2:ctype>
                        <caom2:cunit>deg</caom2:cunit>
                      </caom2:axis2>
                      <caom2:error1>
                        <caom2:syser>2.78e-05</caom2:syser>
                        <caom2:rnder>2.78e-05</caom2:rnder>
                      </caom2:error1>
                      <caom2:error2>
                        <caom2:syser>2.78e-05</caom2:syser>
                        <caom2:rnder>2.78e-05</caom2:rnder>
                      </caom2:error2>
                      <caom2:function>
                        <caom2:dimension>
                          <caom2:naxis1>2048</caom2:naxis1>
                          <caom2:naxis2>2048</caom2:naxis2>
                        </caom2:dimension>
                        <caom2:refCoord>
                          <caom2:coord1>
                            <caom2:pix>2121.9</caom2:pix>
                            <caom2:val>15.00917</caom2:val>
                          </caom2:coord1>
                          <caom2:coord2>
                            <caom2:pix>2122.8</caom2:pix>
                            <caom2:val>28.04611</caom2:val>
                          </caom2:coord2>
                        </caom2:refCoord>
                        <caom2:cd11>-8.42407e-05</caom2:cd11>
                        <caom2:cd12>-1.77124e-08</caom2:cd12>
                        <caom2:cd21>-1.75162e-08</caom2:cd21>
                        <caom2:cd22>8.42407e-05</caom2:cd22>
                      </caom2:function>
                    </caom2:axis>
                    <caom2:coordsys>FK5</caom2:coordsys>
                    <caom2:equinox>2000.0</caom2:equinox>
                  </caom2:position>
                  <caom2:energy>
                    <caom2:axis>
                      <caom2:axis>
                        <caom2:ctype>WAVE</caom2:ctype>
                        <caom2:cunit>Angstrom</caom2:cunit>
                      </caom2:axis>
                      <caom2:error>
                        <caom2:syser>1.0</caom2:syser>
                        <caom2:rnder>1.0</caom2:rnder>
                      </caom2:error>
                      <caom2:range>
                        <caom2:start>
                          <caom2:pix>0.5</caom2:pix>
                          <caom2:val>9700.841121520001</caom2:val>
                        </caom2:start>
                        <caom2:end>
                          <caom2:pix>1.5</caom2:pix>
                          <caom2:val>10806.17014928</caom2:val>
                        </caom2:end>
                      </caom2:range>
                    </caom2:axis>
                    <caom2:specsys>TOPOCENT</caom2:specsys>
                    <caom2:ssysobs>TOPOCENT</caom2:ssysobs>
                    <caom2:ssyssrc>TOPOCENT</caom2:ssyssrc>
                    <caom2:bandpassName>Y</caom2:bandpassName>
                    <caom2:resolvingPower>9.276428446088312</caom2:resolvingPower>
                  </caom2:energy>
                  <caom2:time>
                    <caom2:axis>
                      <caom2:axis>
                        <caom2:ctype>TIME</caom2:ctype>
                        <caom2:cunit>d</caom2:cunit>
                      </caom2:axis>
                      <caom2:error>
                        <caom2:syser>1e-07</caom2:syser>
                        <caom2:rnder>1e-07</caom2:rnder>
                      </caom2:error>
                      <caom2:function>
                        <caom2:naxis>4</caom2:naxis>
                        <caom2:delta>0.001388888889</caom2:delta>
                        <caom2:refCoord>
                          <caom2:pix>0.5</caom2:pix>
                          <caom2:val>57946.5685257</caom2:val>
                        </caom2:refCoord>
                      </caom2:function>
                    </caom2:axis>
                    <caom2:timesys>UTC</caom2:timesys>
                    <caom2:exposure>120.0</caom2:exposure>
                    <caom2:resolution>120.0</caom2:resolution>
                  </caom2:time>
                </caom2:chunk>
              </caom2:chunks>
            </caom2:part>
            <caom2:part caom2:id="00000000-0000-0000-6a81-015d37119abc" caom2:lastModified="2017-07-12T13:51:29.580" caom2:maxLastModified="2017-07-12T13:51:29.580" caom2:metaChecksum="md5:1abc7a32c4d7d86c6d5709c3ca8a9c02" caom2:accMetaChecksum="md5:58193ddd980030f0721b1a8afd313680">
              <caom2:name>4</caom2:name>
              <caom2:chunks>
                <caom2:chunk caom2:id="00000000-0000-0000-6a81-015d37119abd" caom2:lastModified="2017-07-12T13:51:29.580" caom2:maxLastModified="2017-07-12T13:51:29.580" caom2:metaChecksum="md5:6a680e4d09d6b2a769e81e3c7dc89f67" caom2:accMetaChecksum="md5:0231cb1e80807778aaec7ee9e4e44f57" caom2:metaProducer="cfht2caom2/0.2">
                  <caom2:naxis>3</caom2:naxis>
                  <caom2:positionAxis1>1</caom2:positionAxis1>
                  <caom2:positionAxis2>2</caom2:positionAxis2>
                  <caom2:timeAxis>3</caom2:timeAxis>
                  <caom2:position>
                    <caom2:axis>
                      <caom2:axis1>
                        <caom2:ctype>RA---TAN</caom2:ctype>
                        <caom2:cunit>deg</caom2:cunit>
                      </caom2:axis1>
                      <caom2:axis2>
                        <caom2:ctype>DEC--TAN</caom2:ctype>
                        <caom2:cunit>deg</caom2:cunit>
                      </caom2:axis2>
                      <caom2:error1>
                        <caom2:syser>2.78e-05</caom2:syser>
                        <caom2:rnder>2.78e-05</caom2:rnder>
                      </caom2:error1>
                      <caom2:error2>
                        <caom2:syser>2.78e-05</caom2:syser>
                        <caom2:rnder>2.78e-05</caom2:rnder>
                      </caom2:error2>
                      <caom2:function>
                        <caom2:dimension>
                          <caom2:naxis1>2048</caom2:naxis1>
                          <caom2:naxis2>2048</caom2:naxis2>
                        </caom2:dimension>
                        <caom2:refCoord>
                          <caom2:coord1>
                            <caom2:pix>2122.7</caom2:pix>
                            <caom2:val>15.00917</caom2:val>
                          </caom2:coord1>
                          <caom2:coord2>
                            <caom2:pix>-81.7</caom2:pix>
                            <caom2:val>28.04611</caom2:val>
                          </caom2:coord2>
                        </caom2:refCoord>
                        <caom2:cd11>-8.42407e-05</caom2:cd11>
                        <caom2:cd12>-1.75962e-08</caom2:cd12>
                        <caom2:cd21>-1.75031e-08</caom2:cd21>
                        <caom2:cd22>8.42407e-05</caom2:cd22>
                      </caom2:function>
                    </caom2:axis>
                    <caom2:coordsys>FK5</caom2:coordsys>
                    <caom2:equinox>2000.0</caom2:equinox>
                  </caom2:position>
                  <caom2:energy>
                    <caom2:axis>
                      <caom2:axis>
                        <caom2:ctype>WAVE</caom2:ctype>
                        <caom2:cunit>Angstrom</caom2:cunit>
                      </caom2:axis>
                      <caom2:error>
                        <caom2:syser>1.0</caom2:syser>
                        <caom2:rnder>1.0</caom2:rnder>
                      </caom2:error>
                      <caom2:range>
                        <caom2:start>
                          <caom2:pix>0.5</caom2:pix>
                          <caom2:val>9700.841121520001</caom2:val>
                        </caom2:start>
                        <caom2:end>
                          <caom2:pix>1.5</caom2:pix>
                          <caom2:val>10806.17014928</caom2:val>
                        </caom2:end>
                      </caom2:range>
                    </caom2:axis>
                    <caom2:specsys>TOPOCENT</caom2:specsys>
                    <caom2:ssysobs>TOPOCENT</caom2:ssysobs>
                    <caom2:ssyssrc>TOPOCENT</caom2:ssyssrc>
                    <caom2:bandpassName>Y</caom2:bandpassName>
                    <caom2:resolvingPower>9.276428446088312</caom2:resolvingPower>
                  </caom2:energy>
                  <caom2:time>
                    <caom2:axis>
                      <caom2:axis>
                        <caom2:ctype>TIME</caom2:ctype>
                        <caom2:cunit>d</caom2:cunit>
                      </caom2:axis>
                      <caom2:error>
                        <caom2:syser>1e-07</caom2:syser>
                        <caom2:rnder>1e-07</caom2:rnder>
                      </caom2:error>
                      <caom2:function>
                        <caom2:naxis>4</caom2:naxis>
                        <caom2:delta>0.001388888889</caom2:delta>
                        <caom2:refCoord>
                          <caom2:pix>0.5</caom2:pix>
                          <caom2:val>57946.5685257</caom2:val>
                        </caom2:refCoord>
                      </caom2:function>
                    </caom2:axis>
                    <caom2:timesys>UTC</caom2:timesys>
                    <caom2:exposure>120.0</caom2:exposure>
                    <caom2:resolution>120.0</caom2:resolution>
                  </caom2:time>
                </caom2:chunk>
              </caom2:chunks>
            </caom2:part>
          </caom2:parts>
        </caom2:artifact>
      </caom2:artifacts>
    </caom2:plane>
  </caom2:planes>
</caom2:Observation>
