<?xml version='1.0' encoding='UTF-8'?>
<caom2:Observation xmlns:caom2="http://www.opencadc.org/caom2/xml/v2.4" xmlns:xsi="http://www.w3.org/2001/XMLSchema-instance" xsi:type="caom2:SimpleObservation" caom2:id="00000000-0000-0000-6513-0160b7abfaf7" caom2:lastModified="2018-01-02T20:35:42.430" caom2:maxLastModified="2019-11-06T07:20:21.120" caom2:metaChecksum="md5:b342e11b2ccb703b18b0b2ea4bc456f8" caom2:accMetaChecksum="md5:f3fea2d750850e5fa13cb06d80e596c1" caom2:metaProducer="cfht2caom2/0.3">
  <caom2:collection>CFHT</caom2:collection>
  <caom2:observationID>2238502</caom2:observationID>
  <caom2:metaRelease>2018-01-02T00:00:00.000</caom2:metaRelease>
  <caom2:sequenceNumber>2238502</caom2:sequenceNumber>
  <caom2:algorithm>
    <caom2:name>exposure</caom2:name>
  </caom2:algorithm>
  <caom2:type>OBJECT</caom2:type>
  <caom2:intent>science</caom2:intent>
  <caom2:proposal>
    <caom2:id>17BF06</caom2:id>
    <caom2:pi>Alexandre Santerne</caom2:pi>
    <caom2:title>Understanding stellar activity: the first joint space photometry, radial velocity, and polarimetry campaign</caom2:title>
  </caom2:proposal>
  <caom2:target>
    <caom2:name>EPIC-1451</caom2:name>
    <caom2:standard>false</caom2:standard>
  </caom2:target>
  <caom2:targetPosition>
    <caom2:coordsys>FK5</caom2:coordsys>
    <caom2:equinox>2000.0</caom2:equinox>
    <caom2:coordinates>
      <caom2:cval1>186.87324999999996</caom2:cval1>
      <caom2:cval2>-6.721861111111111</caom2:cval2>
    </caom2:coordinates>
  </caom2:targetPosition>
  <caom2:telescope>
    <caom2:name>CFHT 3.6m</caom2:name>
    <caom2:geoLocationX>-5464301.771353686</caom2:geoLocationX>
    <caom2:geoLocationY>-2493489.8730419013</caom2:geoLocationY>
    <caom2:geoLocationZ>2151085.1695058867</caom2:geoLocationZ>
  </caom2:telescope>
  <caom2:instrument>
    <caom2:name>ESPaDOnS</caom2:name>
    <caom2:keywords>
      <caom2:keyword>INSTMODE=Polarimetry,</caom2:keyword>
      <caom2:keyword>R=65,000</caom2:keyword>
    </caom2:keywords>
  </caom2:instrument>
  <caom2:environment>
    <caom2:humidity>5.63</caom2:humidity>
    <caom2:elevation>63.3438</caom2:elevation>
    <caom2:ambientTemp>2.12</caom2:ambientTemp>
  </caom2:environment>
  <caom2:planes>
    <caom2:plane caom2:id="00000000-0000-0000-53c9-0160b8963472" caom2:lastModified="2019-01-11T19:49:09.843" caom2:maxLastModified="2019-11-06T07:20:21.120" caom2:metaChecksum="md5:5d5aa32f2ffa55474532b55697765f39" caom2:accMetaChecksum="md5:2fffbf9d0760a73a8131739fb6a366f2" caom2:metaProducer="cfht2caom2/0.3">
      <caom2:productID>2238502i</caom2:productID>
      <caom2:metaRelease>2018-01-02T00:00:00.000</caom2:metaRelease>
      <caom2:dataRelease>2019-02-28T00:00:00.000</caom2:dataRelease>
      <caom2:dataProductType>spectrum</caom2:dataProductType>
      <caom2:calibrationLevel>2</caom2:calibrationLevel>
      <caom2:provenance>
        <caom2:name>UPENA</caom2:name>
        <caom2:version>1.1 January 2016</caom2:version>
        <caom2:project>STANDARD PIPELINE</caom2:project>
        <caom2:producer>CFHT</caom2:producer>
        <caom2:reference>http://www.cfht.hawaii.edu/Instruments/Upena/</caom2:reference>
        <caom2:lastExecuted>2018-01-02T17:20:20.000</caom2:lastExecuted>
        <caom2:keywords>
          <caom2:keyword>reduction=Intensity</caom2:keyword>
        </caom2:keywords>
        <caom2:inputs>
          <caom2:planeURI>caom:CFHT/2238502/2238502o</caom2:planeURI>
        </caom2:inputs>
      </caom2:provenance>
      <caom2:artifacts>
        <caom2:artifact caom2:id="00000000-0000-0000-53c9-0160b8963478" caom2:lastModified="2018-03-01T05:53:44.903" caom2:maxLastModified="2018-03-01T05:53:44.903" caom2:metaChecksum="md5:56c00ea571ea27f881014a6e1c6cbe38" caom2:accMetaChecksum="md5:1ba1ef0607139ef222f83f67b3eb7b9f" caom2:metaProducer="cfht2caom2/0.3">
          <caom2:uri>ad:CFHT/2238502i.fits.gz</caom2:uri>
          <caom2:productType>science</caom2:productType>
          <caom2:releaseType>data</caom2:releaseType>
          <caom2:contentType>application/fits</caom2:contentType>
          <caom2:contentChecksum>md5:df641eae974e53d2accb1540140aa2b2</caom2:contentChecksum>
          <caom2:parts>
            <caom2:part caom2:id="00000000-0000-0000-53c9-0160b8963479" caom2:lastModified="2018-01-02T20:35:42.430" caom2:maxLastModified="2018-01-02T22:29:18.727" caom2:metaChecksum="md5:d4caeaa3035034c85feee81a860e5070" caom2:accMetaChecksum="md5:4faf8f49545d915b06f4738dd662f3b2">
              <caom2:name>0</caom2:name>
              <caom2:chunks>
                <caom2:chunk caom2:id="00000000-0000-0000-53c9-0160b896347b" caom2:lastModified="2018-01-02T22:29:18.727" caom2:maxLastModified="2018-01-02T22:29:18.727" caom2:metaChecksum="md5:00f19de4d7501ab004140748cd32d01a" caom2:accMetaChecksum="md5:aed6f68ba0c0f512b7aa598796a92e8d" caom2:metaProducer="cfht2caom2/0.3">
                  <caom2:observable>
                    <caom2:dependent>
                      <caom2:axis>
                        <caom2:ctype>flux</caom2:ctype>
                        <caom2:cunit>counts</caom2:cunit>
                      </caom2:axis>
                      <caom2:bin>2</caom2:bin>
                    </caom2:dependent>
                    <caom2:independent>
                      <caom2:axis>
                        <caom2:ctype>WAVE</caom2:ctype>
                        <caom2:cunit>nm</caom2:cunit>
                      </caom2:axis>
                      <caom2:bin>1</caom2:bin>
                    </caom2:independent>
                  </caom2:observable>
                  <caom2:position>
                    <caom2:axis>
                      <caom2:axis1>
                        <caom2:ctype>RA---TAN</caom2:ctype>
                        <caom2:cunit>deg</caom2:cunit>
                      </caom2:axis1>
                      <caom2:axis2>
                        <caom2:ctype>DEC--TAN</caom2:ctype>
                        <caom2:cunit>deg</caom2:cunit>
                      </caom2:axis2>
                      <caom2:error1>
                        <caom2:syser>2.78e-05</caom2:syser>
                        <caom2:rnder>2.78e-05</caom2:rnder>
                      </caom2:error1>
                      <caom2:error2>
                        <caom2:syser>2.78e-05</caom2:syser>
                        <caom2:rnder>2.78e-05</caom2:rnder>
                      </caom2:error2>
                      <caom2:function>
                        <caom2:dimension>
                          <caom2:naxis1>1</caom2:naxis1>
                          <caom2:naxis2>1</caom2:naxis2>
                        </caom2:dimension>
                        <caom2:refCoord>
                          <caom2:coord1>
                            <caom2:pix>1.0</caom2:pix>
                            <caom2:val>186.87325</caom2:val>
                          </caom2:coord1>
                          <caom2:coord2>
                            <caom2:pix>1.0</caom2:pix>
                            <caom2:val>-6.721861</caom2:val>
                          </caom2:coord2>
                        </caom2:refCoord>
                        <caom2:cd11>-0.000444</caom2:cd11>
                        <caom2:cd12>0.0</caom2:cd12>
                        <caom2:cd21>0.0</caom2:cd21>
                        <caom2:cd22>0.000444</caom2:cd22>
                      </caom2:function>
                    </caom2:axis>
                    <caom2:coordsys>FK5</caom2:coordsys>
                    <caom2:equinox>2000.0</caom2:equinox>
                  </caom2:position>
                  <caom2:time>
                    <caom2:axis>
                      <caom2:axis>
                        <caom2:ctype>TIME</caom2:ctype>
                        <caom2:cunit>d</caom2:cunit>
                      </caom2:axis>
                      <caom2:error>
                        <caom2:syser>1e-07</caom2:syser>
                        <caom2:rnder>1e-07</caom2:rnder>
                      </caom2:error>
                      <caom2:function>
                        <caom2:naxis>1</caom2:naxis>
                        <caom2:delta>0.0104166666667</caom2:delta>
                        <caom2:refCoord>
                          <caom2:pix>0.5</caom2:pix>
                          <caom2:val>58120.6660696</caom2:val>
                        </caom2:refCoord>
                      </caom2:function>
                    </caom2:axis>
                    <caom2:timesys>UTC</caom2:timesys>
                    <caom2:exposure>900.0</caom2:exposure>
                    <caom2:resolution>900.0</caom2:resolution>
                  </caom2:time>
                </caom2:chunk>
              </caom2:chunks>
            </caom2:part>
          </caom2:parts>
        </caom2:artifact>
      </caom2:artifacts>
    </caom2:plane>
  </caom2:planes>
</caom2:Observation>
