<?xml version='1.0' encoding='UTF-8'?>
<caom2:Observation xmlns:caom2="http://www.opencadc.org/caom2/xml/v2.4" xmlns:xsi="http://www.w3.org/2001/XMLSchema-instance" xsi:type="caom2:SimpleObservation" caom2:id="00000000-0000-0000-32f8-01677a8430e1" caom2:lastModified="2018-12-04T18:39:11.504" caom2:maxLastModified="2019-11-06T09:25:58.830" caom2:metaChecksum="md5:b6fbc62f1e5d115ee689d4e90b4a7163" caom2:accMetaChecksum="md5:da99b840f7e38e1c9bc5ec4128f4a62b" caom2:metaProducer="cfht2caom2/0.2">
  <caom2:collection>CFHT</caom2:collection>
  <caom2:observationID>2352723</caom2:observationID>
  <caom2:metaRelease>2018-12-03T00:00:00.000</caom2:metaRelease>
  <caom2:sequenceNumber>2352723</caom2:sequenceNumber>
  <caom2:algorithm>
    <caom2:name>exposure</caom2:name>
  </caom2:algorithm>
  <caom2:type>OBJECT</caom2:type>
  <caom2:intent>science</caom2:intent>
  <caom2:proposal>
    <caom2:id>18BP41</caom2:id>
    <caom2:pi>Laurie Rousseau-Nepton</caom2:pi>
    <caom2:project>SIGNALS</caom2:project>
    <caom2:title>SIGNALS</caom2:title>
  </caom2:proposal>
  <caom2:target>
    <caom2:name>NGC2903_Field1</caom2:name>
    <caom2:standard>false</caom2:standard>
  </caom2:target>
  <caom2:targetPosition>
    <caom2:coordsys>FK5</caom2:coordsys>
    <caom2:equinox>2000.0</caom2:equinox>
    <caom2:coordinates>
      <caom2:cval1>143.0618333333333</caom2:cval1>
      <caom2:cval2>21.555583333333335</caom2:cval2>
    </caom2:coordinates>
  </caom2:targetPosition>
  <caom2:telescope>
    <caom2:name>CFHT 3.6m</caom2:name>
    <caom2:geoLocationX>-5464301.771353686</caom2:geoLocationX>
    <caom2:geoLocationY>-2493489.8730419003</caom2:geoLocationY>
    <caom2:geoLocationZ>2151085.1695058867</caom2:geoLocationZ>
  </caom2:telescope>
  <caom2:instrument>
    <caom2:name>SITELLE</caom2:name>
    <caom2:keywords>
      <caom2:keyword>INSTMODE=SCAN,SITSTEP=468,SITSTEPS=672</caom2:keyword>
    </caom2:keywords>
  </caom2:instrument>
  <caom2:environment>
    <caom2:humidity>12.98</caom2:humidity>
    <caom2:elevation>72.669</caom2:elevation>
    <caom2:ambientTemp>0.62</caom2:ambientTemp>
  </caom2:environment>
  <caom2:planes>
    <caom2:plane caom2:id="00000000-0000-0000-32f8-01677a843c82" caom2:lastModified="2019-07-12T22:21:43.358" caom2:maxLastModified="2019-11-06T09:25:58.830" caom2:metaChecksum="md5:cf06cc81206d03685550d7c6cf71a2fe" caom2:accMetaChecksum="md5:c2af5ea41525ad2e1f14b1541c87bfb0" caom2:metaProducer="cfht2caom2/0.2">
      <caom2:productID>2352723o</caom2:productID>
      <caom2:metaRelease>2018-12-03T00:00:00.000</caom2:metaRelease>
      <caom2:dataRelease>2018-12-03T00:00:00.000</caom2:dataRelease>
      <caom2:dataProductType>image</caom2:dataProductType>
      <caom2:calibrationLevel>1</caom2:calibrationLevel>
      <caom2:provenance>
        <caom2:name>ORBS</caom2:name>
        <caom2:project>STANDARD PIPELINE</caom2:project>
        <caom2:producer>CFHT</caom2:producer>
        <caom2:runID>18Bs03</caom2:runID>
        <caom2:reference>http://ascl.net/1409.007</caom2:reference>
      </caom2:provenance>
      <caom2:artifacts>
        <caom2:artifact caom2:id="00000000-0000-0000-32f8-01677a843c8a" caom2:lastModified="2019-07-12T22:21:43.358" caom2:maxLastModified="2019-07-12T22:21:43.358" caom2:metaChecksum="md5:d82b9971540355239040a2b7df88743e" caom2:accMetaChecksum="md5:26d6fc9ed394cbe975e503b3d422267a" caom2:metaProducer="cfht2caom2/0.2">
          <caom2:uri>ad:CFHT/2352723o.fits.fz</caom2:uri>
          <caom2:productType>science</caom2:productType>
          <caom2:releaseType>data</caom2:releaseType>
          <caom2:contentType>application/fits</caom2:contentType>
          <caom2:contentChecksum>md5:dcdc19b35e15b4ce181ee68643b4dced</caom2:contentChecksum>
          <caom2:parts>
            <caom2:part caom2:id="00000000-0000-0000-32f8-01677a843c8b" caom2:lastModified="2018-12-04T18:39:11.504" caom2:maxLastModified="2018-12-04T18:39:11.504" caom2:metaChecksum="md5:783b19bf3dd83089f3fe9b02bee4971b" caom2:accMetaChecksum="md5:2f2748f26879765c4da53ef38b49bdd0">
              <caom2:name>0</caom2:name>
              <caom2:chunks/>
            </caom2:part>
            <caom2:part caom2:id="00000000-0000-0000-32f8-01677a843c8d" caom2:lastModified="2018-12-04T18:39:11.504" caom2:maxLastModified="2018-12-04T18:39:11.504" caom2:metaChecksum="md5:988b1ead6a59f1f5310e910c784486f2" caom2:accMetaChecksum="md5:7724c8c7a0dcf0829bafdf64c32ee1c2">
              <caom2:name>1</caom2:name>
              <caom2:chunks>
                <caom2:chunk caom2:id="00000000-0000-0000-32f8-01677a843c8e" caom2:lastModified="2018-12-04T18:39:11.504" caom2:maxLastModified="2018-12-04T18:39:11.504" caom2:metaChecksum="md5:f7452f955dce446f3575a47ef6099df9" caom2:accMetaChecksum="md5:e9282a55f92f397e366560adf116df4e" caom2:metaProducer="cfht2caom2/0.2">
                  <caom2:naxis>2</caom2:naxis>
                  <caom2:positionAxis1>1</caom2:positionAxis1>
                  <caom2:positionAxis2>2</caom2:positionAxis2>
                  <caom2:position>
                    <caom2:axis>
                      <caom2:axis1>
                        <caom2:ctype>RA</caom2:ctype>
                        <caom2:cunit>deg</caom2:cunit>
                      </caom2:axis1>
                      <caom2:axis2>
                        <caom2:ctype>DEC</caom2:ctype>
                        <caom2:cunit>deg</caom2:cunit>
                      </caom2:axis2>
                      <caom2:range>
                        <caom2:start>
                          <caom2:coord1>
                            <caom2:pix>0.5</caom2:pix>
                            <caom2:val>143.16024950946792</caom2:val>
                          </caom2:coord1>
                          <caom2:coord2>
                            <caom2:pix>0.5</caom2:pix>
                            <caom2:val>21.463991888888888</caom2:val>
                          </caom2:coord2>
                        </caom2:start>
                        <caom2:end>
                          <caom2:coord1>
                            <caom2:pix>2048.5</caom2:pix>
                            <caom2:val>142.96329211517127</caom2:val>
                          </caom2:coord1>
                          <caom2:coord2>
                            <caom2:pix>2048.5</caom2:pix>
                            <caom2:val>21.64717411111111</caom2:val>
                          </caom2:coord2>
                        </caom2:end>
                      </caom2:range>
                    </caom2:axis>
                    <caom2:coordsys>FK5</caom2:coordsys>
                    <caom2:equinox>2000.0</caom2:equinox>
                  </caom2:position>
                  <caom2:energy>
                    <caom2:axis>
                      <caom2:axis>
                        <caom2:ctype>WAVE</caom2:ctype>
                        <caom2:cunit>m</caom2:cunit>
                      </caom2:axis>
                      <caom2:error>
                        <caom2:syser>1.0</caom2:syser>
                        <caom2:rnder>1.0</caom2:rnder>
                      </caom2:error>
                      <caom2:function>
                        <caom2:naxis>1</caom2:naxis>
                        <caom2:delta>3.8100000000000004e-08</caom2:delta>
                        <caom2:refCoord>
                          <caom2:pix>0.5</caom2:pix>
                          <caom2:val>6.473e-07</caom2:val>
                        </caom2:refCoord>
                      </caom2:function>
                    </caom2:axis>
                    <caom2:specsys>TOPOCENT</caom2:specsys>
                    <caom2:ssysobs>TOPOCENT</caom2:ssysobs>
                    <caom2:ssyssrc>TOPOCENT</caom2:ssyssrc>
                    <caom2:bandpassName>SN3</caom2:bandpassName>
                    <caom2:resolvingPower>5000.0</caom2:resolvingPower>
                  </caom2:energy>
                  <caom2:time>
                    <caom2:axis>
                      <caom2:axis>
                        <caom2:ctype>TIME</caom2:ctype>
                        <caom2:cunit>d</caom2:cunit>
                      </caom2:axis>
                      <caom2:error>
                        <caom2:syser>1e-07</caom2:syser>
                        <caom2:rnder>1e-07</caom2:rnder>
                      </caom2:error>
                      <caom2:function>
                        <caom2:naxis>1</caom2:naxis>
                        <caom2:delta>0.000153935185</caom2:delta>
                        <caom2:refCoord>
                          <caom2:pix>0.5</caom2:pix>
                          <caom2:val>58455.5777278</caom2:val>
                        </caom2:refCoord>
                      </caom2:function>
                    </caom2:axis>
                    <caom2:timesys>UTC</caom2:timesys>
                    <caom2:exposure>13.3</caom2:exposure>
                    <caom2:resolution>13.3</caom2:resolution>
                  </caom2:time>
                </caom2:chunk>
              </caom2:chunks>
            </caom2:part>
          </caom2:parts>
        </caom2:artifact>
      </caom2:artifacts>
    </caom2:plane>
  </caom2:planes>
</caom2:Observation>
