<?xml version='1.0' encoding='UTF-8'?>
<caom2:Observation xmlns:caom2="http://www.opencadc.org/caom2/xml/v2.4" xmlns:xsi="http://www.w3.org/2001/XMLSchema-instance" xsi:type="caom2:SimpleObservation" caom2:id="901a7a26-207c-4465-8099-586ed308a4c8" caom2:lastModified="2019-06-05T22:57:39.448" caom2:maxLastModified="2019-11-06T09:15:12.150" caom2:metaChecksum="md5:02ae68f60e408ec896e13fad2deb59d9" caom2:accMetaChecksum="md5:1696f836cfac2b4b9ade47afc7aaf48c" caom2:metaProducer="cfht2caom2/0.2">
  <caom2:collection>CFHT</caom2:collection>
  <caom2:observationID>2401728</caom2:observationID>
  <caom2:metaRelease>2018-04-25T03:20:49.000</caom2:metaRelease>
  <caom2:sequenceNumber>2401728</caom2:sequenceNumber>
  <caom2:algorithm>
    <caom2:name>exposure</caom2:name>
  </caom2:algorithm>
  <caom2:type>COMPARISON</caom2:type>
  <caom2:intent>calibration</caom2:intent>
  <caom2:proposal>
    <caom2:id>18AE90</caom2:id>
    <caom2:pi>Engineering</caom2:pi>
  </caom2:proposal>
  <caom2:target>
    <caom2:name>m1</caom2:name>
    <caom2:standard>false</caom2:standard>
  </caom2:target>
  <caom2:telescope>
    <caom2:name>CFHT 3.6m</caom2:name>
    <caom2:geoLocationX>-5464301.771353686</caom2:geoLocationX>
    <caom2:geoLocationY>-2493489.8730419003</caom2:geoLocationY>
    <caom2:geoLocationZ>2151085.1695058867</caom2:geoLocationZ>
  </caom2:telescope>
  <caom2:instrument>
    <caom2:name>SPIRou</caom2:name>
  </caom2:instrument>
  <caom2:environment>
    <caom2:humidity>31.1</caom2:humidity>
    <caom2:elevation>89.9254</caom2:elevation>
    <caom2:ambientTemp>5.47</caom2:ambientTemp>
  </caom2:environment>
  <caom2:planes>
    <caom2:plane caom2:id="fa742a2e-2817-447e-b130-72e2114ff1a6" caom2:lastModified="2019-06-05T22:47:35.808" caom2:maxLastModified="2019-11-06T09:15:12.150" caom2:metaChecksum="md5:862f124c7cdfa640877661369a84d863" caom2:accMetaChecksum="md5:f3673c8de04da2b70d14e08bf18803b0" caom2:metaProducer="cfht2caom2/0.2">
      <caom2:productID>2401728c</caom2:productID>
      <caom2:metaRelease>2018-04-25T03:20:49.000</caom2:metaRelease>
      <caom2:dataRelease>2018-04-25T03:20:49.000</caom2:dataRelease>
      <caom2:dataProductType>spectrum</caom2:dataProductType>
      <caom2:calibrationLevel>1</caom2:calibrationLevel>
      <caom2:provenance>
        <caom2:name>fitspipe</caom2:name>
        <caom2:version>2.08 (Apr 06 2018)</caom2:version>
        <caom2:project>STANDARD PIPELINE</caom2:project>
        <caom2:producer>CFHT</caom2:producer>
        <caom2:runID>18Ap01</caom2:runID>
        <caom2:reference>http://www.cfht.hawaii.edu/Instruments/SPIRou/</caom2:reference>
      </caom2:provenance>
      <caom2:artifacts>
        <caom2:artifact caom2:id="17d16797-7a50-4199-a7c6-fa68eaa6e16f" caom2:lastModified="2019-06-05T22:47:35.808" caom2:maxLastModified="2019-11-06T09:15:12.150" caom2:metaChecksum="md5:964ca9946b3a876cb18fffa3c4b4bd7e" caom2:accMetaChecksum="md5:315325af2aa932c3312cb45574487020" caom2:metaProducer="cfht2caom2/0.2">
          <caom2:uri>ad:CFHT/2401728c.fits</caom2:uri>
          <caom2:productType>calibration</caom2:productType>
          <caom2:releaseType>data</caom2:releaseType>
          <caom2:contentType>application/fits</caom2:contentType>
          <caom2:contentChecksum>md5:2f0a6b7de39c4fc21dc4fe30fa06cf06</caom2:contentChecksum>
          <caom2:parts>
            <caom2:part caom2:id="03260820-6395-4567-b0ed-94d82922c74a" caom2:lastModified="2019-06-05T22:47:35.808" caom2:maxLastModified="2019-06-05T22:47:35.808" caom2:metaChecksum="md5:37f44ca0859483bac3ba29a19548c086" caom2:accMetaChecksum="md5:9b9f53f2994c23bba9d4576ff73c91f7">
              <caom2:name>0</caom2:name>
              <caom2:chunks/>
            </caom2:part>
            <caom2:part caom2:id="dce26b80-ab0b-45ad-b311-8b4344cfe436" caom2:lastModified="2019-06-05T22:47:35.808" caom2:maxLastModified="2019-06-05T22:47:35.808" caom2:metaChecksum="md5:cf24b8148dafac8a16835a848691de15" caom2:accMetaChecksum="md5:e356d597ae67c07bfe2d924860cd1c19">
              <caom2:name>count</caom2:name>
              <caom2:chunks>
                <caom2:chunk caom2:id="c8e2650f-1d08-4d2d-8936-c62349552c0c" caom2:lastModified="2019-06-05T22:47:35.808" caom2:maxLastModified="2019-06-05T22:47:35.808" caom2:metaChecksum="md5:721c1c076db8c1e04da4e51ba8a67256" caom2:accMetaChecksum="md5:f971d0380d998945806536411621cc24" caom2:metaProducer="cfht2caom2/0.2">
                  <caom2:energy>
                    <caom2:axis>
                      <caom2:axis>
                        <caom2:ctype>WAVE</caom2:ctype>
                        <caom2:cunit>m</caom2:cunit>
                      </caom2:axis>
                      <caom2:error>
                        <caom2:syser>0.001</caom2:syser>
                        <caom2:rnder>0.001</caom2:rnder>
                      </caom2:error>
                      <caom2:function>
                        <caom2:naxis>1</caom2:naxis>
                        <caom2:delta>1.56e-06</caom2:delta>
                        <caom2:refCoord>
                          <caom2:pix>0.5</caom2:pix>
                          <caom2:val>9.55e-07</caom2:val>
                        </caom2:refCoord>
                      </caom2:function>
                    </caom2:axis>
                    <caom2:specsys>TOPOCENT</caom2:specsys>
                    <caom2:ssysobs>TOPOCENT</caom2:ssysobs>
                    <caom2:ssyssrc>TOPOCENT</caom2:ssyssrc>
                    <caom2:resolvingPower>73000.0</caom2:resolvingPower>
                  </caom2:energy>
                  <caom2:time>
                    <caom2:axis>
                      <caom2:axis>
                        <caom2:ctype>TIME</caom2:ctype>
                        <caom2:cunit>d</caom2:cunit>
                      </caom2:axis>
                      <caom2:error>
                        <caom2:syser>1e-07</caom2:syser>
                        <caom2:rnder>1e-07</caom2:rnder>
                      </caom2:error>
                      <caom2:function>
                        <caom2:naxis>1</caom2:naxis>
                        <caom2:delta>0.00702938657407</caom2:delta>
                        <caom2:refCoord>
                          <caom2:pix>0.5</caom2:pix>
                          <caom2:val>58233.1322157</caom2:val>
                        </caom2:refCoord>
                      </caom2:function>
                    </caom2:axis>
                    <caom2:timesys>UTC</caom2:timesys>
                    <caom2:exposure>601.767</caom2:exposure>
                    <caom2:resolution>601.767</caom2:resolution>
                  </caom2:time>
                </caom2:chunk>
              </caom2:chunks>
            </caom2:part>
            <caom2:part caom2:id="3173ff52-d6ce-4b3c-a597-3cc6396fb534" caom2:lastModified="2019-06-05T22:47:35.808" caom2:maxLastModified="2019-06-05T22:47:35.808" caom2:metaChecksum="md5:50f223a2b98974c2fbf05a9d8d2413ef" caom2:accMetaChecksum="md5:96c0c209f7f33d0a870fbd20eba97d05">
              <caom2:name>errslope</caom2:name>
              <caom2:chunks>
                <caom2:chunk caom2:id="ac3cb360-372d-4378-8618-0139267d552a" caom2:lastModified="2019-06-05T22:47:35.808" caom2:maxLastModified="2019-06-05T22:47:35.808" caom2:metaChecksum="md5:8071f3d119fd544e6fe6704b52ca2d9d" caom2:accMetaChecksum="md5:ce15b8e3ff3d4a561a21b80e780c8825" caom2:metaProducer="cfht2caom2/0.2">
                  <caom2:energy>
                    <caom2:axis>
                      <caom2:axis>
                        <caom2:ctype>WAVE</caom2:ctype>
                        <caom2:cunit>m</caom2:cunit>
                      </caom2:axis>
                      <caom2:error>
                        <caom2:syser>0.001</caom2:syser>
                        <caom2:rnder>0.001</caom2:rnder>
                      </caom2:error>
                      <caom2:function>
                        <caom2:naxis>1</caom2:naxis>
                        <caom2:delta>1.56e-06</caom2:delta>
                        <caom2:refCoord>
                          <caom2:pix>0.5</caom2:pix>
                          <caom2:val>9.55e-07</caom2:val>
                        </caom2:refCoord>
                      </caom2:function>
                    </caom2:axis>
                    <caom2:specsys>TOPOCENT</caom2:specsys>
                    <caom2:ssysobs>TOPOCENT</caom2:ssysobs>
                    <caom2:ssyssrc>TOPOCENT</caom2:ssyssrc>
                    <caom2:resolvingPower>73000.0</caom2:resolvingPower>
                  </caom2:energy>
                  <caom2:time>
                    <caom2:axis>
                      <caom2:axis>
                        <caom2:ctype>TIME</caom2:ctype>
                        <caom2:cunit>d</caom2:cunit>
                      </caom2:axis>
                      <caom2:error>
                        <caom2:syser>1e-07</caom2:syser>
                        <caom2:rnder>1e-07</caom2:rnder>
                      </caom2:error>
                      <caom2:function>
                        <caom2:naxis>1</caom2:naxis>
                        <caom2:delta>0.00702938657407</caom2:delta>
                        <caom2:refCoord>
                          <caom2:pix>0.5</caom2:pix>
                          <caom2:val>58233.1322157</caom2:val>
                        </caom2:refCoord>
                      </caom2:function>
                    </caom2:axis>
                    <caom2:timesys>UTC</caom2:timesys>
                    <caom2:exposure>601.767</caom2:exposure>
                    <caom2:resolution>601.767</caom2:resolution>
                  </caom2:time>
                </caom2:chunk>
              </caom2:chunks>
            </caom2:part>
            <caom2:part caom2:id="baae4772-4ca2-49a6-8532-38fc5c6ddb56" caom2:lastModified="2019-06-05T22:47:35.808" caom2:maxLastModified="2019-06-05T22:47:35.808" caom2:metaChecksum="md5:e0c3135c2d7911adc7d2ef3e737677e0" caom2:accMetaChecksum="md5:0c41a35d431cc758cbcda9081f8aa744">
              <caom2:name>intercept</caom2:name>
              <caom2:chunks>
                <caom2:chunk caom2:id="a6e04f5a-60aa-46e0-974d-e1edf319241d" caom2:lastModified="2019-06-05T22:47:35.808" caom2:maxLastModified="2019-06-05T22:47:35.808" caom2:metaChecksum="md5:a91d05cf3bc92ddb5ccff6067e21f80e" caom2:accMetaChecksum="md5:75da238bd4adff47745dc0ffdceef9e9" caom2:metaProducer="cfht2caom2/0.2">
                  <caom2:energy>
                    <caom2:axis>
                      <caom2:axis>
                        <caom2:ctype>WAVE</caom2:ctype>
                        <caom2:cunit>m</caom2:cunit>
                      </caom2:axis>
                      <caom2:error>
                        <caom2:syser>0.001</caom2:syser>
                        <caom2:rnder>0.001</caom2:rnder>
                      </caom2:error>
                      <caom2:function>
                        <caom2:naxis>1</caom2:naxis>
                        <caom2:delta>1.56e-06</caom2:delta>
                        <caom2:refCoord>
                          <caom2:pix>0.5</caom2:pix>
                          <caom2:val>9.55e-07</caom2:val>
                        </caom2:refCoord>
                      </caom2:function>
                    </caom2:axis>
                    <caom2:specsys>TOPOCENT</caom2:specsys>
                    <caom2:ssysobs>TOPOCENT</caom2:ssysobs>
                    <caom2:ssyssrc>TOPOCENT</caom2:ssyssrc>
                    <caom2:resolvingPower>73000.0</caom2:resolvingPower>
                  </caom2:energy>
                  <caom2:time>
                    <caom2:axis>
                      <caom2:axis>
                        <caom2:ctype>TIME</caom2:ctype>
                        <caom2:cunit>d</caom2:cunit>
                      </caom2:axis>
                      <caom2:error>
                        <caom2:syser>1e-07</caom2:syser>
                        <caom2:rnder>1e-07</caom2:rnder>
                      </caom2:error>
                      <caom2:function>
                        <caom2:naxis>1</caom2:naxis>
                        <caom2:delta>0.00702938657407</caom2:delta>
                        <caom2:refCoord>
                          <caom2:pix>0.5</caom2:pix>
                          <caom2:val>58233.1322157</caom2:val>
                        </caom2:refCoord>
                      </caom2:function>
                    </caom2:axis>
                    <caom2:timesys>UTC</caom2:timesys>
                    <caom2:exposure>601.767</caom2:exposure>
                    <caom2:resolution>601.767</caom2:resolution>
                  </caom2:time>
                </caom2:chunk>
              </caom2:chunks>
            </caom2:part>
            <caom2:part caom2:id="a26fdc64-474d-4f21-8dc3-c00f854ff0c9" caom2:lastModified="2019-06-05T22:47:35.808" caom2:maxLastModified="2019-06-05T22:47:35.808" caom2:metaChecksum="md5:4d8278b61aeac56a448681d9a6e33378" caom2:accMetaChecksum="md5:e9631198fd1e6470be78a8dd008402ad">
              <caom2:name>slope</caom2:name>
              <caom2:chunks>
                <caom2:chunk caom2:id="9613150a-8000-4712-b624-38552a17ca6d" caom2:lastModified="2019-06-05T22:47:35.808" caom2:maxLastModified="2019-06-05T22:47:35.808" caom2:metaChecksum="md5:0d1ccfaa05769095c05bf56c53498a09" caom2:accMetaChecksum="md5:81fee5bbbece96afc8504c4bc5f98aaa" caom2:metaProducer="cfht2caom2/0.2">
                  <caom2:energy>
                    <caom2:axis>
                      <caom2:axis>
                        <caom2:ctype>WAVE</caom2:ctype>
                        <caom2:cunit>m</caom2:cunit>
                      </caom2:axis>
                      <caom2:error>
                        <caom2:syser>0.001</caom2:syser>
                        <caom2:rnder>0.001</caom2:rnder>
                      </caom2:error>
                      <caom2:function>
                        <caom2:naxis>1</caom2:naxis>
                        <caom2:delta>1.56e-06</caom2:delta>
                        <caom2:refCoord>
                          <caom2:pix>0.5</caom2:pix>
                          <caom2:val>9.55e-07</caom2:val>
                        </caom2:refCoord>
                      </caom2:function>
                    </caom2:axis>
                    <caom2:specsys>TOPOCENT</caom2:specsys>
                    <caom2:ssysobs>TOPOCENT</caom2:ssysobs>
                    <caom2:ssyssrc>TOPOCENT</caom2:ssyssrc>
                    <caom2:resolvingPower>73000.0</caom2:resolvingPower>
                  </caom2:energy>
                  <caom2:time>
                    <caom2:axis>
                      <caom2:axis>
                        <caom2:ctype>TIME</caom2:ctype>
                        <caom2:cunit>d</caom2:cunit>
                      </caom2:axis>
                      <caom2:error>
                        <caom2:syser>1e-07</caom2:syser>
                        <caom2:rnder>1e-07</caom2:rnder>
                      </caom2:error>
                      <caom2:function>
                        <caom2:naxis>1</caom2:naxis>
                        <caom2:delta>0.00702938657407</caom2:delta>
                        <caom2:refCoord>
                          <caom2:pix>0.5</caom2:pix>
                          <caom2:val>58233.1322157</caom2:val>
                        </caom2:refCoord>
                      </caom2:function>
                    </caom2:axis>
                    <caom2:timesys>UTC</caom2:timesys>
                    <caom2:exposure>601.767</caom2:exposure>
                    <caom2:resolution>601.767</caom2:resolution>
                  </caom2:time>
                </caom2:chunk>
              </caom2:chunks>
            </caom2:part>
          </caom2:parts>
        </caom2:artifact>
      </caom2:artifacts>
    </caom2:plane>
  </caom2:planes>
</caom2:Observation>
