<?xml version='1.0' encoding='UTF-8'?>
<caom2:Observation xmlns:caom2="http://www.opencadc.org/caom2/xml/v2.4" xmlns:xsi="http://www.w3.org/2001/XMLSchema-instance" xsi:type="caom2:SimpleObservation" caom2:id="633b5021-51bc-4c7a-8194-aa08d8d3bf6c" caom2:lastModified="2019-10-04T04:51:36.340" caom2:maxLastModified="2019-10-04T04:51:36.340" caom2:metaChecksum="md5:dbda335e16cd0eab606829c4112d4800" caom2:accMetaChecksum="md5:efa93fbd2e61c58fa4840bb30e61e492" caom2:metaProducer="cfht2caom2/0.2">
  <caom2:collection>CFHT</caom2:collection>
  <caom2:observationID>2445848</caom2:observationID>
  <caom2:metaRelease>2019-10-01T00:00:00.000</caom2:metaRelease>
  <caom2:sequenceNumber>2445848</caom2:sequenceNumber>
  <caom2:algorithm>
    <caom2:name>exposure</caom2:name>
  </caom2:algorithm>
  <caom2:type>ALIGN</caom2:type>
  <caom2:intent>calibration</caom2:intent>
  <caom2:proposal>
    <caom2:id>19BQ69</caom2:id>
    <caom2:pi>QSO Team</caom2:pi>
  </caom2:proposal>
  <caom2:target>
    <caom2:name>Hz 4</caom2:name>
    <caom2:standard>false</caom2:standard>
  </caom2:target>
  <caom2:targetPosition>
    <caom2:coordsys>FK5</caom2:coordsys>
    <caom2:equinox>2000.0</caom2:equinox>
    <caom2:coordinates>
      <caom2:cval1>58.80658333333332</caom2:cval1>
      <caom2:cval2>9.755194444444445</caom2:cval2>
    </caom2:coordinates>
  </caom2:targetPosition>
  <caom2:telescope>
    <caom2:name>CFHT 3.6m</caom2:name>
    <caom2:geoLocationX>-5464301.771353686</caom2:geoLocationX>
    <caom2:geoLocationY>-2493489.8730419003</caom2:geoLocationY>
    <caom2:geoLocationZ>2151085.1695058867</caom2:geoLocationZ>
  </caom2:telescope>
  <caom2:instrument>
    <caom2:name>SITELLE</caom2:name>
    <caom2:keywords>
      <caom2:keyword>INSTMODE=IMAGING,SITSTEP=0,SITSTEPS=0</caom2:keyword>
    </caom2:keywords>
  </caom2:instrument>
  <caom2:environment>
    <caom2:humidity>25.95</caom2:humidity>
    <caom2:elevation>63.1526</caom2:elevation>
    <caom2:ambientTemp>0.89</caom2:ambientTemp>
  </caom2:environment>
  <caom2:planes>
    <caom2:plane caom2:id="f06996a9-d07b-49d7-a66d-2dfddc7285bd" caom2:lastModified="2019-10-04T04:51:36.340" caom2:maxLastModified="2019-10-04T04:51:36.340" caom2:metaChecksum="md5:cc58917e8ace347bdc1c81bede916be2" caom2:accMetaChecksum="md5:b34dc3924c81ab81d074032d9247241f" caom2:metaProducer="cfht2caom2/0.2">
      <caom2:productID>2445848a</caom2:productID>
      <caom2:metaRelease>2019-10-01T00:00:00.000</caom2:metaRelease>
      <caom2:dataRelease>2020-08-30T00:00:00.000</caom2:dataRelease>
      <caom2:dataProductType>image</caom2:dataProductType>
      <caom2:calibrationLevel>1</caom2:calibrationLevel>
      <caom2:provenance>
        <caom2:name>ORBS</caom2:name>
        <caom2:project>STANDARD PIPELINE</caom2:project>
        <caom2:producer>CFHT</caom2:producer>
        <caom2:runID>19Bs02</caom2:runID>
        <caom2:reference>http://ascl.net/1409.007</caom2:reference>
      </caom2:provenance>
      <caom2:artifacts>
        <caom2:artifact caom2:id="5ddc39d0-907e-4db0-af6d-c0d01bf18749" caom2:lastModified="2019-10-04T04:51:36.340" caom2:maxLastModified="2019-10-04T04:51:36.340" caom2:metaChecksum="md5:511852189a8a36001c4bc7c3a15135c5" caom2:accMetaChecksum="md5:45b58b89cfdec56ff86e7e30cc61e7c1" caom2:metaProducer="cfht2caom2/0.2">
          <caom2:uri>ad:CFHT/2445848a.fits.fz</caom2:uri>
          <caom2:productType>calibration</caom2:productType>
          <caom2:releaseType>data</caom2:releaseType>
          <caom2:contentType>application/fits</caom2:contentType>
          <caom2:contentChecksum>md5:36e4281de04a1464d20808f206c0df86</caom2:contentChecksum>
          <caom2:parts>
            <caom2:part caom2:id="2ea2608c-3636-4f39-84d0-0f485714a8af" caom2:lastModified="2019-10-04T04:51:36.340" caom2:maxLastModified="2019-10-04T04:51:36.340" caom2:metaChecksum="md5:7badc964430adbfb41d2ad7d815465d2" caom2:accMetaChecksum="md5:346c11da91998f9b7ec493fe7cc53ede">
              <caom2:name>0</caom2:name>
              <caom2:chunks/>
            </caom2:part>
            <caom2:part caom2:id="cd3c5db1-242b-41c4-b472-b35b1af6da94" caom2:lastModified="2019-10-04T04:51:36.340" caom2:maxLastModified="2019-10-04T04:51:36.340" caom2:metaChecksum="md5:f6c150ef9295bc00f77dc143ba555bdc" caom2:accMetaChecksum="md5:458c2b51c809d09abc382a54e5be78cf">
              <caom2:name>1</caom2:name>
              <caom2:chunks>
                <caom2:chunk caom2:id="2574ca1b-c97b-4c29-b84f-f6df1e0c54ba" caom2:lastModified="2019-10-04T04:51:36.340" caom2:maxLastModified="2019-10-04T04:51:36.340" caom2:metaChecksum="md5:e76d5e971d74b2259c1c735d2af6db28" caom2:accMetaChecksum="md5:9bf937b8ded3e7131964eab8eeed182a" caom2:metaProducer="cfht2caom2/0.2">
                  <caom2:naxis>2</caom2:naxis>
                  <caom2:positionAxis1>1</caom2:positionAxis1>
                  <caom2:positionAxis2>2</caom2:positionAxis2>
                  <caom2:position>
                    <caom2:axis>
                      <caom2:axis1>
                        <caom2:ctype>RA</caom2:ctype>
                        <caom2:cunit>deg</caom2:cunit>
                      </caom2:axis1>
                      <caom2:axis2>
                        <caom2:ctype>DEC</caom2:ctype>
                        <caom2:cunit>deg</caom2:cunit>
                      </caom2:axis2>
                      <caom2:range>
                        <caom2:start>
                          <caom2:coord1>
                            <caom2:pix>0.5</caom2:pix>
                            <caom2:val>58.89949246606324</caom2:val>
                          </caom2:coord1>
                          <caom2:coord2>
                            <caom2:pix>0.5</caom2:pix>
                            <caom2:val>9.663602888888889</caom2:val>
                          </caom2:coord2>
                        </caom2:start>
                        <caom2:end>
                          <caom2:coord1>
                            <caom2:pix>2048.5</caom2:pix>
                            <caom2:val>58.71362245073864</caom2:val>
                          </caom2:coord1>
                          <caom2:coord2>
                            <caom2:pix>2048.5</caom2:pix>
                            <caom2:val>9.84678511111111</caom2:val>
                          </caom2:coord2>
                        </caom2:end>
                      </caom2:range>
                    </caom2:axis>
                    <caom2:coordsys>FK5</caom2:coordsys>
                    <caom2:equinox>2000.0</caom2:equinox>
                  </caom2:position>
                  <caom2:energy>
                    <caom2:axis>
                      <caom2:axis>
                        <caom2:ctype>WAVE</caom2:ctype>
                        <caom2:cunit>m</caom2:cunit>
                      </caom2:axis>
                      <caom2:error>
                        <caom2:syser>1.0</caom2:syser>
                        <caom2:rnder>1.0</caom2:rnder>
                      </caom2:error>
                      <caom2:function>
                        <caom2:naxis>1</caom2:naxis>
                        <caom2:delta>3.81e-08</caom2:delta>
                        <caom2:refCoord>
                          <caom2:pix>0.5</caom2:pix>
                          <caom2:val>6.473e-07</caom2:val>
                        </caom2:refCoord>
                      </caom2:function>
                    </caom2:axis>
                    <caom2:specsys>TOPOCENT</caom2:specsys>
                    <caom2:ssysobs>TOPOCENT</caom2:ssysobs>
                    <caom2:ssyssrc>TOPOCENT</caom2:ssyssrc>
                    <caom2:bandpassName>SN3</caom2:bandpassName>
                    <caom2:resolvingPower>95.0</caom2:resolvingPower>
                  </caom2:energy>
                  <caom2:time>
                    <caom2:axis>
                      <caom2:axis>
                        <caom2:ctype>TIME</caom2:ctype>
                        <caom2:cunit>d</caom2:cunit>
                      </caom2:axis>
                      <caom2:error>
                        <caom2:syser>1e-07</caom2:syser>
                        <caom2:rnder>1e-07</caom2:rnder>
                      </caom2:error>
                      <caom2:function>
                        <caom2:naxis>1</caom2:naxis>
                        <caom2:delta>0.000347222222</caom2:delta>
                        <caom2:refCoord>
                          <caom2:pix>0.5</caom2:pix>
                          <caom2:val>58757.6396852</caom2:val>
                        </caom2:refCoord>
                      </caom2:function>
                    </caom2:axis>
                    <caom2:timesys>UTC</caom2:timesys>
                    <caom2:exposure>30.0</caom2:exposure>
                    <caom2:resolution>30.0</caom2:resolution>
                  </caom2:time>
                </caom2:chunk>
              </caom2:chunks>
            </caom2:part>
          </caom2:parts>
        </caom2:artifact>
      </caom2:artifacts>
    </caom2:plane>
  </caom2:planes>
</caom2:Observation>
