<?xml version='1.0' encoding='UTF-8'?>
<caom2:Observation xmlns:caom2="http://www.opencadc.org/caom2/xml/v2.4" xmlns:xsi="http://www.w3.org/2001/XMLSchema-instance" xsi:type="caom2:DerivedObservation" caom2:id="fcbe0c75-5ad8-44fa-a5cb-392ab3be1548" caom2:lastModified="2019-11-26T17:26:39.310" caom2:maxLastModified="2019-11-26T19:52:43.275" caom2:metaChecksum="md5:092c3ca48c7e7aa984e92acb81f7418a" caom2:accMetaChecksum="md5:38b7a551dc3a8e3feadd0c1267b2f1cb" caom2:metaProducer="cfht2caom2/0.3">
  <caom2:collection>CFHT</caom2:collection>
  <caom2:observationID>2445397p</caom2:observationID>
  <caom2:metaRelease>2019-10-01T00:00:00.000</caom2:metaRelease>
  <caom2:sequenceNumber>2445397</caom2:sequenceNumber>
  <caom2:algorithm>
    <caom2:name>scan</caom2:name>
  </caom2:algorithm>
  <caom2:type>OBJECT</caom2:type>
  <caom2:intent>science</caom2:intent>
  <caom2:proposal>
    <caom2:id>19BP41</caom2:id>
    <caom2:pi>Laurie Rousseau-Nepton</caom2:pi>
    <caom2:project>SIGNALS</caom2:project>
    <caom2:title>SIGNALS</caom2:title>
  </caom2:proposal>
  <caom2:target>
    <caom2:name>M31_Field1</caom2:name>
    <caom2:standard>false</caom2:standard>
  </caom2:target>
  <caom2:targetPosition>
    <caom2:coordsys>FK5</caom2:coordsys>
    <caom2:equinox>2000.0</caom2:equinox>
    <caom2:coordinates>
      <caom2:cval1>11.0415</caom2:cval1>
      <caom2:cval2>41.61161111111111</caom2:cval2>
    </caom2:coordinates>
  </caom2:targetPosition>
  <caom2:telescope>
    <caom2:name>CFHT 3.6m</caom2:name>
    <caom2:geoLocationX>-5464301.771353686</caom2:geoLocationX>
    <caom2:geoLocationY>-2493489.8730419003</caom2:geoLocationY>
    <caom2:geoLocationZ>2151085.1695058867</caom2:geoLocationZ>
  </caom2:telescope>
  <caom2:instrument>
    <caom2:name>SITELLE</caom2:name>
    <caom2:keywords>
      <caom2:keyword>INSTMODE=SCAN</caom2:keyword>
    </caom2:keywords>
  </caom2:instrument>
  <caom2:planes>
    <caom2:plane caom2:id="ecf4c0eb-e735-46e3-bf2c-2a42794990c2" caom2:lastModified="2019-11-26T17:26:39.310" caom2:maxLastModified="2019-11-26T19:52:43.275" caom2:metaChecksum="md5:34f649d8bb7d40ced6c9139709403153" caom2:accMetaChecksum="md5:e0ed401f9451b6239dc4619646f9721b" caom2:metaProducer="cfht2caom2/0.3">
      <caom2:productID>2445397p</caom2:productID>
      <caom2:metaRelease>2019-10-01T00:00:00.000</caom2:metaRelease>
      <caom2:dataRelease>2019-10-01T00:00:00.000</caom2:dataRelease>
      <caom2:dataProductType>cube</caom2:dataProductType>
      <caom2:calibrationLevel>2</caom2:calibrationLevel>
      <caom2:provenance>
        <caom2:name>ORBS</caom2:name>
        <caom2:project>STANDARD PIPELINE</caom2:project>
        <caom2:producer>CFHT</caom2:producer>
        <caom2:runID>19Bs02</caom2:runID>
        <caom2:reference>http://ascl.net/1409.007</caom2:reference>
        <caom2:lastExecuted>2019-10-24T00:00:00.000</caom2:lastExecuted>
        <caom2:inputs>
          <caom2:planeURI>caom:CFHT/2445399/2445399o</caom2:planeURI>
          <caom2:planeURI>caom:CFHT/2445548/2445548o</caom2:planeURI>
          <caom2:planeURI>caom:CFHT/2445553/2445553o</caom2:planeURI>
          <caom2:planeURI>caom:CFHT/2445464/2445464o</caom2:planeURI>
          <caom2:planeURI>caom:CFHT/2445598/2445598o</caom2:planeURI>
          <caom2:planeURI>caom:CFHT/2445613/2445613o</caom2:planeURI>
          <caom2:planeURI>caom:CFHT/2445507/2445507o</caom2:planeURI>
          <caom2:planeURI>caom:CFHT/2445647/2445647o</caom2:planeURI>
          <caom2:planeURI>caom:CFHT/2445631/2445631o</caom2:planeURI>
          <caom2:planeURI>caom:CFHT/2445584/2445584o</caom2:planeURI>
          <caom2:planeURI>caom:CFHT/2445630/2445630o</caom2:planeURI>
          <caom2:planeURI>caom:CFHT/2445425/2445425o</caom2:planeURI>
          <caom2:planeURI>caom:CFHT/2445547/2445547o</caom2:planeURI>
          <caom2:planeURI>caom:CFHT/2445589/2445589o</caom2:planeURI>
          <caom2:planeURI>caom:CFHT/2445406/2445406o</caom2:planeURI>
          <caom2:planeURI>caom:CFHT/2445568/2445568o</caom2:planeURI>
          <caom2:planeURI>caom:CFHT/2445414/2445414o</caom2:planeURI>
          <caom2:planeURI>caom:CFHT/2445594/2445594o</caom2:planeURI>
          <caom2:planeURI>caom:CFHT/2445650/2445650o</caom2:planeURI>
          <caom2:planeURI>caom:CFHT/2445412/2445412o</caom2:planeURI>
          <caom2:planeURI>caom:CFHT/2445648/2445648o</caom2:planeURI>
          <caom2:planeURI>caom:CFHT/2445555/2445555o</caom2:planeURI>
          <caom2:planeURI>caom:CFHT/2445415/2445415o</caom2:planeURI>
          <caom2:planeURI>caom:CFHT/2445411/2445411o</caom2:planeURI>
          <caom2:planeURI>caom:CFHT/2445512/2445512o</caom2:planeURI>
          <caom2:planeURI>caom:CFHT/2445403/2445403o</caom2:planeURI>
          <caom2:planeURI>caom:CFHT/2445473/2445473o</caom2:planeURI>
          <caom2:planeURI>caom:CFHT/2445404/2445404o</caom2:planeURI>
          <caom2:planeURI>caom:CFHT/2445637/2445637o</caom2:planeURI>
          <caom2:planeURI>caom:CFHT/2445405/2445405o</caom2:planeURI>
          <caom2:planeURI>caom:CFHT/2445606/2445606o</caom2:planeURI>
          <caom2:planeURI>caom:CFHT/2445643/2445643o</caom2:planeURI>
          <caom2:planeURI>caom:CFHT/2445497/2445497o</caom2:planeURI>
          <caom2:planeURI>caom:CFHT/2445520/2445520o</caom2:planeURI>
          <caom2:planeURI>caom:CFHT/2445452/2445452o</caom2:planeURI>
          <caom2:planeURI>caom:CFHT/2445518/2445518o</caom2:planeURI>
          <caom2:planeURI>caom:CFHT/2445424/2445424o</caom2:planeURI>
          <caom2:planeURI>caom:CFHT/2445601/2445601o</caom2:planeURI>
          <caom2:planeURI>caom:CFHT/2445578/2445578o</caom2:planeURI>
          <caom2:planeURI>caom:CFHT/2445413/2445413o</caom2:planeURI>
          <caom2:planeURI>caom:CFHT/2445614/2445614o</caom2:planeURI>
          <caom2:planeURI>caom:CFHT/2445502/2445502o</caom2:planeURI>
          <caom2:planeURI>caom:CFHT/2445597/2445597o</caom2:planeURI>
          <caom2:planeURI>caom:CFHT/2445602/2445602o</caom2:planeURI>
          <caom2:planeURI>caom:CFHT/2445463/2445463o</caom2:planeURI>
          <caom2:planeURI>caom:CFHT/2445603/2445603o</caom2:planeURI>
          <caom2:planeURI>caom:CFHT/2445480/2445480o</caom2:planeURI>
          <caom2:planeURI>caom:CFHT/2445554/2445554o</caom2:planeURI>
          <caom2:planeURI>caom:CFHT/2445567/2445567o</caom2:planeURI>
          <caom2:planeURI>caom:CFHT/2445564/2445564o</caom2:planeURI>
          <caom2:planeURI>caom:CFHT/2445514/2445514o</caom2:planeURI>
          <caom2:planeURI>caom:CFHT/2445416/2445416o</caom2:planeURI>
          <caom2:planeURI>caom:CFHT/2445566/2445566o</caom2:planeURI>
          <caom2:planeURI>caom:CFHT/2445627/2445627o</caom2:planeURI>
          <caom2:planeURI>caom:CFHT/2445476/2445476o</caom2:planeURI>
          <caom2:planeURI>caom:CFHT/2445439/2445439o</caom2:planeURI>
          <caom2:planeURI>caom:CFHT/2445486/2445486o</caom2:planeURI>
          <caom2:planeURI>caom:CFHT/2445569/2445569o</caom2:planeURI>
          <caom2:planeURI>caom:CFHT/2445621/2445621o</caom2:planeURI>
          <caom2:planeURI>caom:CFHT/2445629/2445629o</caom2:planeURI>
          <caom2:planeURI>caom:CFHT/2445556/2445556o</caom2:planeURI>
          <caom2:planeURI>caom:CFHT/2445458/2445458o</caom2:planeURI>
          <caom2:planeURI>caom:CFHT/2445495/2445495o</caom2:planeURI>
          <caom2:planeURI>caom:CFHT/2445478/2445478o</caom2:planeURI>
          <caom2:planeURI>caom:CFHT/2445494/2445494o</caom2:planeURI>
          <caom2:planeURI>caom:CFHT/2445562/2445562o</caom2:planeURI>
          <caom2:planeURI>caom:CFHT/2445401/2445401o</caom2:planeURI>
          <caom2:planeURI>caom:CFHT/2445605/2445605o</caom2:planeURI>
          <caom2:planeURI>caom:CFHT/2445593/2445593o</caom2:planeURI>
          <caom2:planeURI>caom:CFHT/2445421/2445421o</caom2:planeURI>
          <caom2:planeURI>caom:CFHT/2445457/2445457o</caom2:planeURI>
          <caom2:planeURI>caom:CFHT/2445441/2445441o</caom2:planeURI>
          <caom2:planeURI>caom:CFHT/2445610/2445610o</caom2:planeURI>
          <caom2:planeURI>caom:CFHT/2445646/2445646o</caom2:planeURI>
          <caom2:planeURI>caom:CFHT/2445607/2445607o</caom2:planeURI>
          <caom2:planeURI>caom:CFHT/2445581/2445581o</caom2:planeURI>
          <caom2:planeURI>caom:CFHT/2445453/2445453o</caom2:planeURI>
          <caom2:planeURI>caom:CFHT/2445503/2445503o</caom2:planeURI>
          <caom2:planeURI>caom:CFHT/2445467/2445467o</caom2:planeURI>
          <caom2:planeURI>caom:CFHT/2445580/2445580o</caom2:planeURI>
          <caom2:planeURI>caom:CFHT/2445604/2445604o</caom2:planeURI>
          <caom2:planeURI>caom:CFHT/2445546/2445546o</caom2:planeURI>
          <caom2:planeURI>caom:CFHT/2445591/2445591o</caom2:planeURI>
          <caom2:planeURI>caom:CFHT/2445649/2445649o</caom2:planeURI>
          <caom2:planeURI>caom:CFHT/2445632/2445632o</caom2:planeURI>
          <caom2:planeURI>caom:CFHT/2445459/2445459o</caom2:planeURI>
          <caom2:planeURI>caom:CFHT/2445559/2445559o</caom2:planeURI>
          <caom2:planeURI>caom:CFHT/2445517/2445517o</caom2:planeURI>
          <caom2:planeURI>caom:CFHT/2445575/2445575o</caom2:planeURI>
          <caom2:planeURI>caom:CFHT/2445398/2445398o</caom2:planeURI>
          <caom2:planeURI>caom:CFHT/2445620/2445620o</caom2:planeURI>
          <caom2:planeURI>caom:CFHT/2445400/2445400o</caom2:planeURI>
          <caom2:planeURI>caom:CFHT/2445423/2445423o</caom2:planeURI>
          <caom2:planeURI>caom:CFHT/2445487/2445487o</caom2:planeURI>
          <caom2:planeURI>caom:CFHT/2445483/2445483o</caom2:planeURI>
          <caom2:planeURI>caom:CFHT/2445409/2445409o</caom2:planeURI>
          <caom2:planeURI>caom:CFHT/2445484/2445484o</caom2:planeURI>
          <caom2:planeURI>caom:CFHT/2445444/2445444o</caom2:planeURI>
          <caom2:planeURI>caom:CFHT/2445496/2445496o</caom2:planeURI>
          <caom2:planeURI>caom:CFHT/2445644/2445644o</caom2:planeURI>
          <caom2:planeURI>caom:CFHT/2445489/2445489o</caom2:planeURI>
          <caom2:planeURI>caom:CFHT/2445583/2445583o</caom2:planeURI>
          <caom2:planeURI>caom:CFHT/2445438/2445438o</caom2:planeURI>
          <caom2:planeURI>caom:CFHT/2445577/2445577o</caom2:planeURI>
          <caom2:planeURI>caom:CFHT/2445563/2445563o</caom2:planeURI>
          <caom2:planeURI>caom:CFHT/2445636/2445636o</caom2:planeURI>
          <caom2:planeURI>caom:CFHT/2445427/2445427o</caom2:planeURI>
          <caom2:planeURI>caom:CFHT/2445565/2445565o</caom2:planeURI>
          <caom2:planeURI>caom:CFHT/2445451/2445451o</caom2:planeURI>
          <caom2:planeURI>caom:CFHT/2445619/2445619o</caom2:planeURI>
          <caom2:planeURI>caom:CFHT/2445418/2445418o</caom2:planeURI>
          <caom2:planeURI>caom:CFHT/2445570/2445570o</caom2:planeURI>
          <caom2:planeURI>caom:CFHT/2445470/2445470o</caom2:planeURI>
          <caom2:planeURI>caom:CFHT/2445652/2445652o</caom2:planeURI>
          <caom2:planeURI>caom:CFHT/2445653/2445653o</caom2:planeURI>
          <caom2:planeURI>caom:CFHT/2445456/2445456o</caom2:planeURI>
          <caom2:planeURI>caom:CFHT/2445561/2445561o</caom2:planeURI>
          <caom2:planeURI>caom:CFHT/2445638/2445638o</caom2:planeURI>
          <caom2:planeURI>caom:CFHT/2445469/2445469o</caom2:planeURI>
          <caom2:planeURI>caom:CFHT/2445600/2445600o</caom2:planeURI>
          <caom2:planeURI>caom:CFHT/2445491/2445491o</caom2:planeURI>
          <caom2:planeURI>caom:CFHT/2445509/2445509o</caom2:planeURI>
          <caom2:planeURI>caom:CFHT/2445501/2445501o</caom2:planeURI>
          <caom2:planeURI>caom:CFHT/2445626/2445626o</caom2:planeURI>
          <caom2:planeURI>caom:CFHT/2445574/2445574o</caom2:planeURI>
          <caom2:planeURI>caom:CFHT/2445519/2445519o</caom2:planeURI>
          <caom2:planeURI>caom:CFHT/2445488/2445488o</caom2:planeURI>
          <caom2:planeURI>caom:CFHT/2445510/2445510o</caom2:planeURI>
          <caom2:planeURI>caom:CFHT/2445440/2445440o</caom2:planeURI>
          <caom2:planeURI>caom:CFHT/2445477/2445477o</caom2:planeURI>
          <caom2:planeURI>caom:CFHT/2445615/2445615o</caom2:planeURI>
          <caom2:planeURI>caom:CFHT/2445417/2445417o</caom2:planeURI>
          <caom2:planeURI>caom:CFHT/2445481/2445481o</caom2:planeURI>
          <caom2:planeURI>caom:CFHT/2445422/2445422o</caom2:planeURI>
          <caom2:planeURI>caom:CFHT/2445618/2445618o</caom2:planeURI>
          <caom2:planeURI>caom:CFHT/2445586/2445586o</caom2:planeURI>
          <caom2:planeURI>caom:CFHT/2445466/2445466o</caom2:planeURI>
          <caom2:planeURI>caom:CFHT/2445455/2445455o</caom2:planeURI>
          <caom2:planeURI>caom:CFHT/2445612/2445612o</caom2:planeURI>
          <caom2:planeURI>caom:CFHT/2445504/2445504o</caom2:planeURI>
          <caom2:planeURI>caom:CFHT/2445616/2445616o</caom2:planeURI>
          <caom2:planeURI>caom:CFHT/2445521/2445521o</caom2:planeURI>
          <caom2:planeURI>caom:CFHT/2445623/2445623o</caom2:planeURI>
          <caom2:planeURI>caom:CFHT/2445633/2445633o</caom2:planeURI>
          <caom2:planeURI>caom:CFHT/2445445/2445445o</caom2:planeURI>
          <caom2:planeURI>caom:CFHT/2445462/2445462o</caom2:planeURI>
          <caom2:planeURI>caom:CFHT/2445511/2445511o</caom2:planeURI>
          <caom2:planeURI>caom:CFHT/2445468/2445468o</caom2:planeURI>
          <caom2:planeURI>caom:CFHT/2445522/2445522o</caom2:planeURI>
          <caom2:planeURI>caom:CFHT/2445640/2445640o</caom2:planeURI>
          <caom2:planeURI>caom:CFHT/2445595/2445595o</caom2:planeURI>
          <caom2:planeURI>caom:CFHT/2445506/2445506o</caom2:planeURI>
          <caom2:planeURI>caom:CFHT/2445461/2445461o</caom2:planeURI>
          <caom2:planeURI>caom:CFHT/2445588/2445588o</caom2:planeURI>
          <caom2:planeURI>caom:CFHT/2445516/2445516o</caom2:planeURI>
          <caom2:planeURI>caom:CFHT/2445639/2445639o</caom2:planeURI>
          <caom2:planeURI>caom:CFHT/2445443/2445443o</caom2:planeURI>
          <caom2:planeURI>caom:CFHT/2445571/2445571o</caom2:planeURI>
          <caom2:planeURI>caom:CFHT/2445628/2445628o</caom2:planeURI>
          <caom2:planeURI>caom:CFHT/2445454/2445454o</caom2:planeURI>
          <caom2:planeURI>caom:CFHT/2445449/2445449o</caom2:planeURI>
          <caom2:planeURI>caom:CFHT/2445579/2445579o</caom2:planeURI>
          <caom2:planeURI>caom:CFHT/2445500/2445500o</caom2:planeURI>
          <caom2:planeURI>caom:CFHT/2445651/2445651o</caom2:planeURI>
          <caom2:planeURI>caom:CFHT/2445557/2445557o</caom2:planeURI>
          <caom2:planeURI>caom:CFHT/2445492/2445492o</caom2:planeURI>
          <caom2:planeURI>caom:CFHT/2445490/2445490o</caom2:planeURI>
          <caom2:planeURI>caom:CFHT/2445552/2445552o</caom2:planeURI>
          <caom2:planeURI>caom:CFHT/2445446/2445446o</caom2:planeURI>
          <caom2:planeURI>caom:CFHT/2445572/2445572o</caom2:planeURI>
          <caom2:planeURI>caom:CFHT/2445596/2445596o</caom2:planeURI>
          <caom2:planeURI>caom:CFHT/2445634/2445634o</caom2:planeURI>
          <caom2:planeURI>caom:CFHT/2445426/2445426o</caom2:planeURI>
          <caom2:planeURI>caom:CFHT/2445625/2445625o</caom2:planeURI>
          <caom2:planeURI>caom:CFHT/2445474/2445474o</caom2:planeURI>
          <caom2:planeURI>caom:CFHT/2445585/2445585o</caom2:planeURI>
          <caom2:planeURI>caom:CFHT/2445558/2445558o</caom2:planeURI>
          <caom2:planeURI>caom:CFHT/2445635/2445635o</caom2:planeURI>
          <caom2:planeURI>caom:CFHT/2445485/2445485o</caom2:planeURI>
          <caom2:planeURI>caom:CFHT/2445479/2445479o</caom2:planeURI>
          <caom2:planeURI>caom:CFHT/2445513/2445513o</caom2:planeURI>
          <caom2:planeURI>caom:CFHT/2445560/2445560o</caom2:planeURI>
          <caom2:planeURI>caom:CFHT/2445587/2445587o</caom2:planeURI>
          <caom2:planeURI>caom:CFHT/2445482/2445482o</caom2:planeURI>
          <caom2:planeURI>caom:CFHT/2445475/2445475o</caom2:planeURI>
          <caom2:planeURI>caom:CFHT/2445549/2445549o</caom2:planeURI>
          <caom2:planeURI>caom:CFHT/2445551/2445551o</caom2:planeURI>
          <caom2:planeURI>caom:CFHT/2445508/2445508o</caom2:planeURI>
          <caom2:planeURI>caom:CFHT/2445599/2445599o</caom2:planeURI>
          <caom2:planeURI>caom:CFHT/2445493/2445493o</caom2:planeURI>
          <caom2:planeURI>caom:CFHT/2445407/2445407o</caom2:planeURI>
          <caom2:planeURI>caom:CFHT/2445499/2445499o</caom2:planeURI>
          <caom2:planeURI>caom:CFHT/2445624/2445624o</caom2:planeURI>
          <caom2:planeURI>caom:CFHT/2445617/2445617o</caom2:planeURI>
          <caom2:planeURI>caom:CFHT/2445420/2445420o</caom2:planeURI>
          <caom2:planeURI>caom:CFHT/2445460/2445460o</caom2:planeURI>
          <caom2:planeURI>caom:CFHT/2445402/2445402o</caom2:planeURI>
          <caom2:planeURI>caom:CFHT/2445397/2445397o</caom2:planeURI>
          <caom2:planeURI>caom:CFHT/2445505/2445505o</caom2:planeURI>
          <caom2:planeURI>caom:CFHT/2445408/2445408o</caom2:planeURI>
          <caom2:planeURI>caom:CFHT/2445447/2445447o</caom2:planeURI>
          <caom2:planeURI>caom:CFHT/2445582/2445582o</caom2:planeURI>
          <caom2:planeURI>caom:CFHT/2445642/2445642o</caom2:planeURI>
          <caom2:planeURI>caom:CFHT/2445576/2445576o</caom2:planeURI>
          <caom2:planeURI>caom:CFHT/2445448/2445448o</caom2:planeURI>
          <caom2:planeURI>caom:CFHT/2445498/2445498o</caom2:planeURI>
          <caom2:planeURI>caom:CFHT/2445641/2445641o</caom2:planeURI>
          <caom2:planeURI>caom:CFHT/2445465/2445465o</caom2:planeURI>
          <caom2:planeURI>caom:CFHT/2445609/2445609o</caom2:planeURI>
          <caom2:planeURI>caom:CFHT/2445442/2445442o</caom2:planeURI>
          <caom2:planeURI>caom:CFHT/2445608/2445608o</caom2:planeURI>
          <caom2:planeURI>caom:CFHT/2445471/2445471o</caom2:planeURI>
          <caom2:planeURI>caom:CFHT/2445410/2445410o</caom2:planeURI>
          <caom2:planeURI>caom:CFHT/2445450/2445450o</caom2:planeURI>
          <caom2:planeURI>caom:CFHT/2445515/2445515o</caom2:planeURI>
          <caom2:planeURI>caom:CFHT/2445573/2445573o</caom2:planeURI>
          <caom2:planeURI>caom:CFHT/2445472/2445472o</caom2:planeURI>
          <caom2:planeURI>caom:CFHT/2445550/2445550o</caom2:planeURI>
          <caom2:planeURI>caom:CFHT/2445419/2445419o</caom2:planeURI>
        </caom2:inputs>
      </caom2:provenance>
      <caom2:artifacts>
        <caom2:artifact caom2:id="7f76c7dd-a9c9-478e-ac07-e1cef08e980f" caom2:lastModified="2019-11-26T17:26:39.310" caom2:maxLastModified="2019-11-26T17:26:39.310" caom2:metaChecksum="md5:ad16e9ee26d7dc4a9767854c58f2b0e8" caom2:accMetaChecksum="md5:20279c3a856e31cfdea926bf5d2a997d" caom2:metaProducer="cfht2caom2/0.3">
          <caom2:uri>ad:CFHT/2445397p.fits.fz</caom2:uri>
          <caom2:productType>science</caom2:productType>
          <caom2:releaseType>data</caom2:releaseType>
          <caom2:contentType>application/fits</caom2:contentType>
          <caom2:contentChecksum>md5:01bb146bfbf08880031cf3b515811b53</caom2:contentChecksum>
          <caom2:parts>
            <caom2:part caom2:id="be4b625b-5dad-423e-8a27-7dbcd19b06fc" caom2:lastModified="2019-11-26T17:26:39.310" caom2:maxLastModified="2019-11-26T17:26:39.310" caom2:metaChecksum="md5:0fa9fde0bcb7663ae7efe9a4abca68cc" caom2:accMetaChecksum="md5:f7c221558db6e39e0c600e2402ef5b84">
              <caom2:name>0</caom2:name>
              <caom2:chunks>
                <caom2:chunk caom2:id="6460cbc3-1884-4a1c-8cce-aa5f7b8720d9" caom2:lastModified="2019-11-26T17:26:39.310" caom2:maxLastModified="2019-11-26T17:26:39.310" caom2:metaChecksum="md5:502432549397ea79375c1028c4e26e4b" caom2:accMetaChecksum="md5:f8372f313b26e2a72badd38d021e227d" caom2:metaProducer="cfht2caom2/0.3">
                  <caom2:naxis>3</caom2:naxis>
                  <caom2:positionAxis1>1</caom2:positionAxis1>
                  <caom2:positionAxis2>2</caom2:positionAxis2>
                  <caom2:energyAxis>3</caom2:energyAxis>
                  <caom2:timeAxis>4</caom2:timeAxis>
                  <caom2:position>
                    <caom2:axis>
                      <caom2:axis1>
                        <caom2:ctype>RA---TAN-SIP</caom2:ctype>
                        <caom2:cunit>deg</caom2:cunit>
                      </caom2:axis1>
                      <caom2:axis2>
                        <caom2:ctype>DEC--TAN-SIP</caom2:ctype>
                        <caom2:cunit>deg</caom2:cunit>
                      </caom2:axis2>
                      <caom2:error1>
                        <caom2:syser>2.78e-05</caom2:syser>
                        <caom2:rnder>2.78e-05</caom2:rnder>
                      </caom2:error1>
                      <caom2:error2>
                        <caom2:syser>2.78e-05</caom2:syser>
                        <caom2:rnder>2.78e-05</caom2:rnder>
                      </caom2:error2>
                      <caom2:function>
                        <caom2:dimension>
                          <caom2:naxis1>2048</caom2:naxis1>
                          <caom2:naxis2>2064</caom2:naxis2>
                        </caom2:dimension>
                        <caom2:refCoord>
                          <caom2:coord1>
                            <caom2:pix>1077.08705104</caom2:pix>
                            <caom2:val>11.0415</caom2:val>
                          </caom2:coord1>
                          <caom2:coord2>
                            <caom2:pix>1031.05512298</caom2:pix>
                            <caom2:val>41.6116111111</caom2:val>
                          </caom2:coord2>
                        </caom2:refCoord>
                        <caom2:cd11>-8.75818069728e-05</caom2:cd11>
                        <caom2:cd12>-9.82983266312e-07</caom2:cd12>
                        <caom2:cd21>-9.82983266312e-07</caom2:cd21>
                        <caom2:cd22>8.75818069728e-05</caom2:cd22>
                      </caom2:function>
                    </caom2:axis>
                    <caom2:coordsys>FK5</caom2:coordsys>
                    <caom2:equinox>2000.0</caom2:equinox>
                  </caom2:position>
                  <caom2:energy>
                    <caom2:axis>
                      <caom2:axis>
                        <caom2:ctype>WAVN</caom2:ctype>
                        <caom2:cunit>m**-1</caom2:cunit>
                      </caom2:axis>
                      <caom2:error>
                        <caom2:syser>1.0</caom2:syser>
                        <caom2:rnder>1.0</caom2:rnder>
                      </caom2:error>
                      <caom2:function>
                        <caom2:naxis>219</caom2:naxis>
                        <caom2:delta>1410.916058190698</caom2:delta>
                        <caom2:refCoord>
                          <caom2:pix>1.0</caom2:pix>
                          <caom2:val>1853943.700462575</caom2:val>
                        </caom2:refCoord>
                      </caom2:function>
                    </caom2:axis>
                    <caom2:specsys>TOPOCENT</caom2:specsys>
                    <caom2:ssysobs>TOPOCENT</caom2:ssysobs>
                    <caom2:ssyssrc>TOPOCENT</caom2:ssyssrc>
                    <caom2:bandpassName>SN2</caom2:bandpassName>
                    <caom2:resolvingPower>1000.0</caom2:resolvingPower>
                  </caom2:energy>
                  <caom2:time>
                    <caom2:axis>
                      <caom2:axis>
                        <caom2:ctype>TIME</caom2:ctype>
                        <caom2:cunit>d</caom2:cunit>
                      </caom2:axis>
                      <caom2:error>
                        <caom2:syser>1e-07</caom2:syser>
                        <caom2:rnder>1e-07</caom2:rnder>
                      </caom2:error>
                      <caom2:function>
                        <caom2:naxis>1</caom2:naxis>
                        <caom2:delta>0.1555706</caom2:delta>
                        <caom2:refCoord>
                          <caom2:pix>0.5</caom2:pix>
                          <caom2:val>58757.3338073</caom2:val>
                        </caom2:refCoord>
                      </caom2:function>
                    </caom2:axis>
                    <caom2:timesys>UTC</caom2:timesys>
                    <caom2:exposure>9964.5</caom2:exposure>
                    <caom2:resolution>9964.5</caom2:resolution>
                  </caom2:time>
                </caom2:chunk>
              </caom2:chunks>
            </caom2:part>
          </caom2:parts>
        </caom2:artifact>
      </caom2:artifacts>
    </caom2:plane>
  </caom2:planes>
  <caom2:members>
    <caom2:observationURI>caom:CFHT/2445516</caom2:observationURI>
    <caom2:observationURI>caom:CFHT/2445640</caom2:observationURI>
    <caom2:observationURI>caom:CFHT/2445476</caom2:observationURI>
    <caom2:observationURI>caom:CFHT/2445458</caom2:observationURI>
    <caom2:observationURI>caom:CFHT/2445629</caom2:observationURI>
    <caom2:observationURI>caom:CFHT/2445492</caom2:observationURI>
    <caom2:observationURI>caom:CFHT/2445448</caom2:observationURI>
    <caom2:observationURI>caom:CFHT/2445591</caom2:observationURI>
    <caom2:observationURI>caom:CFHT/2445404</caom2:observationURI>
    <caom2:observationURI>caom:CFHT/2445580</caom2:observationURI>
    <caom2:observationURI>caom:CFHT/2445566</caom2:observationURI>
    <caom2:observationURI>caom:CFHT/2445552</caom2:observationURI>
    <caom2:observationURI>caom:CFHT/2445589</caom2:observationURI>
    <caom2:observationURI>caom:CFHT/2445419</caom2:observationURI>
    <caom2:observationURI>caom:CFHT/2445504</caom2:observationURI>
    <caom2:observationURI>caom:CFHT/2445549</caom2:observationURI>
    <caom2:observationURI>caom:CFHT/2445500</caom2:observationURI>
    <caom2:observationURI>caom:CFHT/2445563</caom2:observationURI>
    <caom2:observationURI>caom:CFHT/2445569</caom2:observationURI>
    <caom2:observationURI>caom:CFHT/2445609</caom2:observationURI>
    <caom2:observationURI>caom:CFHT/2445510</caom2:observationURI>
    <caom2:observationURI>caom:CFHT/2445405</caom2:observationURI>
    <caom2:observationURI>caom:CFHT/2445567</caom2:observationURI>
    <caom2:observationURI>caom:CFHT/2445594</caom2:observationURI>
    <caom2:observationURI>caom:CFHT/2445576</caom2:observationURI>
    <caom2:observationURI>caom:CFHT/2445473</caom2:observationURI>
    <caom2:observationURI>caom:CFHT/2445474</caom2:observationURI>
    <caom2:observationURI>caom:CFHT/2445463</caom2:observationURI>
    <caom2:observationURI>caom:CFHT/2445555</caom2:observationURI>
    <caom2:observationURI>caom:CFHT/2445624</caom2:observationURI>
    <caom2:observationURI>caom:CFHT/2445469</caom2:observationURI>
    <caom2:observationURI>caom:CFHT/2445416</caom2:observationURI>
    <caom2:observationURI>caom:CFHT/2445617</caom2:observationURI>
    <caom2:observationURI>caom:CFHT/2445597</caom2:observationURI>
    <caom2:observationURI>caom:CFHT/2445407</caom2:observationURI>
    <caom2:observationURI>caom:CFHT/2445495</caom2:observationURI>
    <caom2:observationURI>caom:CFHT/2445498</caom2:observationURI>
    <caom2:observationURI>caom:CFHT/2445551</caom2:observationURI>
    <caom2:observationURI>caom:CFHT/2445468</caom2:observationURI>
    <caom2:observationURI>caom:CFHT/2445482</caom2:observationURI>
    <caom2:observationURI>caom:CFHT/2445485</caom2:observationURI>
    <caom2:observationURI>caom:CFHT/2445581</caom2:observationURI>
    <caom2:observationURI>caom:CFHT/2445514</caom2:observationURI>
    <caom2:observationURI>caom:CFHT/2445633</caom2:observationURI>
    <caom2:observationURI>caom:CFHT/2445488</caom2:observationURI>
    <caom2:observationURI>caom:CFHT/2445602</caom2:observationURI>
    <caom2:observationURI>caom:CFHT/2445603</caom2:observationURI>
    <caom2:observationURI>caom:CFHT/2445480</caom2:observationURI>
    <caom2:observationURI>caom:CFHT/2445521</caom2:observationURI>
    <caom2:observationURI>caom:CFHT/2445630</caom2:observationURI>
    <caom2:observationURI>caom:CFHT/2445522</caom2:observationURI>
    <caom2:observationURI>caom:CFHT/2445564</caom2:observationURI>
    <caom2:observationURI>caom:CFHT/2445582</caom2:observationURI>
    <caom2:observationURI>caom:CFHT/2445401</caom2:observationURI>
    <caom2:observationURI>caom:CFHT/2445465</caom2:observationURI>
    <caom2:observationURI>caom:CFHT/2445595</caom2:observationURI>
    <caom2:observationURI>caom:CFHT/2445486</caom2:observationURI>
    <caom2:observationURI>caom:CFHT/2445559</caom2:observationURI>
    <caom2:observationURI>caom:CFHT/2445484</caom2:observationURI>
    <caom2:observationURI>caom:CFHT/2445561</caom2:observationURI>
    <caom2:observationURI>caom:CFHT/2445491</caom2:observationURI>
    <caom2:observationURI>caom:CFHT/2445643</caom2:observationURI>
    <caom2:observationURI>caom:CFHT/2445400</caom2:observationURI>
    <caom2:observationURI>caom:CFHT/2445409</caom2:observationURI>
    <caom2:observationURI>caom:CFHT/2445411</caom2:observationURI>
    <caom2:observationURI>caom:CFHT/2445502</caom2:observationURI>
    <caom2:observationURI>caom:CFHT/2445628</caom2:observationURI>
    <caom2:observationURI>caom:CFHT/2445421</caom2:observationURI>
    <caom2:observationURI>caom:CFHT/2445548</caom2:observationURI>
    <caom2:observationURI>caom:CFHT/2445572</caom2:observationURI>
    <caom2:observationURI>caom:CFHT/2445413</caom2:observationURI>
    <caom2:observationURI>caom:CFHT/2445481</caom2:observationURI>
    <caom2:observationURI>caom:CFHT/2445573</caom2:observationURI>
    <caom2:observationURI>caom:CFHT/2445424</caom2:observationURI>
    <caom2:observationURI>caom:CFHT/2445508</caom2:observationURI>
    <caom2:observationURI>caom:CFHT/2445556</caom2:observationURI>
    <caom2:observationURI>caom:CFHT/2445550</caom2:observationURI>
    <caom2:observationURI>caom:CFHT/2445466</caom2:observationURI>
    <caom2:observationURI>caom:CFHT/2445547</caom2:observationURI>
    <caom2:observationURI>caom:CFHT/2445601</caom2:observationURI>
    <caom2:observationURI>caom:CFHT/2445578</caom2:observationURI>
    <caom2:observationURI>caom:CFHT/2445499</caom2:observationURI>
    <caom2:observationURI>caom:CFHT/2445415</caom2:observationURI>
    <caom2:observationURI>caom:CFHT/2445513</caom2:observationURI>
    <caom2:observationURI>caom:CFHT/2445475</caom2:observationURI>
    <caom2:observationURI>caom:CFHT/2445557</caom2:observationURI>
    <caom2:observationURI>caom:CFHT/2445584</caom2:observationURI>
    <caom2:observationURI>caom:CFHT/2445417</caom2:observationURI>
    <caom2:observationURI>caom:CFHT/2445596</caom2:observationURI>
    <caom2:observationURI>caom:CFHT/2445620</caom2:observationURI>
    <caom2:observationURI>caom:CFHT/2445607</caom2:observationURI>
    <caom2:observationURI>caom:CFHT/2445641</caom2:observationURI>
    <caom2:observationURI>caom:CFHT/2445497</caom2:observationURI>
    <caom2:observationURI>caom:CFHT/2445462</caom2:observationURI>
    <caom2:observationURI>caom:CFHT/2445442</caom2:observationURI>
    <caom2:observationURI>caom:CFHT/2445600</caom2:observationURI>
    <caom2:observationURI>caom:CFHT/2445619</caom2:observationURI>
    <caom2:observationURI>caom:CFHT/2445447</caom2:observationURI>
    <caom2:observationURI>caom:CFHT/2445457</caom2:observationURI>
    <caom2:observationURI>caom:CFHT/2445461</caom2:observationURI>
    <caom2:observationURI>caom:CFHT/2445443</caom2:observationURI>
    <caom2:observationURI>caom:CFHT/2445450</caom2:observationURI>
    <caom2:observationURI>caom:CFHT/2445626</caom2:observationURI>
    <caom2:observationURI>caom:CFHT/2445610</caom2:observationURI>
    <caom2:observationURI>caom:CFHT/2445455</caom2:observationURI>
    <caom2:observationURI>caom:CFHT/2445571</caom2:observationURI>
    <caom2:observationURI>caom:CFHT/2445506</caom2:observationURI>
    <caom2:observationURI>caom:CFHT/2445414</caom2:observationURI>
    <caom2:observationURI>caom:CFHT/2445445</caom2:observationURI>
    <caom2:observationURI>caom:CFHT/2445546</caom2:observationURI>
    <caom2:observationURI>caom:CFHT/2445487</caom2:observationURI>
    <caom2:observationURI>caom:CFHT/2445444</caom2:observationURI>
    <caom2:observationURI>caom:CFHT/2445587</caom2:observationURI>
    <caom2:observationURI>caom:CFHT/2445426</caom2:observationURI>
    <caom2:observationURI>caom:CFHT/2445612</caom2:observationURI>
    <caom2:observationURI>caom:CFHT/2445598</caom2:observationURI>
    <caom2:observationURI>caom:CFHT/2445644</caom2:observationURI>
    <caom2:observationURI>caom:CFHT/2445454</caom2:observationURI>
    <caom2:observationURI>caom:CFHT/2445507</caom2:observationURI>
    <caom2:observationURI>caom:CFHT/2445399</caom2:observationURI>
    <caom2:observationURI>caom:CFHT/2445464</caom2:observationURI>
    <caom2:observationURI>caom:CFHT/2445478</caom2:observationURI>
    <caom2:observationURI>caom:CFHT/2445518</caom2:observationURI>
    <caom2:observationURI>caom:CFHT/2445585</caom2:observationURI>
    <caom2:observationURI>caom:CFHT/2445562</caom2:observationURI>
    <caom2:observationURI>caom:CFHT/2445427</caom2:observationURI>
    <caom2:observationURI>caom:CFHT/2445440</caom2:observationURI>
    <caom2:observationURI>caom:CFHT/2445456</caom2:observationURI>
    <caom2:observationURI>caom:CFHT/2445606</caom2:observationURI>
    <caom2:observationURI>caom:CFHT/2445483</caom2:observationURI>
    <caom2:observationURI>caom:CFHT/2445608</caom2:observationURI>
    <caom2:observationURI>caom:CFHT/2445472</caom2:observationURI>
    <caom2:observationURI>caom:CFHT/2445496</caom2:observationURI>
    <caom2:observationURI>caom:CFHT/2445453</caom2:observationURI>
    <caom2:observationURI>caom:CFHT/2445623</caom2:observationURI>
    <caom2:observationURI>caom:CFHT/2445477</caom2:observationURI>
    <caom2:observationURI>caom:CFHT/2445614</caom2:observationURI>
    <caom2:observationURI>caom:CFHT/2445632</caom2:observationURI>
    <caom2:observationURI>caom:CFHT/2445647</caom2:observationURI>
    <caom2:observationURI>caom:CFHT/2445509</caom2:observationURI>
    <caom2:observationURI>caom:CFHT/2445452</caom2:observationURI>
    <caom2:observationURI>caom:CFHT/2445613</caom2:observationURI>
    <caom2:observationURI>caom:CFHT/2445418</caom2:observationURI>
    <caom2:observationURI>caom:CFHT/2445412</caom2:observationURI>
    <caom2:observationURI>caom:CFHT/2445615</caom2:observationURI>
    <caom2:observationURI>caom:CFHT/2445515</caom2:observationURI>
    <caom2:observationURI>caom:CFHT/2445638</caom2:observationURI>
    <caom2:observationURI>caom:CFHT/2445637</caom2:observationURI>
    <caom2:observationURI>caom:CFHT/2445586</caom2:observationURI>
    <caom2:observationURI>caom:CFHT/2445554</caom2:observationURI>
    <caom2:observationURI>caom:CFHT/2445635</caom2:observationURI>
    <caom2:observationURI>caom:CFHT/2445599</caom2:observationURI>
    <caom2:observationURI>caom:CFHT/2445398</caom2:observationURI>
    <caom2:observationURI>caom:CFHT/2445579</caom2:observationURI>
    <caom2:observationURI>caom:CFHT/2445636</caom2:observationURI>
    <caom2:observationURI>caom:CFHT/2445422</caom2:observationURI>
    <caom2:observationURI>caom:CFHT/2445583</caom2:observationURI>
    <caom2:observationURI>caom:CFHT/2445565</caom2:observationURI>
    <caom2:observationURI>caom:CFHT/2445501</caom2:observationURI>
    <caom2:observationURI>caom:CFHT/2445570</caom2:observationURI>
    <caom2:observationURI>caom:CFHT/2445467</caom2:observationURI>
    <caom2:observationURI>caom:CFHT/2445460</caom2:observationURI>
    <caom2:observationURI>caom:CFHT/2445408</caom2:observationURI>
    <caom2:observationURI>caom:CFHT/2445560</caom2:observationURI>
    <caom2:observationURI>caom:CFHT/2445574</caom2:observationURI>
    <caom2:observationURI>caom:CFHT/2445568</caom2:observationURI>
    <caom2:observationURI>caom:CFHT/2445588</caom2:observationURI>
    <caom2:observationURI>caom:CFHT/2445423</caom2:observationURI>
    <caom2:observationURI>caom:CFHT/2445517</caom2:observationURI>
    <caom2:observationURI>caom:CFHT/2445558</caom2:observationURI>
    <caom2:observationURI>caom:CFHT/2445649</caom2:observationURI>
    <caom2:observationURI>caom:CFHT/2445627</caom2:observationURI>
    <caom2:observationURI>caom:CFHT/2445650</caom2:observationURI>
    <caom2:observationURI>caom:CFHT/2445397</caom2:observationURI>
    <caom2:observationURI>caom:CFHT/2445652</caom2:observationURI>
    <caom2:observationURI>caom:CFHT/2445441</caom2:observationURI>
    <caom2:observationURI>caom:CFHT/2445402</caom2:observationURI>
    <caom2:observationURI>caom:CFHT/2445479</caom2:observationURI>
    <caom2:observationURI>caom:CFHT/2445494</caom2:observationURI>
    <caom2:observationURI>caom:CFHT/2445616</caom2:observationURI>
    <caom2:observationURI>caom:CFHT/2445593</caom2:observationURI>
    <caom2:observationURI>caom:CFHT/2445446</caom2:observationURI>
    <caom2:observationURI>caom:CFHT/2445625</caom2:observationURI>
    <caom2:observationURI>caom:CFHT/2445489</caom2:observationURI>
    <caom2:observationURI>caom:CFHT/2445605</caom2:observationURI>
    <caom2:observationURI>caom:CFHT/2445451</caom2:observationURI>
    <caom2:observationURI>caom:CFHT/2445653</caom2:observationURI>
    <caom2:observationURI>caom:CFHT/2445621</caom2:observationURI>
    <caom2:observationURI>caom:CFHT/2445618</caom2:observationURI>
    <caom2:observationURI>caom:CFHT/2445634</caom2:observationURI>
    <caom2:observationURI>caom:CFHT/2445471</caom2:observationURI>
    <caom2:observationURI>caom:CFHT/2445410</caom2:observationURI>
    <caom2:observationURI>caom:CFHT/2445490</caom2:observationURI>
    <caom2:observationURI>caom:CFHT/2445648</caom2:observationURI>
    <caom2:observationURI>caom:CFHT/2445503</caom2:observationURI>
    <caom2:observationURI>caom:CFHT/2445642</caom2:observationURI>
    <caom2:observationURI>caom:CFHT/2445459</caom2:observationURI>
    <caom2:observationURI>caom:CFHT/2445631</caom2:observationURI>
    <caom2:observationURI>caom:CFHT/2445439</caom2:observationURI>
    <caom2:observationURI>caom:CFHT/2445493</caom2:observationURI>
    <caom2:observationURI>caom:CFHT/2445575</caom2:observationURI>
    <caom2:observationURI>caom:CFHT/2445470</caom2:observationURI>
    <caom2:observationURI>caom:CFHT/2445511</caom2:observationURI>
    <caom2:observationURI>caom:CFHT/2445646</caom2:observationURI>
    <caom2:observationURI>caom:CFHT/2445449</caom2:observationURI>
    <caom2:observationURI>caom:CFHT/2445604</caom2:observationURI>
    <caom2:observationURI>caom:CFHT/2445438</caom2:observationURI>
    <caom2:observationURI>caom:CFHT/2445519</caom2:observationURI>
    <caom2:observationURI>caom:CFHT/2445512</caom2:observationURI>
    <caom2:observationURI>caom:CFHT/2445425</caom2:observationURI>
    <caom2:observationURI>caom:CFHT/2445505</caom2:observationURI>
    <caom2:observationURI>caom:CFHT/2445403</caom2:observationURI>
    <caom2:observationURI>caom:CFHT/2445577</caom2:observationURI>
    <caom2:observationURI>caom:CFHT/2445651</caom2:observationURI>
    <caom2:observationURI>caom:CFHT/2445639</caom2:observationURI>
    <caom2:observationURI>caom:CFHT/2445406</caom2:observationURI>
    <caom2:observationURI>caom:CFHT/2445553</caom2:observationURI>
    <caom2:observationURI>caom:CFHT/2445420</caom2:observationURI>
    <caom2:observationURI>caom:CFHT/2445520</caom2:observationURI>
  </caom2:members>
</caom2:Observation>
