<?xml version='1.0' encoding='UTF-8'?>
<caom2:Observation xmlns:caom2="http://www.opencadc.org/caom2/xml/v2.4" xmlns:xsi="http://www.w3.org/2001/XMLSchema-instance" xsi:type="caom2:SimpleObservation" caom2:id="f48a6c38-7c01-4cc1-9143-4494fadc7e24" caom2:lastModified="2019-11-22T01:44:16.701" caom2:maxLastModified="2019-11-22T05:00:49.993" caom2:metaChecksum="md5:00644e7431731cdf85d253fbd92deed8" caom2:accMetaChecksum="md5:70464e492b4dce4cfd7addd966842472" caom2:metaProducer="cfht2caom2/0.3">
  <caom2:collection>CFHT</caom2:collection>
  <caom2:observationID>2460602</caom2:observationID>
  <caom2:metaRelease>2019-11-22T00:00:00.000</caom2:metaRelease>
  <caom2:sequenceNumber>2460602</caom2:sequenceNumber>
  <caom2:algorithm>
    <caom2:name>exposure</caom2:name>
  </caom2:algorithm>
  <caom2:type>ALIGN</caom2:type>
  <caom2:intent>calibration</caom2:intent>
  <caom2:proposal>
    <caom2:id>19BQ79</caom2:id>
    <caom2:pi>QSO Team</caom2:pi>
  </caom2:proposal>
  <caom2:target>
    <caom2:name>Nowhere</caom2:name>
    <caom2:standard>false</caom2:standard>
  </caom2:target>
  <caom2:targetPosition>
    <caom2:coordsys>FK5</caom2:coordsys>
    <caom2:equinox>2019.89</caom2:equinox>
    <caom2:coordinates>
      <caom2:cval1>173.05366666666666</caom2:cval1>
      <caom2:cval2>38.92575</caom2:cval2>
    </caom2:coordinates>
  </caom2:targetPosition>
  <caom2:telescope>
    <caom2:name>CFHT 3.6m</caom2:name>
    <caom2:geoLocationX>-5464301.771353686</caom2:geoLocationX>
    <caom2:geoLocationY>-2493489.8730419003</caom2:geoLocationY>
    <caom2:geoLocationZ>2151085.1695058867</caom2:geoLocationZ>
  </caom2:telescope>
  <caom2:instrument>
    <caom2:name>ESPaDOnS</caom2:name>
    <caom2:keywords>
      <caom2:keyword>R=65,000</caom2:keyword>
      <caom2:keyword>INSTMODE=Polarimetry,</caom2:keyword>
    </caom2:keywords>
  </caom2:instrument>
  <caom2:environment>
    <caom2:humidity>60.34</caom2:humidity>
    <caom2:elevation>89.9254</caom2:elevation>
    <caom2:ambientTemp>3.21</caom2:ambientTemp>
  </caom2:environment>
  <caom2:planes>
    <caom2:plane caom2:id="b9ba227e-0831-43cc-953a-68d4bbb2677d" caom2:lastModified="2019-11-22T01:44:16.701" caom2:maxLastModified="2019-11-22T05:00:49.993" caom2:metaChecksum="md5:f0ae45d63167395079bc67d1a1b5daab" caom2:accMetaChecksum="md5:686f323f91d7e6ba343b14f9ba285273" caom2:metaProducer="cfht2caom2/0.3">
      <caom2:productID>2460602a</caom2:productID>
      <caom2:metaRelease>2019-11-22T00:00:00.000</caom2:metaRelease>
      <caom2:dataRelease>2019-11-22T00:00:00.000</caom2:dataRelease>
      <caom2:dataProductType>spectrum</caom2:dataProductType>
      <caom2:calibrationLevel>1</caom2:calibrationLevel>
      <caom2:provenance>
        <caom2:name>TCS</caom2:name>
        <caom2:producer>CFHT</caom2:producer>
        <caom2:reference>http://www.cfht.hawaii.edu/Instruments/Spectroscopy/Espadons/</caom2:reference>
      </caom2:provenance>
      <caom2:artifacts>
        <caom2:artifact caom2:id="0e2d0a27-af37-4ea0-b4ab-834b88917111" caom2:lastModified="2019-11-22T01:44:16.701" caom2:maxLastModified="2019-11-22T01:44:16.701" caom2:metaChecksum="md5:e16c1b1a62cf33bb235328cf01e2b78e" caom2:accMetaChecksum="md5:3dbea52e910b76e3a1373d45724a061f" caom2:metaProducer="cfht2caom2/0.3">
          <caom2:uri>ad:CFHT/2460602a.fits.gz</caom2:uri>
          <caom2:productType>calibration</caom2:productType>
          <caom2:releaseType>data</caom2:releaseType>
          <caom2:contentType>application/fits</caom2:contentType>
          <caom2:contentChecksum>md5:cc77d0f18cb50769f721062ac07d633d</caom2:contentChecksum>
          <caom2:parts>
            <caom2:part caom2:id="51007aac-9a9b-40f5-9e51-bb72bf0ddee4" caom2:lastModified="2019-11-22T01:44:16.701" caom2:maxLastModified="2019-11-22T01:44:16.701" caom2:metaChecksum="md5:4abdf5781304f02864596b8c6898d075" caom2:accMetaChecksum="md5:609f086a4cab676330c3ab04b21b5700">
              <caom2:name>0</caom2:name>
              <caom2:chunks>
                <caom2:chunk caom2:id="cd4afd5a-22bb-49cd-a08f-f24e122450eb" caom2:lastModified="2019-11-22T01:44:16.701" caom2:maxLastModified="2019-11-22T01:44:16.701" caom2:metaChecksum="md5:9dd356ef63058fc8c1a02f8e0f011872" caom2:accMetaChecksum="md5:4d7fa41044228b364ea2b7a900a44a24" caom2:metaProducer="cfht2caom2/0.3">
                  <caom2:position>
                    <caom2:axis>
                      <caom2:axis1>
                        <caom2:ctype>RA---TAN</caom2:ctype>
                        <caom2:cunit>deg</caom2:cunit>
                      </caom2:axis1>
                      <caom2:axis2>
                        <caom2:ctype>DEC--TAN</caom2:ctype>
                        <caom2:cunit>deg</caom2:cunit>
                      </caom2:axis2>
                      <caom2:error1>
                        <caom2:syser>2.78e-05</caom2:syser>
                        <caom2:rnder>2.78e-05</caom2:rnder>
                      </caom2:error1>
                      <caom2:error2>
                        <caom2:syser>2.78e-05</caom2:syser>
                        <caom2:rnder>2.78e-05</caom2:rnder>
                      </caom2:error2>
                      <caom2:function>
                        <caom2:dimension>
                          <caom2:naxis1>1</caom2:naxis1>
                          <caom2:naxis2>1</caom2:naxis2>
                        </caom2:dimension>
                        <caom2:refCoord>
                          <caom2:coord1>
                            <caom2:pix>1.0</caom2:pix>
                            <caom2:val>283.321625</caom2:val>
                          </caom2:coord1>
                          <caom2:coord2>
                            <caom2:pix>1.0</caom2:pix>
                            <caom2:val>19.758694</caom2:val>
                          </caom2:coord2>
                        </caom2:refCoord>
                        <caom2:cd11>-0.000444</caom2:cd11>
                        <caom2:cd12>0.0</caom2:cd12>
                        <caom2:cd21>0.0</caom2:cd21>
                        <caom2:cd22>0.000444</caom2:cd22>
                      </caom2:function>
                    </caom2:axis>
                    <caom2:coordsys>FK5</caom2:coordsys>
                    <caom2:equinox>2000.0</caom2:equinox>
                  </caom2:position>
                  <caom2:energy>
                    <caom2:axis>
                      <caom2:axis>
                        <caom2:ctype>WAVE</caom2:ctype>
                        <caom2:cunit>nm</caom2:cunit>
                      </caom2:axis>
                      <caom2:range>
                        <caom2:start>
                          <caom2:pix>0.5</caom2:pix>
                          <caom2:val>370.0</caom2:val>
                        </caom2:start>
                        <caom2:end>
                          <caom2:pix>1.5</caom2:pix>
                          <caom2:val>1048.2948087999998</caom2:val>
                        </caom2:end>
                      </caom2:range>
                    </caom2:axis>
                    <caom2:specsys>TOPOCENT</caom2:specsys>
                    <caom2:ssyssrc>TOPOCENT</caom2:ssyssrc>
                    <caom2:resolvingPower>65000.0</caom2:resolvingPower>
                  </caom2:energy>
                  <caom2:time>
                    <caom2:axis>
                      <caom2:axis>
                        <caom2:ctype>TIME</caom2:ctype>
                        <caom2:cunit>d</caom2:cunit>
                      </caom2:axis>
                      <caom2:error>
                        <caom2:syser>1e-07</caom2:syser>
                        <caom2:rnder>1e-07</caom2:rnder>
                      </caom2:error>
                      <caom2:function>
                        <caom2:naxis>1</caom2:naxis>
                        <caom2:delta>4.62962962963e-05</caom2:delta>
                        <caom2:refCoord>
                          <caom2:pix>0.5</caom2:pix>
                          <caom2:val>58809.0501245</caom2:val>
                        </caom2:refCoord>
                      </caom2:function>
                    </caom2:axis>
                    <caom2:timesys>UTC</caom2:timesys>
                    <caom2:exposure>4.0</caom2:exposure>
                    <caom2:resolution>4.0</caom2:resolution>
                  </caom2:time>
                </caom2:chunk>
              </caom2:chunks>
            </caom2:part>
          </caom2:parts>
        </caom2:artifact>
      </caom2:artifacts>
    </caom2:plane>
  </caom2:planes>
</caom2:Observation>
