<?xml version='1.0' encoding='UTF-8'?>
<caom2:Observation xmlns:caom2="http://www.opencadc.org/caom2/xml/v2.4" xmlns:xsi="http://www.w3.org/2001/XMLSchema-instance" xsi:type="caom2:DerivedObservation" caom2:id="888f9635-7f51-44a6-95d3-a8bd080e38af" caom2:lastModified="2019-11-22T18:58:41.100" caom2:maxLastModified="2019-11-22T18:58:41.100" caom2:metaChecksum="md5:9de6bb6c8d728f8a49822dea3304c913" caom2:accMetaChecksum="md5:79668ecd3ae86aa39d3d2e0f82e5afde" caom2:metaProducer="cfht2caom2/0.3">
  <caom2:collection>CFHT</caom2:collection>
  <caom2:observationID>2460503p</caom2:observationID>
  <caom2:metaRelease>2019-11-21T00:00:00.000</caom2:metaRelease>
  <caom2:sequenceNumber>2460503</caom2:sequenceNumber>
  <caom2:algorithm>
    <caom2:name>polarization</caom2:name>
  </caom2:algorithm>
  <caom2:type>OBJECT</caom2:type>
  <caom2:intent>science</caom2:intent>
  <caom2:proposal>
    <caom2:id>19BF35</caom2:id>
    <caom2:pi>Rhita-Maria Ouazzani</caom2:pi>
    <caom2:title>Magnetic field detection survey for Gamma Doradus stars</caom2:title>
  </caom2:proposal>
  <caom2:target>
    <caom2:name>TIC18066482</caom2:name>
    <caom2:standard>false</caom2:standard>
  </caom2:target>
  <caom2:targetPosition>
    <caom2:coordsys>FK5</caom2:coordsys>
    <caom2:equinox>2000.0</caom2:equinox>
    <caom2:coordinates>
      <caom2:cval1>173.05366666666666</caom2:cval1>
      <caom2:cval2>38.92575</caom2:cval2>
    </caom2:coordinates>
  </caom2:targetPosition>
  <caom2:telescope>
    <caom2:name>CFHT 3.6m</caom2:name>
    <caom2:geoLocationX>-5464301.771353686</caom2:geoLocationX>
    <caom2:geoLocationY>-2493489.8730419003</caom2:geoLocationY>
    <caom2:geoLocationZ>2151085.1695058867</caom2:geoLocationZ>
  </caom2:telescope>
  <caom2:instrument>
    <caom2:name>ESPaDOnS</caom2:name>
    <caom2:keywords>
      <caom2:keyword>R=65,000</caom2:keyword>
      <caom2:keyword>INSTMODE=Polarimetry,</caom2:keyword>
    </caom2:keywords>
  </caom2:instrument>
  <caom2:environment>
    <caom2:humidity>66.29</caom2:humidity>
    <caom2:ambientTemp>0.65</caom2:ambientTemp>
  </caom2:environment>
  <caom2:planes>
    <caom2:plane caom2:id="21b76b2e-24cb-442e-8d43-2cc8d1b65054" caom2:lastModified="2019-11-22T18:58:41.100" caom2:maxLastModified="2019-11-22T18:58:41.100" caom2:metaChecksum="md5:c19ff677a6a45e68278ca781fd6f9f82" caom2:accMetaChecksum="md5:79d29d556d4d9adcd85ea7344dd02ae0" caom2:metaProducer="cfht2caom2/0.3">
      <caom2:productID>2460503p</caom2:productID>
      <caom2:metaRelease>2019-11-21T00:00:00.000</caom2:metaRelease>
      <caom2:dataRelease>2021-02-28T00:00:00.000</caom2:dataRelease>
      <caom2:dataProductType>spectrum</caom2:dataProductType>
      <caom2:calibrationLevel>2</caom2:calibrationLevel>
      <caom2:provenance>
        <caom2:name>UPENA</caom2:name>
        <caom2:version>1.1 January 2016</caom2:version>
        <caom2:project>STANDARD PIPELINE</caom2:project>
        <caom2:producer>CFHT</caom2:producer>
        <caom2:reference>http://www.cfht.hawaii.edu/Instruments/Upena/</caom2:reference>
        <caom2:lastExecuted>2019-11-21T16:29:15.000</caom2:lastExecuted>
        <caom2:keywords>
          <caom2:keyword>reduction=Polar</caom2:keyword>
        </caom2:keywords>
        <caom2:inputs>
          <caom2:planeURI>caom:CFHT/2460504/2460504o</caom2:planeURI>
          <caom2:planeURI>caom:CFHT/2460503/2460503o</caom2:planeURI>
          <caom2:planeURI>caom:CFHT/2460505/2460505o</caom2:planeURI>
          <caom2:planeURI>caom:CFHT/2460506/2460506o</caom2:planeURI>
        </caom2:inputs>
      </caom2:provenance>
      <caom2:artifacts>
        <caom2:artifact caom2:id="17e8d308-70fc-4185-8640-929d5e6fe58e" caom2:lastModified="2019-11-22T18:58:41.100" caom2:maxLastModified="2019-11-22T18:58:41.100" caom2:metaChecksum="md5:6f5d0f64d34bee61e0356b6d296d5605" caom2:accMetaChecksum="md5:1d5c057206c9779f3e4cc7321ac5f60f" caom2:metaProducer="cfht2caom2/0.3">
          <caom2:uri>ad:CFHT/2460503p.fits.gz</caom2:uri>
          <caom2:productType>science</caom2:productType>
          <caom2:releaseType>data</caom2:releaseType>
          <caom2:contentType>application/fits</caom2:contentType>
          <caom2:contentLength>20692800</caom2:contentLength>
          <caom2:contentChecksum>md5:3d4127a170b3c10cf10e3455669b3628</caom2:contentChecksum>
          <caom2:parts>
            <caom2:part caom2:id="740aabdd-63ce-4a8a-aa6f-48d75b2d791c" caom2:lastModified="2019-11-22T18:58:41.100" caom2:maxLastModified="2019-11-22T18:58:41.100" caom2:metaChecksum="md5:65f37ab154b9d2dee6e4d67e1f158fe5" caom2:accMetaChecksum="md5:52649583e61f64b8195a1218dc16c8a2">
              <caom2:name>0</caom2:name>
              <caom2:chunks>
                <caom2:chunk caom2:id="3da3bc70-d9e9-463c-b4de-9f0208b4b47d" caom2:lastModified="2019-11-22T18:58:41.100" caom2:maxLastModified="2019-11-22T18:58:41.100" caom2:metaChecksum="md5:ca33baa7908cd2fa09d4f12fb157e2ad" caom2:accMetaChecksum="md5:4a18d6afcd210618831e5022e9dad067" caom2:metaProducer="cfht2caom2/0.3">
                  <caom2:observable>
                    <caom2:dependent>
                      <caom2:axis>
                        <caom2:ctype>flux</caom2:ctype>
                        <caom2:cunit>counts</caom2:cunit>
                      </caom2:axis>
                      <caom2:bin>2</caom2:bin>
                    </caom2:dependent>
                    <caom2:independent>
                      <caom2:axis>
                        <caom2:ctype>WAVE</caom2:ctype>
                        <caom2:cunit>nm</caom2:cunit>
                      </caom2:axis>
                      <caom2:bin>1</caom2:bin>
                    </caom2:independent>
                  </caom2:observable>
                  <caom2:position>
                    <caom2:axis>
                      <caom2:axis1>
                        <caom2:ctype>RA---TAN</caom2:ctype>
                        <caom2:cunit>deg</caom2:cunit>
                      </caom2:axis1>
                      <caom2:axis2>
                        <caom2:ctype>DEC--TAN</caom2:ctype>
                        <caom2:cunit>deg</caom2:cunit>
                      </caom2:axis2>
                      <caom2:error1>
                        <caom2:syser>2.78e-05</caom2:syser>
                        <caom2:rnder>2.78e-05</caom2:rnder>
                      </caom2:error1>
                      <caom2:error2>
                        <caom2:syser>2.78e-05</caom2:syser>
                        <caom2:rnder>2.78e-05</caom2:rnder>
                      </caom2:error2>
                      <caom2:function>
                        <caom2:dimension>
                          <caom2:naxis1>1</caom2:naxis1>
                          <caom2:naxis2>1</caom2:naxis2>
                        </caom2:dimension>
                        <caom2:refCoord>
                          <caom2:coord1>
                            <caom2:pix>1.0</caom2:pix>
                            <caom2:val>173.053667</caom2:val>
                          </caom2:coord1>
                          <caom2:coord2>
                            <caom2:pix>1.0</caom2:pix>
                            <caom2:val>38.92575</caom2:val>
                          </caom2:coord2>
                        </caom2:refCoord>
                        <caom2:cd11>-0.000444</caom2:cd11>
                        <caom2:cd12>0.0</caom2:cd12>
                        <caom2:cd21>0.0</caom2:cd21>
                        <caom2:cd22>0.000444</caom2:cd22>
                      </caom2:function>
                    </caom2:axis>
                    <caom2:coordsys>FK5</caom2:coordsys>
                    <caom2:equinox>2000.0</caom2:equinox>
                  </caom2:position>
                  <caom2:time>
                    <caom2:axis>
                      <caom2:axis>
                        <caom2:ctype>TIME</caom2:ctype>
                        <caom2:cunit>d</caom2:cunit>
                      </caom2:axis>
                      <caom2:error>
                        <caom2:syser>1e-07</caom2:syser>
                        <caom2:rnder>1e-07</caom2:rnder>
                      </caom2:error>
                      <caom2:function>
                        <caom2:naxis>1</caom2:naxis>
                        <caom2:delta>0.00444444444444</caom2:delta>
                        <caom2:refCoord>
                          <caom2:pix>0.5</caom2:pix>
                          <caom2:val>58808.664</caom2:val>
                        </caom2:refCoord>
                      </caom2:function>
                    </caom2:axis>
                    <caom2:timesys>UTC</caom2:timesys>
                    <caom2:exposure>384.0</caom2:exposure>
                    <caom2:resolution>384.0</caom2:resolution>
                  </caom2:time>
                  <caom2:polarization>
                    <caom2:axis>
                      <caom2:axis>
                        <caom2:ctype>STOKES</caom2:ctype>
                      </caom2:axis>
                      <caom2:function>
                        <caom2:naxis>1</caom2:naxis>
                        <caom2:delta>1.0</caom2:delta>
                        <caom2:refCoord>
                          <caom2:pix>1.0</caom2:pix>
                          <caom2:val>4.0</caom2:val>
                        </caom2:refCoord>
                      </caom2:function>
                    </caom2:axis>
                  </caom2:polarization>
                </caom2:chunk>
                <caom2:chunk caom2:id="00000000-0000-0000-87fe-c820039c2652" caom2:lastModified="2019-11-22T18:58:41.100" caom2:maxLastModified="2019-11-22T18:58:41.100" caom2:metaChecksum="md5:cd60828642341bd3701c2501ec6b99c1" caom2:accMetaChecksum="md5:c1a5183b40034cde5afb4583e587e3c2" caom2:metaProducer="cfht2caom2/0.3">
                  <caom2:naxis>2</caom2:naxis>
                  <caom2:positionAxis1>3</caom2:positionAxis1>
                  <caom2:positionAxis2>4</caom2:positionAxis2>
                  <caom2:observable>
                    <caom2:dependent>
                      <caom2:axis>
                        <caom2:ctype>polarized flux</caom2:ctype>
                        <caom2:cunit>percent</caom2:cunit>
                      </caom2:axis>
                      <caom2:bin>3</caom2:bin>
                    </caom2:dependent>
                    <caom2:independent>
                      <caom2:axis>
                        <caom2:ctype>WAVE</caom2:ctype>
                        <caom2:cunit>nm</caom2:cunit>
                      </caom2:axis>
                      <caom2:bin>1</caom2:bin>
                    </caom2:independent>
                  </caom2:observable>
                  <caom2:position>
                    <caom2:axis>
                      <caom2:axis1>
                        <caom2:ctype>RA---TAN</caom2:ctype>
                        <caom2:cunit>deg</caom2:cunit>
                      </caom2:axis1>
                      <caom2:axis2>
                        <caom2:ctype>DEC--TAN</caom2:ctype>
                        <caom2:cunit>deg</caom2:cunit>
                      </caom2:axis2>
                      <caom2:error1>
                        <caom2:syser>2.78e-05</caom2:syser>
                        <caom2:rnder>2.78e-05</caom2:rnder>
                      </caom2:error1>
                      <caom2:error2>
                        <caom2:syser>2.78e-05</caom2:syser>
                        <caom2:rnder>2.78e-05</caom2:rnder>
                      </caom2:error2>
                      <caom2:function>
                        <caom2:dimension>
                          <caom2:naxis1>1</caom2:naxis1>
                          <caom2:naxis2>1</caom2:naxis2>
                        </caom2:dimension>
                        <caom2:refCoord>
                          <caom2:coord1>
                            <caom2:pix>1.0</caom2:pix>
                            <caom2:val>173.053667</caom2:val>
                          </caom2:coord1>
                          <caom2:coord2>
                            <caom2:pix>1.0</caom2:pix>
                            <caom2:val>38.92575</caom2:val>
                          </caom2:coord2>
                        </caom2:refCoord>
                        <caom2:cd11>-0.000444</caom2:cd11>
                        <caom2:cd12>0.0</caom2:cd12>
                        <caom2:cd21>0.0</caom2:cd21>
                        <caom2:cd22>0.000444</caom2:cd22>
                      </caom2:function>
                    </caom2:axis>
                    <caom2:coordsys>FK5</caom2:coordsys>
                    <caom2:equinox>2000.0</caom2:equinox>
                  </caom2:position>
                  <caom2:energy>
                    <caom2:axis>
                      <caom2:axis>
                        <caom2:ctype>WAVE</caom2:ctype>
                        <caom2:cunit>nm</caom2:cunit>
                      </caom2:axis>
                      <caom2:bounds>
                        <caom2:samples>
                          <caom2:range>
                            <caom2:start>
                              <caom2:pix>1.0</caom2:pix>
                              <caom2:val>366.9234924316406</caom2:val>
                            </caom2:start>
                            <caom2:end>
                              <caom2:pix>3644.0</caom2:pix>
                              <caom2:val>375.11761474609375</caom2:val>
                            </caom2:end>
                          </caom2:range>
                          <caom2:range>
                            <caom2:start>
                              <caom2:pix>3645.0</caom2:pix>
                              <caom2:val>372.9690856933594</caom2:val>
                            </caom2:start>
                            <caom2:end>
                              <caom2:pix>7348.0</caom2:pix>
                              <caom2:val>381.43310546875</caom2:val>
                            </caom2:end>
                          </caom2:range>
                          <caom2:range>
                            <caom2:start>
                              <caom2:pix>7349.0</caom2:pix>
                              <caom2:val>379.2135009765625</caom2:val>
                            </caom2:start>
                            <caom2:end>
                              <caom2:pix>11116.0</caom2:pix>
                              <caom2:val>387.96649169921875</caom2:val>
                            </caom2:end>
                          </caom2:range>
                          <caom2:range>
                            <caom2:start>
                              <caom2:pix>11117.0</caom2:pix>
                              <caom2:val>385.672607421875</caom2:val>
                            </caom2:start>
                            <caom2:end>
                              <caom2:pix>14949.0</caom2:pix>
                              <caom2:val>394.72698974609375</caom2:val>
                            </caom2:end>
                          </caom2:range>
                          <caom2:range>
                            <caom2:start>
                              <caom2:pix>14950.0</caom2:pix>
                              <caom2:val>392.3554992675781</caom2:val>
                            </caom2:start>
                            <caom2:end>
                              <caom2:pix>18848.0</caom2:pix>
                              <caom2:val>401.7244873046875</caom2:val>
                            </caom2:end>
                          </caom2:range>
                          <caom2:range>
                            <caom2:start>
                              <caom2:pix>18849.0</caom2:pix>
                              <caom2:val>399.2688903808594</caom2:val>
                            </caom2:start>
                            <caom2:end>
                              <caom2:pix>22818.0</caom2:pix>
                              <caom2:val>408.9761047363281</caom2:val>
                            </caom2:end>
                          </caom2:range>
                          <caom2:range>
                            <caom2:start>
                              <caom2:pix>22819.0</caom2:pix>
                              <caom2:val>406.43359375</caom2:val>
                            </caom2:start>
                            <caom2:end>
                              <caom2:pix>26860.0</caom2:pix>
                              <caom2:val>416.4934997558594</caom2:val>
                            </caom2:end>
                          </caom2:range>
                          <caom2:range>
                            <caom2:start>
                              <caom2:pix>26861.0</caom2:pix>
                              <caom2:val>413.8634948730469</caom2:val>
                            </caom2:start>
                            <caom2:end>
                              <caom2:pix>30976.0</caom2:pix>
                              <caom2:val>424.2936096191406</caom2:val>
                            </caom2:end>
                          </caom2:range>
                          <caom2:range>
                            <caom2:start>
                              <caom2:pix>30977.0</caom2:pix>
                              <caom2:val>421.5650939941406</caom2:val>
                            </caom2:start>
                            <caom2:end>
                              <caom2:pix>35170.0</caom2:pix>
                              <caom2:val>432.3901062011719</caom2:val>
                            </caom2:end>
                          </caom2:range>
                          <caom2:range>
                            <caom2:start>
                              <caom2:pix>35171.0</caom2:pix>
                              <caom2:val>429.556884765625</caom2:val>
                            </caom2:start>
                            <caom2:end>
                              <caom2:pix>39445.0</caom2:pix>
                              <caom2:val>440.79998779296875</caom2:val>
                            </caom2:end>
                          </caom2:range>
                          <caom2:range>
                            <caom2:start>
                              <caom2:pix>39446.0</caom2:pix>
                              <caom2:val>437.8617858886719</caom2:val>
                            </caom2:start>
                            <caom2:end>
                              <caom2:pix>43803.0</caom2:pix>
                              <caom2:val>449.544189453125</caom2:val>
                            </caom2:end>
                          </caom2:range>
                          <caom2:range>
                            <caom2:start>
                              <caom2:pix>43804.0</caom2:pix>
                              <caom2:val>446.4866027832031</caom2:val>
                            </caom2:start>
                            <caom2:end>
                              <caom2:pix>48249.0</caom2:pix>
                              <caom2:val>458.6402893066406</caom2:val>
                            </caom2:end>
                          </caom2:range>
                          <caom2:range>
                            <caom2:start>
                              <caom2:pix>48250.0</caom2:pix>
                              <caom2:val>455.46319580078125</caom2:val>
                            </caom2:start>
                            <caom2:end>
                              <caom2:pix>52785.0</caom2:pix>
                              <caom2:val>468.1122131347656</caom2:val>
                            </caom2:end>
                          </caom2:range>
                          <caom2:range>
                            <caom2:start>
                              <caom2:pix>52786.0</caom2:pix>
                              <caom2:val>464.8039855957031</caom2:val>
                            </caom2:start>
                            <caom2:end>
                              <caom2:pix>57417.0</caom2:pix>
                              <caom2:val>477.9859924316406</caom2:val>
                            </caom2:end>
                          </caom2:range>
                          <caom2:range>
                            <caom2:start>
                              <caom2:pix>57418.0</caom2:pix>
                              <caom2:val>474.5387878417969</caom2:val>
                            </caom2:start>
                            <caom2:end>
                              <caom2:pix>62147.0</caom2:pix>
                              <caom2:val>488.2821960449219</caom2:val>
                            </caom2:end>
                          </caom2:range>
                          <caom2:range>
                            <caom2:start>
                              <caom2:pix>62148.0</caom2:pix>
                              <caom2:val>484.6932067871094</caom2:val>
                            </caom2:start>
                            <caom2:end>
                              <caom2:pix>66979.0</caom2:pix>
                              <caom2:val>499.0332946777344</caom2:val>
                            </caom2:end>
                          </caom2:range>
                          <caom2:range>
                            <caom2:start>
                              <caom2:pix>66980.0</caom2:pix>
                              <caom2:val>495.2815856933594</caom2:val>
                            </caom2:start>
                            <caom2:end>
                              <caom2:pix>71919.0</caom2:pix>
                              <caom2:val>510.2644958496094</caom2:val>
                            </caom2:end>
                          </caom2:range>
                          <caom2:range>
                            <caom2:start>
                              <caom2:pix>71920.0</caom2:pix>
                              <caom2:val>506.3439025878906</caom2:val>
                            </caom2:start>
                            <caom2:end>
                              <caom2:pix>76973.0</caom2:pix>
                              <caom2:val>522.0164794921875</caom2:val>
                            </caom2:end>
                          </caom2:range>
                          <caom2:range>
                            <caom2:start>
                              <caom2:pix>76974.0</caom2:pix>
                              <caom2:val>517.9202270507812</caom2:val>
                            </caom2:start>
                            <caom2:end>
                              <caom2:pix>82143.0</caom2:pix>
                              <caom2:val>534.3200073242188</caom2:val>
                            </caom2:end>
                          </caom2:range>
                          <caom2:range>
                            <caom2:start>
                              <caom2:pix>82144.0</caom2:pix>
                              <caom2:val>530.0291137695312</caom2:val>
                            </caom2:start>
                            <caom2:end>
                              <caom2:pix>87436.0</caom2:pix>
                              <caom2:val>547.2144165039062</caom2:val>
                            </caom2:end>
                          </caom2:range>
                          <caom2:range>
                            <caom2:start>
                              <caom2:pix>87437.0</caom2:pix>
                              <caom2:val>542.716796875</caom2:val>
                            </caom2:start>
                            <caom2:end>
                              <caom2:pix>92859.0</caom2:pix>
                              <caom2:val>560.7484741210938</caom2:val>
                            </caom2:end>
                          </caom2:range>
                          <caom2:range>
                            <caom2:start>
                              <caom2:pix>92860.0</caom2:pix>
                              <caom2:val>556.026611328125</caom2:val>
                            </caom2:start>
                            <caom2:end>
                              <caom2:pix>98417.0</caom2:pix>
                              <caom2:val>574.964599609375</caom2:val>
                            </caom2:end>
                          </caom2:range>
                          <caom2:range>
                            <caom2:start>
                              <caom2:pix>98418.0</caom2:pix>
                              <caom2:val>570.0062866210938</caom2:val>
                            </caom2:start>
                            <caom2:end>
                              <caom2:pix>104117.0</caom2:pix>
                              <caom2:val>589.9207153320312</caom2:val>
                            </caom2:end>
                          </caom2:range>
                          <caom2:range>
                            <caom2:start>
                              <caom2:pix>104118.0</caom2:pix>
                              <caom2:val>584.7047119140625</caom2:val>
                            </caom2:start>
                            <caom2:end>
                              <caom2:pix>109967.0</caom2:pix>
                              <caom2:val>605.6754760742188</caom2:val>
                            </caom2:end>
                          </caom2:range>
                          <caom2:range>
                            <caom2:start>
                              <caom2:pix>109968.0</caom2:pix>
                              <caom2:val>600.1755981445312</caom2:val>
                            </caom2:start>
                            <caom2:end>
                              <caom2:pix>115977.0</caom2:pix>
                              <caom2:val>622.29638671875</caom2:val>
                            </caom2:end>
                          </caom2:range>
                          <caom2:range>
                            <caom2:start>
                              <caom2:pix>115978.0</caom2:pix>
                              <caom2:val>616.4963989257812</caom2:val>
                            </caom2:start>
                            <caom2:end>
                              <caom2:pix>122153.0</caom2:pix>
                              <caom2:val>639.8521728515625</caom2:val>
                            </caom2:end>
                          </caom2:range>
                          <caom2:range>
                            <caom2:start>
                              <caom2:pix>122154.0</caom2:pix>
                              <caom2:val>633.712890625</caom2:val>
                            </caom2:start>
                            <caom2:end>
                              <caom2:pix>128507.0</caom2:pix>
                              <caom2:val>658.4229125976562</caom2:val>
                            </caom2:end>
                          </caom2:range>
                          <caom2:range>
                            <caom2:start>
                              <caom2:pix>128508.0</caom2:pix>
                              <caom2:val>651.931396484375</caom2:val>
                            </caom2:start>
                            <caom2:end>
                              <caom2:pix>135047.0</caom2:pix>
                              <caom2:val>678.1041870117188</caom2:val>
                            </caom2:end>
                          </caom2:range>
                          <caom2:range>
                            <caom2:start>
                              <caom2:pix>135048.0</caom2:pix>
                              <caom2:val>671.444091796875</caom2:val>
                            </caom2:start>
                            <caom2:end>
                              <caom2:pix>141695.0</caom2:pix>
                              <caom2:val>698.8455810546875</caom2:val>
                            </caom2:end>
                          </caom2:range>
                          <caom2:range>
                            <caom2:start>
                              <caom2:pix>141696.0</caom2:pix>
                              <caom2:val>692.4321899414062</caom2:val>
                            </caom2:start>
                            <caom2:end>
                              <caom2:pix>148343.0</caom2:pix>
                              <caom2:val>720.6834716796875</caom2:val>
                            </caom2:end>
                          </caom2:range>
                          <caom2:range>
                            <caom2:start>
                              <caom2:pix>148344.0</caom2:pix>
                              <caom2:val>714.7742919921875</caom2:val>
                            </caom2:start>
                            <caom2:end>
                              <caom2:pix>154991.0</caom2:pix>
                              <caom2:val>743.93017578125</caom2:val>
                            </caom2:end>
                          </caom2:range>
                          <caom2:range>
                            <caom2:start>
                              <caom2:pix>154992.0</caom2:pix>
                              <caom2:val>738.6057739257812</caom2:val>
                            </caom2:start>
                            <caom2:end>
                              <caom2:pix>161639.0</caom2:pix>
                              <caom2:val>768.7266845703125</caom2:val>
                            </caom2:end>
                          </caom2:range>
                          <caom2:range>
                            <caom2:start>
                              <caom2:pix>161640.0</caom2:pix>
                              <caom2:val>764.080810546875</caom2:val>
                            </caom2:start>
                            <caom2:end>
                              <caom2:pix>168287.0</caom2:pix>
                              <caom2:val>795.2332763671875</caom2:val>
                            </caom2:end>
                          </caom2:range>
                          <caom2:range>
                            <caom2:start>
                              <caom2:pix>168288.0</caom2:pix>
                              <caom2:val>791.3753051757812</caom2:val>
                            </caom2:start>
                            <caom2:end>
                              <caom2:pix>174935.0</caom2:pix>
                              <caom2:val>823.6331787109375</caom2:val>
                            </caom2:end>
                          </caom2:range>
                          <caom2:range>
                            <caom2:start>
                              <caom2:pix>174936.0</caom2:pix>
                              <caom2:val>820.6917724609375</caom2:val>
                            </caom2:start>
                            <caom2:end>
                              <caom2:pix>181583.0</caom2:pix>
                              <caom2:val>854.1367797851562</caom2:val>
                            </caom2:end>
                          </caom2:range>
                          <caom2:range>
                            <caom2:start>
                              <caom2:pix>181584.0</caom2:pix>
                              <caom2:val>852.26318359375</caom2:val>
                            </caom2:start>
                            <caom2:end>
                              <caom2:pix>188231.0</caom2:pix>
                              <caom2:val>886.98681640625</caom2:val>
                            </caom2:end>
                          </caom2:range>
                          <caom2:range>
                            <caom2:start>
                              <caom2:pix>188232.0</caom2:pix>
                              <caom2:val>886.3604736328125</caom2:val>
                            </caom2:start>
                            <caom2:end>
                              <caom2:pix>194879.0</caom2:pix>
                              <caom2:val>922.464599609375</caom2:val>
                            </caom2:end>
                          </caom2:range>
                          <caom2:range>
                            <caom2:start>
                              <caom2:pix>194880.0</caom2:pix>
                              <caom2:val>923.2991943359375</caom2:val>
                            </caom2:start>
                            <caom2:end>
                              <caom2:pix>201527.0</caom2:pix>
                              <caom2:val>960.89892578125</caom2:val>
                            </caom2:end>
                          </caom2:range>
                          <caom2:range>
                            <caom2:start>
                              <caom2:pix>201528.0</caom2:pix>
                              <caom2:val>963.4500122070312</caom2:val>
                            </caom2:start>
                            <caom2:end>
                              <caom2:pix>208175.0</caom2:pix>
                              <caom2:val>1002.6751708984375</caom2:val>
                            </caom2:end>
                          </caom2:range>
                          <caom2:range>
                            <caom2:start>
                              <caom2:pix>208176.0</caom2:pix>
                              <caom2:val>1007.2515258789062</caom2:val>
                            </caom2:start>
                            <caom2:end>
                              <caom2:pix>214823.0</caom2:pix>
                              <caom2:val>1048.248779296875</caom2:val>
                            </caom2:end>
                          </caom2:range>
                        </caom2:samples>
                      </caom2:bounds>
                    </caom2:axis>
                    <caom2:specsys>TOPOCENT</caom2:specsys>
                    <caom2:ssysobs>TOPOCENT</caom2:ssysobs>
                    <caom2:ssyssrc>TOPOCENT</caom2:ssyssrc>
                    <caom2:resolvingPower>65000.0</caom2:resolvingPower>
                  </caom2:energy>
                  <caom2:time>
                    <caom2:axis>
                      <caom2:axis>
                        <caom2:ctype>TIME</caom2:ctype>
                        <caom2:cunit>d</caom2:cunit>
                      </caom2:axis>
                      <caom2:error>
                        <caom2:syser>1e-07</caom2:syser>
                        <caom2:rnder>1e-07</caom2:rnder>
                      </caom2:error>
                      <caom2:function>
                        <caom2:naxis>1</caom2:naxis>
                        <caom2:delta>0.00444444444444</caom2:delta>
                        <caom2:refCoord>
                          <caom2:pix>0.5</caom2:pix>
                          <caom2:val>58808.664</caom2:val>
                        </caom2:refCoord>
                      </caom2:function>
                    </caom2:axis>
                    <caom2:timesys>UTC</caom2:timesys>
                    <caom2:exposure>384.0</caom2:exposure>
                    <caom2:resolution>384.0</caom2:resolution>
                  </caom2:time>
                  <caom2:polarization>
                    <caom2:axis>
                      <caom2:axis>
                        <caom2:ctype>STOKES</caom2:ctype>
                      </caom2:axis>
                      <caom2:function>
                        <caom2:naxis>1</caom2:naxis>
                        <caom2:delta>1.0</caom2:delta>
                        <caom2:refCoord>
                          <caom2:pix>1.0</caom2:pix>
                          <caom2:val>4.0</caom2:val>
                        </caom2:refCoord>
                      </caom2:function>
                    </caom2:axis>
                  </caom2:polarization>
                </caom2:chunk>
              </caom2:chunks>
            </caom2:part>
          </caom2:parts>
        </caom2:artifact>
      </caom2:artifacts>
    </caom2:plane>
  </caom2:planes>
  <caom2:members>
    <caom2:observationURI>caom:CFHT/2460506</caom2:observationURI>
    <caom2:observationURI>caom:CFHT/2460504</caom2:observationURI>
    <caom2:observationURI>caom:CFHT/2460503</caom2:observationURI>
    <caom2:observationURI>caom:CFHT/2460505</caom2:observationURI>
  </caom2:members>
</caom2:Observation>
