<?xml version='1.0' encoding='UTF-8'?>
<caom2:Observation xmlns:caom2="http://www.opencadc.org/caom2/xml/v2.4" xmlns:xsi="http://www.w3.org/2001/XMLSchema-instance" xsi:type="caom2:SimpleObservation" caom2:id="baf654b8-64db-407a-87ed-646ec51a85f6" caom2:lastModified="2019-11-27T16:26:38.227" caom2:maxLastModified="2019-11-27T16:26:38.227" caom2:metaChecksum="md5:cc85924be42175aedfad663460232cbb" caom2:accMetaChecksum="md5:391107951d2ff29e066272d514be1227" caom2:metaProducer="cfht2caom2/0.3">
  <caom2:collection>CFHT</caom2:collection>
  <caom2:observationID>2462928</caom2:observationID>
  <caom2:metaRelease>2019-11-27T00:00:00.000</caom2:metaRelease>
  <caom2:sequenceNumber>2462928</caom2:sequenceNumber>
  <caom2:algorithm>
    <caom2:name>exposure</caom2:name>
  </caom2:algorithm>
  <caom2:type>ACQUIRE</caom2:type>
  <caom2:intent>calibration</caom2:intent>
  <caom2:proposal>
    <caom2:id>19BP32</caom2:id>
    <caom2:pi>Michael Liu</caom2:pi>
    <caom2:project>CIPP</caom2:project>
    <caom2:title>CIPP</caom2:title>
  </caom2:proposal>
  <caom2:target>
    <caom2:name>2M1047+40</caom2:name>
    <caom2:standard>false</caom2:standard>
  </caom2:target>
  <caom2:targetPosition>
    <caom2:coordsys>FK5</caom2:coordsys>
    <caom2:equinox>2000.0</caom2:equinox>
    <caom2:coordinates>
      <caom2:cval1>161.70220833333332</caom2:cval1>
      <caom2:cval2>40.34675</caom2:cval2>
    </caom2:coordinates>
  </caom2:targetPosition>
  <caom2:telescope>
    <caom2:name>CFHT 3.6m</caom2:name>
    <caom2:geoLocationX>-5464301.771353686</caom2:geoLocationX>
    <caom2:geoLocationY>-2493489.8730419003</caom2:geoLocationY>
    <caom2:geoLocationZ>2151085.1695058867</caom2:geoLocationZ>
  </caom2:telescope>
  <caom2:instrument>
    <caom2:name>WIRCam</caom2:name>
  </caom2:instrument>
  <caom2:environment>
    <caom2:humidity>21.25</caom2:humidity>
    <caom2:elevation>67.662</caom2:elevation>
    <caom2:ambientTemp>2.63</caom2:ambientTemp>
  </caom2:environment>
  <caom2:planes>
    <caom2:plane caom2:id="e6d6236b-af93-4f5c-a7f8-0461e4c1559f" caom2:lastModified="2019-11-27T16:26:38.227" caom2:maxLastModified="2019-11-27T16:26:38.227" caom2:metaChecksum="md5:987204f8a71375aaeafd7d6d35d2239c" caom2:accMetaChecksum="md5:6ca0f5f95c70fba8b45b0fa7afcd6dcd" caom2:metaProducer="cfht2caom2/0.3">
      <caom2:productID>2462928a</caom2:productID>
      <caom2:metaRelease>2019-11-27T00:00:00.000</caom2:metaRelease>
      <caom2:dataRelease>2021-02-28T00:00:00.000</caom2:dataRelease>
      <caom2:dataProductType>image</caom2:dataProductType>
      <caom2:calibrationLevel>1</caom2:calibrationLevel>
      <caom2:provenance>
        <caom2:name>IIWI</caom2:name>
        <caom2:project>STANDARD PIPELINE</caom2:project>
        <caom2:producer>CFHT</caom2:producer>
        <caom2:runID>19Bw02</caom2:runID>
        <caom2:reference>http://www.cfht.hawaii.edu/Instruments/Imaging/WIRCam</caom2:reference>
      </caom2:provenance>
      <caom2:artifacts>
        <caom2:artifact caom2:id="55c762e7-688d-4af0-9adc-ff88ee24f001" caom2:lastModified="2019-11-27T16:26:38.227" caom2:maxLastModified="2019-11-27T16:26:38.227" caom2:metaChecksum="md5:c0dd58faba03311cbbead5c40c8c30b7" caom2:accMetaChecksum="md5:0539a397912509cca3d5687c55ebc0e1" caom2:metaProducer="cfht2caom2/0.3">
          <caom2:uri>ad:CFHT/2462928a.fits.fz</caom2:uri>
          <caom2:productType>calibration</caom2:productType>
          <caom2:releaseType>data</caom2:releaseType>
          <caom2:contentType>application/fits</caom2:contentType>
          <caom2:contentChecksum>md5:cbc6dfecce2f62289413360b801a2c2d</caom2:contentChecksum>
          <caom2:parts>
            <caom2:part caom2:id="786ae3c5-e98c-4cca-81e6-fcb1ecd9dfd5" caom2:lastModified="2019-11-27T16:26:38.227" caom2:maxLastModified="2019-11-27T16:26:38.227" caom2:metaChecksum="md5:2ce98736dbd5a85140ebe7196a1459ae" caom2:accMetaChecksum="md5:b173aa3e7f0f51807016e339f4ada23e">
              <caom2:name>0</caom2:name>
              <caom2:chunks/>
            </caom2:part>
            <caom2:part caom2:id="64de98f5-dafd-4880-b760-0a42acafcb42" caom2:lastModified="2019-11-27T16:26:38.227" caom2:maxLastModified="2019-11-27T16:26:38.227" caom2:metaChecksum="md5:e564d603981e22581a51954cd5961e9b" caom2:accMetaChecksum="md5:26d174ae9e95cde1615e0c7156fbd0ff">
              <caom2:name>1</caom2:name>
              <caom2:chunks>
                <caom2:chunk caom2:id="6e5a134d-28d4-471e-a659-e5d6f5344b43" caom2:lastModified="2019-11-27T16:26:38.227" caom2:maxLastModified="2019-11-27T16:26:38.227" caom2:metaChecksum="md5:74b64c159d14bcfd7c9bd4e584a7471f" caom2:accMetaChecksum="md5:d8bcbcfd91ee960fb258f27b9cb08a95" caom2:metaProducer="cfht2caom2/0.3">
                  <caom2:naxis>2</caom2:naxis>
                  <caom2:positionAxis1>1</caom2:positionAxis1>
                  <caom2:positionAxis2>2</caom2:positionAxis2>
                  <caom2:position>
                    <caom2:axis>
                      <caom2:axis1>
                        <caom2:ctype>RA---TAN</caom2:ctype>
                        <caom2:cunit>deg</caom2:cunit>
                      </caom2:axis1>
                      <caom2:axis2>
                        <caom2:ctype>DEC--TAN</caom2:ctype>
                        <caom2:cunit>deg</caom2:cunit>
                      </caom2:axis2>
                      <caom2:error1>
                        <caom2:syser>2.78e-05</caom2:syser>
                        <caom2:rnder>2.78e-05</caom2:rnder>
                      </caom2:error1>
                      <caom2:error2>
                        <caom2:syser>2.78e-05</caom2:syser>
                        <caom2:rnder>2.78e-05</caom2:rnder>
                      </caom2:error2>
                      <caom2:function>
                        <caom2:dimension>
                          <caom2:naxis1>2048</caom2:naxis1>
                          <caom2:naxis2>2048</caom2:naxis2>
                        </caom2:dimension>
                        <caom2:refCoord>
                          <caom2:coord1>
                            <caom2:pix>-69.7</caom2:pix>
                            <caom2:val>161.70221</caom2:val>
                          </caom2:coord1>
                          <caom2:coord2>
                            <caom2:pix>-77.7</caom2:pix>
                            <caom2:val>40.34675</caom2:val>
                          </caom2:coord2>
                        </caom2:refCoord>
                        <caom2:cd11>-8.42407e-05</caom2:cd11>
                        <caom2:cd12>-1.77585e-08</caom2:cd12>
                        <caom2:cd21>-1.77314e-08</caom2:cd21>
                        <caom2:cd22>8.42407e-05</caom2:cd22>
                      </caom2:function>
                    </caom2:axis>
                    <caom2:coordsys>FK5</caom2:coordsys>
                    <caom2:equinox>2000.0</caom2:equinox>
                  </caom2:position>
                  <caom2:energy>
                    <caom2:axis>
                      <caom2:axis>
                        <caom2:ctype>WAVE</caom2:ctype>
                        <caom2:cunit>Angstrom</caom2:cunit>
                      </caom2:axis>
                      <caom2:error>
                        <caom2:syser>1.0</caom2:syser>
                        <caom2:rnder>1.0</caom2:rnder>
                      </caom2:error>
                      <caom2:range>
                        <caom2:start>
                          <caom2:pix>0.5</caom2:pix>
                          <caom2:val>21154.413520101498</caom2:val>
                        </caom2:start>
                        <caom2:end>
                          <caom2:pix>1.5</caom2:pix>
                          <caom2:val>21448.9494464985</caom2:val>
                        </caom2:end>
                      </caom2:range>
                    </caom2:axis>
                    <caom2:specsys>TOPOCENT</caom2:specsys>
                    <caom2:ssysobs>TOPOCENT</caom2:ssysobs>
                    <caom2:ssyssrc>TOPOCENT</caom2:ssyssrc>
                    <caom2:bandpassName>H2</caom2:bandpassName>
                    <caom2:resolvingPower>72.3228631015553</caom2:resolvingPower>
                  </caom2:energy>
                  <caom2:time>
                    <caom2:axis>
                      <caom2:axis>
                        <caom2:ctype>TIME</caom2:ctype>
                        <caom2:cunit>d</caom2:cunit>
                      </caom2:axis>
                      <caom2:error>
                        <caom2:syser>1e-07</caom2:syser>
                        <caom2:rnder>1e-07</caom2:rnder>
                      </caom2:error>
                      <caom2:function>
                        <caom2:naxis>1</caom2:naxis>
                        <caom2:delta>3.4722222e-05</caom2:delta>
                        <caom2:refCoord>
                          <caom2:pix>0.5</caom2:pix>
                          <caom2:val>58814.6680532</caom2:val>
                        </caom2:refCoord>
                      </caom2:function>
                    </caom2:axis>
                    <caom2:timesys>UTC</caom2:timesys>
                    <caom2:exposure>3.0</caom2:exposure>
                    <caom2:resolution>3.0</caom2:resolution>
                  </caom2:time>
                </caom2:chunk>
              </caom2:chunks>
            </caom2:part>
            <caom2:part caom2:id="e59a003c-94d3-433f-9d4c-26cb2e05a542" caom2:lastModified="2019-11-27T16:26:38.227" caom2:maxLastModified="2019-11-27T16:26:38.227" caom2:metaChecksum="md5:bb180954abf5bd495e10a95a3509cc57" caom2:accMetaChecksum="md5:28d648f82a236a3521e36ace496d7cde">
              <caom2:name>2</caom2:name>
              <caom2:chunks>
                <caom2:chunk caom2:id="c2f55eca-8dae-4983-8d17-912be948d943" caom2:lastModified="2019-11-27T16:26:38.227" caom2:maxLastModified="2019-11-27T16:26:38.227" caom2:metaChecksum="md5:c1f0d5e6a0d9234daa0feec5d3145377" caom2:accMetaChecksum="md5:6504166f738550be6288c70638664fd9" caom2:metaProducer="cfht2caom2/0.3">
                  <caom2:naxis>2</caom2:naxis>
                  <caom2:positionAxis1>1</caom2:positionAxis1>
                  <caom2:positionAxis2>2</caom2:positionAxis2>
                  <caom2:position>
                    <caom2:axis>
                      <caom2:axis1>
                        <caom2:ctype>RA---TAN</caom2:ctype>
                        <caom2:cunit>deg</caom2:cunit>
                      </caom2:axis1>
                      <caom2:axis2>
                        <caom2:ctype>DEC--TAN</caom2:ctype>
                        <caom2:cunit>deg</caom2:cunit>
                      </caom2:axis2>
                      <caom2:error1>
                        <caom2:syser>2.78e-05</caom2:syser>
                        <caom2:rnder>2.78e-05</caom2:rnder>
                      </caom2:error1>
                      <caom2:error2>
                        <caom2:syser>2.78e-05</caom2:syser>
                        <caom2:rnder>2.78e-05</caom2:rnder>
                      </caom2:error2>
                      <caom2:function>
                        <caom2:dimension>
                          <caom2:naxis1>2048</caom2:naxis1>
                          <caom2:naxis2>2048</caom2:naxis2>
                        </caom2:dimension>
                        <caom2:refCoord>
                          <caom2:coord1>
                            <caom2:pix>-76.9</caom2:pix>
                            <caom2:val>161.70221</caom2:val>
                          </caom2:coord1>
                          <caom2:coord2>
                            <caom2:pix>2128.4</caom2:pix>
                            <caom2:val>40.34675</caom2:val>
                          </caom2:coord2>
                        </caom2:refCoord>
                        <caom2:cd11>-8.42407e-05</caom2:cd11>
                        <caom2:cd12>-1.73367e-08</caom2:cd12>
                        <caom2:cd21>-1.73671e-08</caom2:cd21>
                        <caom2:cd22>8.42407e-05</caom2:cd22>
                      </caom2:function>
                    </caom2:axis>
                    <caom2:coordsys>FK5</caom2:coordsys>
                    <caom2:equinox>2000.0</caom2:equinox>
                  </caom2:position>
                  <caom2:energy>
                    <caom2:axis>
                      <caom2:axis>
                        <caom2:ctype>WAVE</caom2:ctype>
                        <caom2:cunit>Angstrom</caom2:cunit>
                      </caom2:axis>
                      <caom2:error>
                        <caom2:syser>1.0</caom2:syser>
                        <caom2:rnder>1.0</caom2:rnder>
                      </caom2:error>
                      <caom2:range>
                        <caom2:start>
                          <caom2:pix>0.5</caom2:pix>
                          <caom2:val>21154.413520101498</caom2:val>
                        </caom2:start>
                        <caom2:end>
                          <caom2:pix>1.5</caom2:pix>
                          <caom2:val>21448.9494464985</caom2:val>
                        </caom2:end>
                      </caom2:range>
                    </caom2:axis>
                    <caom2:specsys>TOPOCENT</caom2:specsys>
                    <caom2:ssysobs>TOPOCENT</caom2:ssysobs>
                    <caom2:ssyssrc>TOPOCENT</caom2:ssyssrc>
                    <caom2:bandpassName>H2</caom2:bandpassName>
                    <caom2:resolvingPower>72.3228631015553</caom2:resolvingPower>
                  </caom2:energy>
                  <caom2:time>
                    <caom2:axis>
                      <caom2:axis>
                        <caom2:ctype>TIME</caom2:ctype>
                        <caom2:cunit>d</caom2:cunit>
                      </caom2:axis>
                      <caom2:error>
                        <caom2:syser>1e-07</caom2:syser>
                        <caom2:rnder>1e-07</caom2:rnder>
                      </caom2:error>
                      <caom2:function>
                        <caom2:naxis>1</caom2:naxis>
                        <caom2:delta>3.4722222e-05</caom2:delta>
                        <caom2:refCoord>
                          <caom2:pix>0.5</caom2:pix>
                          <caom2:val>58814.6680532</caom2:val>
                        </caom2:refCoord>
                      </caom2:function>
                    </caom2:axis>
                    <caom2:timesys>UTC</caom2:timesys>
                    <caom2:exposure>3.0</caom2:exposure>
                    <caom2:resolution>3.0</caom2:resolution>
                  </caom2:time>
                </caom2:chunk>
              </caom2:chunks>
            </caom2:part>
            <caom2:part caom2:id="5e209572-7311-433e-be0f-1fc47e6b77ee" caom2:lastModified="2019-11-27T16:26:38.227" caom2:maxLastModified="2019-11-27T16:26:38.227" caom2:metaChecksum="md5:3f22e5671005a0f3764bd11c47f49df3" caom2:accMetaChecksum="md5:3a20fa36bfac707214e2467a00ef20f2">
              <caom2:name>3</caom2:name>
              <caom2:chunks>
                <caom2:chunk caom2:id="af05b4c7-d9cf-45ae-b6cb-8c7d125d6be2" caom2:lastModified="2019-11-27T16:26:38.227" caom2:maxLastModified="2019-11-27T16:26:38.227" caom2:metaChecksum="md5:2cc3033a11a8a1d0cb77a426874024d2" caom2:accMetaChecksum="md5:93f1eb1f43b5bc3034f6f8c4a0629f40" caom2:metaProducer="cfht2caom2/0.3">
                  <caom2:naxis>2</caom2:naxis>
                  <caom2:positionAxis1>1</caom2:positionAxis1>
                  <caom2:positionAxis2>2</caom2:positionAxis2>
                  <caom2:position>
                    <caom2:axis>
                      <caom2:axis1>
                        <caom2:ctype>RA---TAN</caom2:ctype>
                        <caom2:cunit>deg</caom2:cunit>
                      </caom2:axis1>
                      <caom2:axis2>
                        <caom2:ctype>DEC--TAN</caom2:ctype>
                        <caom2:cunit>deg</caom2:cunit>
                      </caom2:axis2>
                      <caom2:error1>
                        <caom2:syser>2.78e-05</caom2:syser>
                        <caom2:rnder>2.78e-05</caom2:rnder>
                      </caom2:error1>
                      <caom2:error2>
                        <caom2:syser>2.78e-05</caom2:syser>
                        <caom2:rnder>2.78e-05</caom2:rnder>
                      </caom2:error2>
                      <caom2:function>
                        <caom2:dimension>
                          <caom2:naxis1>2048</caom2:naxis1>
                          <caom2:naxis2>2048</caom2:naxis2>
                        </caom2:dimension>
                        <caom2:refCoord>
                          <caom2:coord1>
                            <caom2:pix>2121.9</caom2:pix>
                            <caom2:val>161.70221</caom2:val>
                          </caom2:coord1>
                          <caom2:coord2>
                            <caom2:pix>2122.8</caom2:pix>
                            <caom2:val>40.34675</caom2:val>
                          </caom2:coord2>
                        </caom2:refCoord>
                        <caom2:cd11>-8.42407e-05</caom2:cd11>
                        <caom2:cd12>-1.77124e-08</caom2:cd12>
                        <caom2:cd21>-1.75162e-08</caom2:cd21>
                        <caom2:cd22>8.42407e-05</caom2:cd22>
                      </caom2:function>
                    </caom2:axis>
                    <caom2:coordsys>FK5</caom2:coordsys>
                    <caom2:equinox>2000.0</caom2:equinox>
                  </caom2:position>
                  <caom2:energy>
                    <caom2:axis>
                      <caom2:axis>
                        <caom2:ctype>WAVE</caom2:ctype>
                        <caom2:cunit>Angstrom</caom2:cunit>
                      </caom2:axis>
                      <caom2:error>
                        <caom2:syser>1.0</caom2:syser>
                        <caom2:rnder>1.0</caom2:rnder>
                      </caom2:error>
                      <caom2:range>
                        <caom2:start>
                          <caom2:pix>0.5</caom2:pix>
                          <caom2:val>21154.413520101498</caom2:val>
                        </caom2:start>
                        <caom2:end>
                          <caom2:pix>1.5</caom2:pix>
                          <caom2:val>21448.9494464985</caom2:val>
                        </caom2:end>
                      </caom2:range>
                    </caom2:axis>
                    <caom2:specsys>TOPOCENT</caom2:specsys>
                    <caom2:ssysobs>TOPOCENT</caom2:ssysobs>
                    <caom2:ssyssrc>TOPOCENT</caom2:ssyssrc>
                    <caom2:bandpassName>H2</caom2:bandpassName>
                    <caom2:resolvingPower>72.3228631015553</caom2:resolvingPower>
                  </caom2:energy>
                  <caom2:time>
                    <caom2:axis>
                      <caom2:axis>
                        <caom2:ctype>TIME</caom2:ctype>
                        <caom2:cunit>d</caom2:cunit>
                      </caom2:axis>
                      <caom2:error>
                        <caom2:syser>1e-07</caom2:syser>
                        <caom2:rnder>1e-07</caom2:rnder>
                      </caom2:error>
                      <caom2:function>
                        <caom2:naxis>1</caom2:naxis>
                        <caom2:delta>3.4722222e-05</caom2:delta>
                        <caom2:refCoord>
                          <caom2:pix>0.5</caom2:pix>
                          <caom2:val>58814.6680532</caom2:val>
                        </caom2:refCoord>
                      </caom2:function>
                    </caom2:axis>
                    <caom2:timesys>UTC</caom2:timesys>
                    <caom2:exposure>3.0</caom2:exposure>
                    <caom2:resolution>3.0</caom2:resolution>
                  </caom2:time>
                </caom2:chunk>
              </caom2:chunks>
            </caom2:part>
            <caom2:part caom2:id="5cdd0e0f-a825-41ac-8b42-02b5811322eb" caom2:lastModified="2019-11-27T16:26:38.227" caom2:maxLastModified="2019-11-27T16:26:38.227" caom2:metaChecksum="md5:2dddccc4c2ff379d9fba5f9ec08625d5" caom2:accMetaChecksum="md5:d54579f23b8010338b2c946ec2bdadba">
              <caom2:name>4</caom2:name>
              <caom2:chunks>
                <caom2:chunk caom2:id="e72c7df4-ebe8-4af5-a7ef-317b6c450742" caom2:lastModified="2019-11-27T16:26:38.227" caom2:maxLastModified="2019-11-27T16:26:38.227" caom2:metaChecksum="md5:5d1918ca0f39870aecafba2d4a1b5955" caom2:accMetaChecksum="md5:35bc7e6837008d3d901dd5f46e0bdaa2" caom2:metaProducer="cfht2caom2/0.3">
                  <caom2:naxis>2</caom2:naxis>
                  <caom2:positionAxis1>1</caom2:positionAxis1>
                  <caom2:positionAxis2>2</caom2:positionAxis2>
                  <caom2:position>
                    <caom2:axis>
                      <caom2:axis1>
                        <caom2:ctype>RA---TAN</caom2:ctype>
                        <caom2:cunit>deg</caom2:cunit>
                      </caom2:axis1>
                      <caom2:axis2>
                        <caom2:ctype>DEC--TAN</caom2:ctype>
                        <caom2:cunit>deg</caom2:cunit>
                      </caom2:axis2>
                      <caom2:error1>
                        <caom2:syser>2.78e-05</caom2:syser>
                        <caom2:rnder>2.78e-05</caom2:rnder>
                      </caom2:error1>
                      <caom2:error2>
                        <caom2:syser>2.78e-05</caom2:syser>
                        <caom2:rnder>2.78e-05</caom2:rnder>
                      </caom2:error2>
                      <caom2:function>
                        <caom2:dimension>
                          <caom2:naxis1>2048</caom2:naxis1>
                          <caom2:naxis2>2048</caom2:naxis2>
                        </caom2:dimension>
                        <caom2:refCoord>
                          <caom2:coord1>
                            <caom2:pix>2122.7</caom2:pix>
                            <caom2:val>161.70221</caom2:val>
                          </caom2:coord1>
                          <caom2:coord2>
                            <caom2:pix>-81.7</caom2:pix>
                            <caom2:val>40.34675</caom2:val>
                          </caom2:coord2>
                        </caom2:refCoord>
                        <caom2:cd11>-8.42407e-05</caom2:cd11>
                        <caom2:cd12>-1.75962e-08</caom2:cd12>
                        <caom2:cd21>-1.75031e-08</caom2:cd21>
                        <caom2:cd22>8.42407e-05</caom2:cd22>
                      </caom2:function>
                    </caom2:axis>
                    <caom2:coordsys>FK5</caom2:coordsys>
                    <caom2:equinox>2000.0</caom2:equinox>
                  </caom2:position>
                  <caom2:energy>
                    <caom2:axis>
                      <caom2:axis>
                        <caom2:ctype>WAVE</caom2:ctype>
                        <caom2:cunit>Angstrom</caom2:cunit>
                      </caom2:axis>
                      <caom2:error>
                        <caom2:syser>1.0</caom2:syser>
                        <caom2:rnder>1.0</caom2:rnder>
                      </caom2:error>
                      <caom2:range>
                        <caom2:start>
                          <caom2:pix>0.5</caom2:pix>
                          <caom2:val>21154.413520101498</caom2:val>
                        </caom2:start>
                        <caom2:end>
                          <caom2:pix>1.5</caom2:pix>
                          <caom2:val>21448.9494464985</caom2:val>
                        </caom2:end>
                      </caom2:range>
                    </caom2:axis>
                    <caom2:specsys>TOPOCENT</caom2:specsys>
                    <caom2:ssysobs>TOPOCENT</caom2:ssysobs>
                    <caom2:ssyssrc>TOPOCENT</caom2:ssyssrc>
                    <caom2:bandpassName>H2</caom2:bandpassName>
                    <caom2:resolvingPower>72.3228631015553</caom2:resolvingPower>
                  </caom2:energy>
                  <caom2:time>
                    <caom2:axis>
                      <caom2:axis>
                        <caom2:ctype>TIME</caom2:ctype>
                        <caom2:cunit>d</caom2:cunit>
                      </caom2:axis>
                      <caom2:error>
                        <caom2:syser>1e-07</caom2:syser>
                        <caom2:rnder>1e-07</caom2:rnder>
                      </caom2:error>
                      <caom2:function>
                        <caom2:naxis>1</caom2:naxis>
                        <caom2:delta>3.4722222e-05</caom2:delta>
                        <caom2:refCoord>
                          <caom2:pix>0.5</caom2:pix>
                          <caom2:val>58814.6680532</caom2:val>
                        </caom2:refCoord>
                      </caom2:function>
                    </caom2:axis>
                    <caom2:timesys>UTC</caom2:timesys>
                    <caom2:exposure>3.0</caom2:exposure>
                    <caom2:resolution>3.0</caom2:resolution>
                  </caom2:time>
                </caom2:chunk>
              </caom2:chunks>
            </caom2:part>
          </caom2:parts>
        </caom2:artifact>
      </caom2:artifacts>
    </caom2:plane>
  </caom2:planes>
</caom2:Observation>
