<caom2:Observation xmlns:caom2="http://www.opencadc.org/caom2/xml/v2.4" xmlns:xsi="http://www.w3.org/2001/XMLSchema-instance" xsi:type="caom2:SimpleObservation" caom2:id="9ec1a7a3-d781-4cf9-a19a-3ee1fcd49f32" caom2:lastModified="2021-04-24T14:08:53.471" caom2:maxLastModified="2021-09-01T18:23:21.020" caom2:metaChecksum="md5:f71b7bd083c72226f3071a47a13b1e56" caom2:accMetaChecksum="md5:cbfd97fb8a4ae7b9ee7369749e85f60c" caom2:metaProducer="cfht2caom2/0.3.5">
  <caom2:collection>CFHT</caom2:collection>
  <caom2:observationID>2515413</caom2:observationID>
  <caom2:metaRelease>2020-09-19T05:49:43.000</caom2:metaRelease>
  <caom2:sequenceNumber>2515413</caom2:sequenceNumber>
  <caom2:algorithm>
    <caom2:name>exposure</caom2:name>
  </caom2:algorithm>
  <caom2:intent>science</caom2:intent>
  <caom2:telescope>
    <caom2:name>CFHT 3.6m</caom2:name>
    <caom2:geoLocationX>-5464301.771353686</caom2:geoLocationX>
    <caom2:geoLocationY>-2493489.8730419013</caom2:geoLocationY>
    <caom2:geoLocationZ>2151085.1695058867</caom2:geoLocationZ>
  </caom2:telescope>
  <caom2:instrument>
    <caom2:name>SPIRou</caom2:name>
  </caom2:instrument>
  <caom2:planes>
    <caom2:plane caom2:id="fed35d12-03c3-4c12-90c3-7986f18b9f45" caom2:lastModified="2020-09-19T06:23:05.258" caom2:maxLastModified="2021-09-01T18:23:21.020" caom2:metaChecksum="md5:d7a64e1fd0b552723f65edfa343d8cfd" caom2:accMetaChecksum="md5:9d57b500c0850bffa620f03278632292" caom2:metaProducer="cfht2caom2/0.2">
      <caom2:productID>2515413g</caom2:productID>
      <caom2:metaRelease>2020-09-19T05:49:43.000</caom2:metaRelease>
      <caom2:dataProductType>image</caom2:dataProductType>
      <caom2:calibrationLevel>1</caom2:calibrationLevel>
      <caom2:provenance>
        <caom2:name>DRS</caom2:name>
        <caom2:project>STANDARD PIPELINE</caom2:project>
        <caom2:producer>CFHT</caom2:producer>
        <caom2:reference>https://www.cfht.hawaii.edu/Instruments/SPIRou/SPIRou_pipeline.php</caom2:reference>
      </caom2:provenance>
      <caom2:artifacts>
        <caom2:artifact caom2:id="1b098a58-1381-4baa-9fde-251060abc35a" caom2:lastModified="2021-09-01T18:23:21.020" caom2:maxLastModified="2021-09-01T18:23:21.020" caom2:metaChecksum="md5:3b9bfb4f62fc072ff5763804759bd632" caom2:accMetaChecksum="md5:5cfac654f0b38f118e510f65a6425dd0" caom2:metaProducer="cfht2caom2/0.2">
          <caom2:uri>cadc:CFHT/2515413g.fits</caom2:uri>
          <caom2:productType>calibration</caom2:productType>
          <caom2:releaseType>data</caom2:releaseType>
          <caom2:contentType>application/fits</caom2:contentType>
          <caom2:contentChecksum>md5:7f79986cbb6bc8b2400e52f4163ab318</caom2:contentChecksum>
          <caom2:parts>
            <caom2:part caom2:id="2c49c3b0-fb3f-473f-8cf8-1d3379632a5c" caom2:lastModified="2020-09-19T06:23:05.258" caom2:maxLastModified="2020-09-19T06:23:05.258" caom2:metaChecksum="md5:d44600d2feb6133d89b887945dfa0e52" caom2:accMetaChecksum="md5:9ac0988883ac2f42ca4adf00093c5990">
              <caom2:name>0</caom2:name>
              <caom2:chunks/>
            </caom2:part>
            <caom2:part caom2:id="06839a50-47ee-47af-903c-b532e71fa9af" caom2:lastModified="2020-09-19T06:23:05.258" caom2:maxLastModified="2020-09-19T06:23:05.258" caom2:metaChecksum="md5:934d7d49a06de4e3c13e1eb83a45f0ac" caom2:accMetaChecksum="md5:25cbde57a60c2cebc3b04b660cda7e29">
              <caom2:name>IMAGE DATA</caom2:name>
              <caom2:chunks>
                <caom2:chunk caom2:id="bc4a7ad6-0a2d-41fc-81e1-7f0ab5959368" caom2:lastModified="2020-09-19T06:23:05.258" caom2:maxLastModified="2020-09-19T06:23:05.258" caom2:metaChecksum="md5:4a175fa13d726a85f926b7aff9ab0372" caom2:accMetaChecksum="md5:e9294df0357d050b893e93425395e25a" caom2:metaProducer="cfht2caom2/0.2">
                  <caom2:energy>
                    <caom2:axis>
                      <caom2:axis>
                        <caom2:ctype>WAVE</caom2:ctype>
                        <caom2:cunit>m</caom2:cunit>
                      </caom2:axis>
                      <caom2:error>
                        <caom2:syser>0.001</caom2:syser>
                        <caom2:rnder>0.001</caom2:rnder>
                      </caom2:error>
                      <caom2:function>
                        <caom2:naxis>1</caom2:naxis>
                        <caom2:delta>1.56e-06</caom2:delta>
                        <caom2:refCoord>
                          <caom2:pix>0.5</caom2:pix>
                          <caom2:val>9.55e-07</caom2:val>
                        </caom2:refCoord>
                      </caom2:function>
                    </caom2:axis>
                    <caom2:specsys>TOPOCENT</caom2:specsys>
                    <caom2:ssysobs>TOPOCENT</caom2:ssysobs>
                    <caom2:ssyssrc>TOPOCENT</caom2:ssyssrc>
                    <caom2:resolvingPower>73000.0</caom2:resolvingPower>
                  </caom2:energy>
                  <caom2:time>
                    <caom2:axis>
                      <caom2:axis>
                        <caom2:ctype>TIME</caom2:ctype>
                        <caom2:cunit>d</caom2:cunit>
                      </caom2:axis>
                      <caom2:function>
                        <caom2:naxis>5507</caom2:naxis>
                        <caom2:delta>1.1574074074074074e-07</caom2:delta>
                        <caom2:refCoord>
                          <caom2:pix>0.5</caom2:pix>
                          <caom2:val>59111.24285879629</caom2:val>
                        </caom2:refCoord>
                      </caom2:function>
                    </caom2:axis>
                    <caom2:timesys>UTC</caom2:timesys>
                    <caom2:exposure>0.01</caom2:exposure>
                    <caom2:resolution>0.01</caom2:resolution>
                  </caom2:time>
                </caom2:chunk>
              </caom2:chunks>
            </caom2:part>
            <caom2:part caom2:id="92b746cb-7404-4284-97d5-8aad31f5bddb" caom2:lastModified="2020-09-19T06:23:05.258" caom2:maxLastModified="2020-09-19T06:23:05.258" caom2:metaChecksum="md5:29e5443f4c9c870e25851f6677689878" caom2:accMetaChecksum="md5:cb65df01378f2760110eaca95c8516e0">
              <caom2:name>METADATA</caom2:name>
              <caom2:chunks>
                <caom2:chunk caom2:id="0b3bd818-295a-4bfc-af21-910b6ce5ff46" caom2:lastModified="2020-09-19T06:23:05.258" caom2:maxLastModified="2020-09-19T06:23:05.258" caom2:metaChecksum="md5:a86a3bb42a1783d049d812e40b4783a3" caom2:accMetaChecksum="md5:dbd34f9a98ae0a2a165420e6c509ac30" caom2:metaProducer="cfht2caom2/0.2">
                  <caom2:energy>
                    <caom2:axis>
                      <caom2:axis>
                        <caom2:ctype>WAVE</caom2:ctype>
                        <caom2:cunit>m</caom2:cunit>
                      </caom2:axis>
                      <caom2:error>
                        <caom2:syser>0.001</caom2:syser>
                        <caom2:rnder>0.001</caom2:rnder>
                      </caom2:error>
                      <caom2:function>
                        <caom2:naxis>1</caom2:naxis>
                        <caom2:delta>1.56e-06</caom2:delta>
                        <caom2:refCoord>
                          <caom2:pix>0.5</caom2:pix>
                          <caom2:val>9.55e-07</caom2:val>
                        </caom2:refCoord>
                      </caom2:function>
                    </caom2:axis>
                    <caom2:specsys>TOPOCENT</caom2:specsys>
                    <caom2:ssysobs>TOPOCENT</caom2:ssysobs>
                    <caom2:ssyssrc>TOPOCENT</caom2:ssyssrc>
                    <caom2:resolvingPower>73000.0</caom2:resolvingPower>
                  </caom2:energy>
                  <caom2:time>
                    <caom2:axis>
                      <caom2:axis>
                        <caom2:ctype>TIME</caom2:ctype>
                        <caom2:cunit>d</caom2:cunit>
                      </caom2:axis>
                      <caom2:function>
                        <caom2:naxis>5507</caom2:naxis>
                        <caom2:delta>1.1574074074074074e-07</caom2:delta>
                        <caom2:refCoord>
                          <caom2:pix>0.5</caom2:pix>
                          <caom2:val>59111.24285879629</caom2:val>
                        </caom2:refCoord>
                      </caom2:function>
                    </caom2:axis>
                    <caom2:timesys>UTC</caom2:timesys>
                    <caom2:exposure>0.01</caom2:exposure>
                    <caom2:resolution>0.01</caom2:resolution>
                  </caom2:time>
                </caom2:chunk>
              </caom2:chunks>
            </caom2:part>
          </caom2:parts>
        </caom2:artifact>
      </caom2:artifacts>
    </caom2:plane>
  </caom2:planes>
</caom2:Observation>
