<caom2:Observation xmlns:caom2="http://www.opencadc.org/caom2/xml/v2.4" xmlns:xsi="http://www.w3.org/2001/XMLSchema-instance" xsi:type="caom2:SimpleObservation" caom2:id="0d3799f4-f878-498f-9293-43566e7e0296" caom2:lastModified="2023-02-14T09:42:08.689" caom2:maxLastModified="2023-02-15T08:50:37.625" caom2:metaChecksum="md5:93d2d9b50038daf02bb5113001fe915d" caom2:accMetaChecksum="md5:957ceb3c1dbfe0de42281acd7dc18071" caom2:metaProducer="cfht2caom2/0.6">
  <caom2:collection>CFHT</caom2:collection>
  <caom2:observationID>2584185</caom2:observationID>
  <caom2:metaRelease>2021-02-21T10:44:25.000</caom2:metaRelease>
  <caom2:sequenceNumber>2584185</caom2:sequenceNumber>
  <caom2:algorithm>
    <caom2:name>exposure</caom2:name>
  </caom2:algorithm>
  <caom2:type>GUIDE</caom2:type>
  <caom2:intent>science</caom2:intent>
  <caom2:telescope>
    <caom2:name>CFHT 3.6m</caom2:name>
    <caom2:geoLocationX>-5464301.771353686</caom2:geoLocationX>
    <caom2:geoLocationY>-2493489.8730419013</caom2:geoLocationY>
    <caom2:geoLocationZ>2151085.1695058867</caom2:geoLocationZ>
  </caom2:telescope>
  <caom2:instrument>
    <caom2:name>SPIRou</caom2:name>
  </caom2:instrument>
  <caom2:planes>
    <caom2:plane caom2:id="613ef830-5eb1-441e-8513-722919c99aff" caom2:lastModified="2021-03-01T21:07:22.932" caom2:maxLastModified="2022-09-22T16:08:09.338" caom2:metaChecksum="md5:f77ee70f9768ddeb813cc427987005cb" caom2:accMetaChecksum="md5:1a32a1e064480ea3895fb56a77f50b61" caom2:metaProducer="cfht2caom2/0.3.2">
      <caom2:productID>2584185g</caom2:productID>
      <caom2:metaRelease>2021-02-21T10:44:25.000</caom2:metaRelease>
      <caom2:dataProductType>image</caom2:dataProductType>
      <caom2:calibrationLevel>1</caom2:calibrationLevel>
      <caom2:provenance>
        <caom2:name>DRS</caom2:name>
        <caom2:project>STANDARD PIPELINE</caom2:project>
        <caom2:producer>CFHT</caom2:producer>
        <caom2:reference>https://www.cfht.hawaii.edu/Instruments/SPIRou/SPIRou_pipeline.php</caom2:reference>
      </caom2:provenance>
      <caom2:artifacts>
        <caom2:artifact caom2:id="74fd6474-2358-4711-910e-54dae428f0ec" caom2:lastModified="2022-09-22T16:08:09.338" caom2:maxLastModified="2022-09-22T16:08:09.338" caom2:metaChecksum="md5:b8c981b9989a4f44639ef35ea784caf9" caom2:accMetaChecksum="md5:d494a35f59214398983dfd6f181f4e2f" caom2:metaProducer="cfht2caom2/0.3.2">
          <caom2:uri>cadc:CFHT/2584185g.fits</caom2:uri>
          <caom2:productType>calibration</caom2:productType>
          <caom2:releaseType>data</caom2:releaseType>
          <caom2:contentType>application/fits</caom2:contentType>
          <caom2:contentChecksum>md5:fed37031a9791ccb5e0c1e7958964999</caom2:contentChecksum>
          <caom2:parts>
            <caom2:part caom2:id="3cf88c1f-6be2-47c2-8a57-8a1fc3436a65" caom2:lastModified="2021-02-21T11:20:10.403" caom2:maxLastModified="2021-02-21T11:20:10.403" caom2:metaChecksum="md5:a2ae471c3e7c1e8737431fd041015fbd" caom2:accMetaChecksum="md5:3181d3a4c0b2b1abcdeb499f295d9deb">
              <caom2:name>0</caom2:name>
              <caom2:chunks/>
            </caom2:part>
            <caom2:part caom2:id="28cdaf90-27ae-424e-8a8a-f46eae2bd0cb" caom2:lastModified="2021-02-21T11:20:10.403" caom2:maxLastModified="2021-02-21T11:20:10.403" caom2:metaChecksum="md5:fe8dbe39b742db88324d7b638decd049" caom2:accMetaChecksum="md5:4e1cf5be55ede4742b7433b46cfdb002">
              <caom2:name>IMAGE DATA</caom2:name>
              <caom2:chunks>
                <caom2:chunk caom2:id="ee084505-c7ba-45fc-b9b3-e9dae0051959" caom2:lastModified="2021-02-21T11:20:10.403" caom2:maxLastModified="2021-02-21T11:20:10.403" caom2:metaChecksum="md5:4da753872cf6b1e9fe4f0d3f62d2ac98" caom2:accMetaChecksum="md5:2a2e19ee3cdf8dc18974b6cdff145b61" caom2:metaProducer="cfht2caom2/0.3.2">
                  <caom2:position>
                    <caom2:axis>
                      <caom2:axis1>
                        <caom2:ctype>RA---TAN</caom2:ctype>
                        <caom2:cunit>deg</caom2:cunit>
                      </caom2:axis1>
                      <caom2:axis2>
                        <caom2:ctype>DEC--TAN</caom2:ctype>
                        <caom2:cunit>deg</caom2:cunit>
                      </caom2:axis2>
                      <caom2:error1>
                        <caom2:syser>2.78e-05</caom2:syser>
                        <caom2:rnder>2.78e-05</caom2:rnder>
                      </caom2:error1>
                      <caom2:error2>
                        <caom2:syser>2.78e-05</caom2:syser>
                        <caom2:rnder>2.78e-05</caom2:rnder>
                      </caom2:error2>
                      <caom2:function>
                        <caom2:dimension>
                          <caom2:naxis1>1</caom2:naxis1>
                          <caom2:naxis2>1</caom2:naxis2>
                        </caom2:dimension>
                        <caom2:refCoord>
                          <caom2:coord1>
                            <caom2:pix>1.0</caom2:pix>
                            <caom2:val>162.3141666666667</caom2:val>
                          </caom2:coord1>
                          <caom2:coord2>
                            <caom2:pix>1.0</caom2:pix>
                            <caom2:val>10.54505555555555</caom2:val>
                          </caom2:coord2>
                        </caom2:refCoord>
                        <caom2:cd11>-0.00035833</caom2:cd11>
                        <caom2:cd12>0.0</caom2:cd12>
                        <caom2:cd21>0.0</caom2:cd21>
                        <caom2:cd22>0.00035833</caom2:cd22>
                      </caom2:function>
                    </caom2:axis>
                    <caom2:coordsys>FK5</caom2:coordsys>
                    <caom2:equinox>2000.0</caom2:equinox>
                  </caom2:position>
                  <caom2:energy>
                    <caom2:axis>
                      <caom2:axis>
                        <caom2:ctype>WAVE</caom2:ctype>
                        <caom2:cunit>m</caom2:cunit>
                      </caom2:axis>
                      <caom2:error>
                        <caom2:syser>0.001</caom2:syser>
                        <caom2:rnder>0.001</caom2:rnder>
                      </caom2:error>
                      <caom2:function>
                        <caom2:naxis>1</caom2:naxis>
                        <caom2:delta>1.56e-06</caom2:delta>
                        <caom2:refCoord>
                          <caom2:pix>0.5</caom2:pix>
                          <caom2:val>9.55e-07</caom2:val>
                        </caom2:refCoord>
                      </caom2:function>
                    </caom2:axis>
                    <caom2:specsys>TOPOCENT</caom2:specsys>
                    <caom2:ssysobs>TOPOCENT</caom2:ssysobs>
                    <caom2:ssyssrc>TOPOCENT</caom2:ssyssrc>
                    <caom2:resolvingPower>73000.0</caom2:resolvingPower>
                  </caom2:energy>
                  <caom2:time>
                    <caom2:axis>
                      <caom2:axis>
                        <caom2:ctype>TIME</caom2:ctype>
                        <caom2:cunit>d</caom2:cunit>
                      </caom2:axis>
                      <caom2:function>
                        <caom2:naxis>15574</caom2:naxis>
                        <caom2:delta>1.1574074074074074e-07</caom2:delta>
                        <caom2:refCoord>
                          <caom2:pix>0.5</caom2:pix>
                          <caom2:val>59266.44751157407</caom2:val>
                        </caom2:refCoord>
                      </caom2:function>
                    </caom2:axis>
                    <caom2:timesys>UTC</caom2:timesys>
                    <caom2:exposure>0.01</caom2:exposure>
                    <caom2:resolution>0.01</caom2:resolution>
                  </caom2:time>
                </caom2:chunk>
              </caom2:chunks>
            </caom2:part>
            <caom2:part caom2:id="f6ab5bb9-64dc-4208-8de2-6d19d7a70818" caom2:lastModified="2021-02-21T11:20:10.403" caom2:maxLastModified="2021-02-21T11:20:10.403" caom2:metaChecksum="md5:19d21ff21e452f475b1e6d8797c1b63f" caom2:accMetaChecksum="md5:f09cf770bdfe73970f291f444f201d6b">
              <caom2:name>METADATA</caom2:name>
              <caom2:chunks>
                <caom2:chunk caom2:id="6f4ca2e6-d74a-411e-bdc0-0095ce271019" caom2:lastModified="2021-02-21T11:20:10.403" caom2:maxLastModified="2021-02-21T11:20:10.403" caom2:metaChecksum="md5:f7b4dded8652bfa7cf029da0748c70e7" caom2:accMetaChecksum="md5:a840e315bc407c16df3043d63ea52c01" caom2:metaProducer="cfht2caom2/0.3.2">
                  <caom2:position>
                    <caom2:axis>
                      <caom2:axis1>
                        <caom2:ctype>RA---TAN</caom2:ctype>
                        <caom2:cunit>deg</caom2:cunit>
                      </caom2:axis1>
                      <caom2:axis2>
                        <caom2:ctype>DEC--TAN</caom2:ctype>
                        <caom2:cunit>deg</caom2:cunit>
                      </caom2:axis2>
                      <caom2:error1>
                        <caom2:syser>2.78e-05</caom2:syser>
                        <caom2:rnder>2.78e-05</caom2:rnder>
                      </caom2:error1>
                      <caom2:error2>
                        <caom2:syser>2.78e-05</caom2:syser>
                        <caom2:rnder>2.78e-05</caom2:rnder>
                      </caom2:error2>
                      <caom2:function>
                        <caom2:dimension>
                          <caom2:naxis1>1</caom2:naxis1>
                          <caom2:naxis2>1</caom2:naxis2>
                        </caom2:dimension>
                        <caom2:refCoord>
                          <caom2:coord1>
                            <caom2:pix>1.0</caom2:pix>
                            <caom2:val>162.3141666666667</caom2:val>
                          </caom2:coord1>
                          <caom2:coord2>
                            <caom2:pix>1.0</caom2:pix>
                            <caom2:val>10.54505555555555</caom2:val>
                          </caom2:coord2>
                        </caom2:refCoord>
                        <caom2:cd11>-0.00035833</caom2:cd11>
                        <caom2:cd12>0.0</caom2:cd12>
                        <caom2:cd21>0.0</caom2:cd21>
                        <caom2:cd22>0.00035833</caom2:cd22>
                      </caom2:function>
                    </caom2:axis>
                    <caom2:coordsys>FK5</caom2:coordsys>
                    <caom2:equinox>2000.0</caom2:equinox>
                  </caom2:position>
                  <caom2:energy>
                    <caom2:axis>
                      <caom2:axis>
                        <caom2:ctype>WAVE</caom2:ctype>
                        <caom2:cunit>m</caom2:cunit>
                      </caom2:axis>
                      <caom2:error>
                        <caom2:syser>0.001</caom2:syser>
                        <caom2:rnder>0.001</caom2:rnder>
                      </caom2:error>
                      <caom2:function>
                        <caom2:naxis>1</caom2:naxis>
                        <caom2:delta>1.56e-06</caom2:delta>
                        <caom2:refCoord>
                          <caom2:pix>0.5</caom2:pix>
                          <caom2:val>9.55e-07</caom2:val>
                        </caom2:refCoord>
                      </caom2:function>
                    </caom2:axis>
                    <caom2:specsys>TOPOCENT</caom2:specsys>
                    <caom2:ssysobs>TOPOCENT</caom2:ssysobs>
                    <caom2:ssyssrc>TOPOCENT</caom2:ssyssrc>
                    <caom2:resolvingPower>73000.0</caom2:resolvingPower>
                  </caom2:energy>
                  <caom2:time>
                    <caom2:axis>
                      <caom2:axis>
                        <caom2:ctype>TIME</caom2:ctype>
                        <caom2:cunit>d</caom2:cunit>
                      </caom2:axis>
                      <caom2:function>
                        <caom2:naxis>15574</caom2:naxis>
                        <caom2:delta>1.1574074074074074e-07</caom2:delta>
                        <caom2:refCoord>
                          <caom2:pix>0.5</caom2:pix>
                          <caom2:val>59266.44751157407</caom2:val>
                        </caom2:refCoord>
                      </caom2:function>
                    </caom2:axis>
                    <caom2:timesys>UTC</caom2:timesys>
                    <caom2:exposure>0.01</caom2:exposure>
                    <caom2:resolution>0.01</caom2:resolution>
                  </caom2:time>
                </caom2:chunk>
              </caom2:chunks>
            </caom2:part>
          </caom2:parts>
        </caom2:artifact>
      </caom2:artifacts>
    </caom2:plane>
  </caom2:planes>
</caom2:Observation>
