<?xml version='1.0' encoding='UTF-8'?>
<caom2:Observation xmlns:caom2="http://www.opencadc.org/caom2/xml/v2.4" xmlns:xsi="http://www.w3.org/2001/XMLSchema-instance" xsi:type="caom2:SimpleObservation" caom2:id="a23779b1-7cf1-4bd9-aabf-e5fa812ca953" caom2:lastModified="2020-09-22T00:06:19.571" caom2:maxLastModified="2020-09-22T03:07:04.917" caom2:metaChecksum="md5:370ab58175721947e8526fa1b006fdbc" caom2:accMetaChecksum="md5:dc8e70bbc88d8e910b9218e431a5197c" caom2:metaProducer="cfht2caom2/0.3.2">
    <caom2:collection>CFHT</caom2:collection>
    <caom2:observationID>2602045</caom2:observationID>
    <caom2:metaRelease>2021-03-28T00:00:00.000</caom2:metaRelease>
    <caom2:sequenceNumber>2602045</caom2:sequenceNumber>
    <caom2:algorithm>
        <caom2:name>exposure</caom2:name>
    </caom2:algorithm>
    <caom2:type>FLAT</caom2:type>
    <caom2:intent>calibration</caom2:intent>
    <caom2:proposal>
        <caom2:id>21AQ59</caom2:id>
        <caom2:pi>QSO Team</caom2:pi>
    </caom2:proposal>
    <caom2:target>
        <caom2:name>Calibration</caom2:name>
        <caom2:standard>false</caom2:standard>
    </caom2:target>
    <caom2:targetPosition>
        <caom2:coordsys>FK5</caom2:coordsys>
        <caom2:equinox>2021.24</caom2:equinox>
        <caom2:coordinates>
            <caom2:cval1>241.581875</caom2:cval1>
            <caom2:cval2>67.81049999999999</caom2:cval2>
        </caom2:coordinates>
    </caom2:targetPosition>
    <caom2:telescope>
        <caom2:name>CFHT 3.6m</caom2:name>
        <caom2:geoLocationX>-5464301.771353686</caom2:geoLocationX>
        <caom2:geoLocationY>-2493489.8730419013</caom2:geoLocationY>
        <caom2:geoLocationZ>2151085.1695058867</caom2:geoLocationZ>
    </caom2:telescope>
    <caom2:instrument>
        <caom2:name>SPIRou</caom2:name>
    </caom2:instrument>
    <caom2:environment>
        <caom2:humidity>16.52</caom2:humidity>
        <caom2:elevation>89.8657</caom2:elevation>
        <caom2:ambientTemp>0.53</caom2:ambientTemp>
    </caom2:environment>
    <caom2:planes>
        <caom2:plane caom2:id="d09346bd-4a95-4bfa-976d-e40859f0cc58" caom2:metaProducer="cfht2caom2/0.3.6">
            <caom2:productID>2602045r</caom2:productID>
            <caom2:metaRelease>2021-03-28T00:00:00.000</caom2:metaRelease>
            <caom2:dataRelease>2021-03-28T00:00:00.000</caom2:dataRelease>
            <caom2:dataProductType>spectrum</caom2:dataProductType>
            <caom2:calibrationLevel>1</caom2:calibrationLevel>
            <caom2:artifacts>
                <caom2:artifact caom2:id="0e5ab049-9716-4704-9b9a-57d4a98d6371" caom2:metaProducer="cfht2caom2/0.3.6">
                    <caom2:uri>ad:CFHT/2602045r.fits</caom2:uri>
                    <caom2:productType>calibration</caom2:productType>
                    <caom2:releaseType>data</caom2:releaseType>
                    <caom2:contentType>application/fits</caom2:contentType>
                    <caom2:parts>
                        <caom2:part caom2:id="db40b0f7-f7b4-40f0-a25e-28e6c8e10de3">
                            <caom2:name>0</caom2:name>
                            <caom2:chunks>
                                <caom2:chunk caom2:id="8b289e41-4125-4b9b-85a0-90cfe5c22143" caom2:metaProducer="cfht2caom2/0.3.6">
                                    <caom2:energy>
                                        <caom2:axis>
                                            <caom2:axis>
                                                <caom2:ctype>WAVE</caom2:ctype>
                                                <caom2:cunit>m</caom2:cunit>
                                            </caom2:axis>
                                            <caom2:error>
                                                <caom2:syser>0.001</caom2:syser>
                                                <caom2:rnder>0.001</caom2:rnder>
                                            </caom2:error>
                                            <caom2:function>
                                                <caom2:naxis>1</caom2:naxis>
                                                <caom2:delta>1.56e-06</caom2:delta>
                                                <caom2:refCoord>
                                                    <caom2:pix>0.5</caom2:pix>
                                                    <caom2:val>9.55e-07</caom2:val>
                                                </caom2:refCoord>
                                            </caom2:function>
                                        </caom2:axis>
                                        <caom2:specsys>TOPOCENT</caom2:specsys>
                                        <caom2:ssysobs>TOPOCENT</caom2:ssysobs>
                                        <caom2:ssyssrc>TOPOCENT</caom2:ssyssrc>
                                        <caom2:resolvingPower>73000.0</caom2:resolvingPower>
                                    </caom2:energy>
                                    <caom2:time>
                                        <caom2:axis>
                                            <caom2:axis>
                                                <caom2:ctype>TIME</caom2:ctype>
                                                <caom2:cunit>d</caom2:cunit>
                                            </caom2:axis>
                                            <caom2:error>
                                                <caom2:syser>1e-07</caom2:syser>
                                                <caom2:rnder>1e-07</caom2:rnder>
                                            </caom2:error>
                                            <caom2:function>
                                                <caom2:naxis>12</caom2:naxis>
                                                <caom2:delta>6.44898148148148e-05</caom2:delta>
                                                <caom2:refCoord>
                                                    <caom2:pix>0.5</caom2:pix>
                                                    <caom2:val>59301.6937341</caom2:val>
                                                </caom2:refCoord>
                                            </caom2:function>
                                        </caom2:axis>
                                        <caom2:timesys>UTC</caom2:timesys>
                                        <caom2:exposure>61.291</caom2:exposure>
                                        <caom2:resolution>5.57192</caom2:resolution>
                                    </caom2:time>
                                </caom2:chunk>
                            </caom2:chunks>
                        </caom2:part>
                    </caom2:parts>
                </caom2:artifact>
            </caom2:artifacts>
        </caom2:plane>
    </caom2:planes>
</caom2:Observation>
