<?xml version='1.0' encoding='UTF-8'?>
<caom2:Observation xmlns:caom2="http://www.opencadc.org/caom2/xml/v2.4" xmlns:xsi="http://www.w3.org/2001/XMLSchema-instance" xsi:type="caom2:SimpleObservation" caom2:id="00000000-0000-0000-62c1-0eab2622a73f" caom2:lastModified="2015-02-09T17:31:45.080" caom2:maxLastModified="2018-05-11T02:28:51.940" caom2:metaChecksum="md5:bef3ad174fa5918aca217bd7ddb38a1a" caom2:accMetaChecksum="md5:4995253159fcd609c4aefbf554330ed0" caom2:metaProducer="cfht2caom2/0.2">
  <caom2:collection>CFHT</caom2:collection>
  <caom2:observationID>787144</caom2:observationID>
  <caom2:metaRelease>2005-03-28T08:42:14.000</caom2:metaRelease>
  <caom2:sequenceNumber>787144</caom2:sequenceNumber>
  <caom2:algorithm>
    <caom2:name>exposure</caom2:name>
  </caom2:algorithm>
  <caom2:type>OBJECT</caom2:type>
  <caom2:intent>calibration</caom2:intent>
  <caom2:proposal>
    <caom2:id>unknown</caom2:id>
  </caom2:proposal>
  <caom2:telescope>
    <caom2:name>CFHT 3.6m</caom2:name>
    <caom2:geoLocationX>-5464228.6</caom2:geoLocationX>
    <caom2:geoLocationY>-2493778.2</caom2:geoLocationY>
    <caom2:geoLocationZ>2150937.8</caom2:geoLocationZ>
  </caom2:telescope>
  <caom2:instrument>
    <caom2:name>WIRCam</caom2:name>
  </caom2:instrument>
  <caom2:planes>
    <caom2:plane caom2:id="00000000-0000-0000-d724-0eab2623180b" caom2:lastModified="2015-02-09T17:31:45.080" caom2:maxLastModified="2018-05-11T02:28:51.940" caom2:metaChecksum="md5:3b93f2cd5be46f6be1e6a973ccdd4842" caom2:accMetaChecksum="md5:26c8cbcfa04e5b9656fa4bf9a49df03a" caom2:metaProducer="cfht2caom2/0.2">
      <caom2:productID>787144o</caom2:productID>
      <caom2:metaRelease>2005-03-28T08:42:14.000</caom2:metaRelease>
      <caom2:dataRelease>2013-01-01T00:00:00.000</caom2:dataRelease>
      <caom2:dataProductType>spectrum</caom2:dataProductType>
      <caom2:calibrationLevel>1</caom2:calibrationLevel>
      <caom2:provenance>
        <caom2:name>TCS</caom2:name>
        <caom2:producer>CFHT</caom2:producer>
        <caom2:reference>http://www.cfht.hawaii.edu/Instruments/</caom2:reference>
      </caom2:provenance>
      <caom2:position/>
      <caom2:energy/>
      <caom2:time/>
      <caom2:polarization/>
      <caom2:artifacts>
        <caom2:artifact caom2:id="00000000-0000-0000-a8a8-c49905d039ca" caom2:lastModified="2018-05-11T02:28:51.940" caom2:maxLastModified="2018-05-11T02:28:51.940" caom2:metaChecksum="md5:6c88d949ceeb0868f2ca28d9d973b84e" caom2:accMetaChecksum="md5:f4e703f2a37cbfc5f5a83ed0116f7e5a" caom2:metaProducer="cfht2caom2/0.2">
          <caom2:uri>ad:CFHT/787144_preview_zoom_1024.jpg</caom2:uri>
          <caom2:productType>preview</caom2:productType>
          <caom2:releaseType>data</caom2:releaseType>
          <caom2:contentType>image/jpeg</caom2:contentType>
          <caom2:contentLength>74970</caom2:contentLength>
          <caom2:contentChecksum>md5:2a7b8abaf1ef593ff1c05bad49618927</caom2:contentChecksum>
          <caom2:parts/>
        </caom2:artifact>
        <caom2:artifact caom2:id="00000000-0000-0000-d349-0eab26231c08" caom2:lastModified="2017-11-02T22:20:26.760" caom2:maxLastModified="2017-11-02T22:20:26.760" caom2:metaChecksum="md5:8b0dcfc84441effe440ce9ca044581eb" caom2:accMetaChecksum="md5:b68c15155a25ecfa74cc92fbb16a1a8b" caom2:metaProducer="cfht2caom2/0.2">
          <caom2:uri>ad:CFHT/787144o.fits.gz</caom2:uri>
          <caom2:productType>science</caom2:productType>
          <caom2:releaseType>data</caom2:releaseType>
          <caom2:contentType>application/fits</caom2:contentType>
          <caom2:contentLength>75103583</caom2:contentLength>
          <caom2:contentChecksum>md5:a5c9453ebbb4000848e354a6fd39d42d</caom2:contentChecksum>
          <caom2:parts>
            <caom2:part caom2:id="00000000-0000-0000-cb37-0eab26231cc8" caom2:lastModified="2015-02-09T17:31:45.080" caom2:maxLastModified="2017-11-02T22:20:26.760" caom2:metaChecksum="md5:7db4cc0bbfa8c688c1e744fbc459243e" caom2:accMetaChecksum="md5:21334d871bc7d3ed5b3faa0c0a33675c">
              <caom2:name>0</caom2:name>
              <caom2:chunks>
                <caom2:chunk caom2:id="00000000-0000-0000-2b02-0eab262424bf" caom2:lastModified="2017-11-02T22:20:26.760" caom2:maxLastModified="2017-11-02T22:20:26.760" caom2:metaChecksum="md5:96bad6185ef46d7c0aa4691f7f3a6283" caom2:accMetaChecksum="md5:96bdaa00f373ae8636d8326f99fbce4b" caom2:metaProducer="cfht2caom2/0.2">
                  <caom2:productType>calibration</caom2:productType>
                  <caom2:naxis>0</caom2:naxis>
                  <caom2:positionAxis1>1</caom2:positionAxis1>
                  <caom2:positionAxis2>2</caom2:positionAxis2>
                  <caom2:energy>
                    <caom2:axis>
                      <caom2:axis>
                        <caom2:ctype>WAVE</caom2:ctype>
                        <caom2:cunit>nm</caom2:cunit>
                      </caom2:axis>
                      <caom2:range>
                        <caom2:start>
                          <caom2:pix>0.5</caom2:pix>
                          <caom2:val>350.0</caom2:val>
                        </caom2:start>
                        <caom2:end>
                          <caom2:pix>1.5</caom2:pix>
                          <caom2:val>900.0</caom2:val>
                        </caom2:end>
                      </caom2:range>
                    </caom2:axis>
                    <caom2:specsys>TOPOCENT</caom2:specsys>
                    <caom2:ssysobs>TOPOCENT</caom2:ssysobs>
                    <caom2:ssyssrc>TOPOCENT</caom2:ssyssrc>
                  </caom2:energy>
                  <caom2:time>
                    <caom2:axis>
                      <caom2:axis>
                        <caom2:ctype>UTC</caom2:ctype>
                        <caom2:cunit>d</caom2:cunit>
                      </caom2:axis>
                      <caom2:range>
                        <caom2:start>
                          <caom2:pix>0.5</caom2:pix>
                          <caom2:val>53457.362662</caom2:val>
                        </caom2:start>
                        <caom2:end>
                          <caom2:pix>1.5</caom2:pix>
                          <caom2:val>53457.3627546</caom2:val>
                        </caom2:end>
                      </caom2:range>
                    </caom2:axis>
                    <caom2:exposure>8.0</caom2:exposure>
                    <caom2:resolution>8.0</caom2:resolution>
                  </caom2:time>
                </caom2:chunk>
              </caom2:chunks>
            </caom2:part>
            <caom2:part caom2:id="00000000-0000-0000-c9a9-0eab26242575" caom2:lastModified="2015-02-09T17:31:45.080" caom2:maxLastModified="2017-11-02T22:20:26.760" caom2:metaChecksum="md5:338eafcab0d78a6e7f44558fdb3b6316" caom2:accMetaChecksum="md5:05752b3f8a3ea44c05035f102a704d41">
              <caom2:name>1</caom2:name>
              <caom2:chunks>
                <caom2:chunk caom2:id="00000000-0000-0000-bcca-0eab26243106" caom2:lastModified="2017-11-02T22:20:26.760" caom2:maxLastModified="2017-11-02T22:20:26.760" caom2:metaChecksum="md5:1c712c53f46cd86014032fbf0f250ce8" caom2:accMetaChecksum="md5:ffdfcaa8c1fd82522212e8fa7d7429ba" caom2:metaProducer="cfht2caom2/0.2">
                  <caom2:productType>calibration</caom2:productType>
                  <caom2:naxis>2</caom2:naxis>
                  <caom2:positionAxis1>1</caom2:positionAxis1>
                  <caom2:positionAxis2>2</caom2:positionAxis2>
                  <caom2:energy>
                    <caom2:axis>
                      <caom2:axis>
                        <caom2:ctype>WAVE</caom2:ctype>
                        <caom2:cunit>nm</caom2:cunit>
                      </caom2:axis>
                      <caom2:range>
                        <caom2:start>
                          <caom2:pix>0.5</caom2:pix>
                          <caom2:val>350.0</caom2:val>
                        </caom2:start>
                        <caom2:end>
                          <caom2:pix>1.5</caom2:pix>
                          <caom2:val>900.0</caom2:val>
                        </caom2:end>
                      </caom2:range>
                    </caom2:axis>
                    <caom2:specsys>TOPOCENT</caom2:specsys>
                    <caom2:ssysobs>TOPOCENT</caom2:ssysobs>
                    <caom2:ssyssrc>TOPOCENT</caom2:ssyssrc>
                  </caom2:energy>
                  <caom2:time>
                    <caom2:axis>
                      <caom2:axis>
                        <caom2:ctype>UTC</caom2:ctype>
                        <caom2:cunit>d</caom2:cunit>
                      </caom2:axis>
                      <caom2:range>
                        <caom2:start>
                          <caom2:pix>0.5</caom2:pix>
                          <caom2:val>53457.362662</caom2:val>
                        </caom2:start>
                        <caom2:end>
                          <caom2:pix>1.5</caom2:pix>
                          <caom2:val>53457.3627546</caom2:val>
                        </caom2:end>
                      </caom2:range>
                    </caom2:axis>
                    <caom2:exposure>8.0</caom2:exposure>
                    <caom2:resolution>8.0</caom2:resolution>
                  </caom2:time>
                </caom2:chunk>
              </caom2:chunks>
            </caom2:part>
          </caom2:parts>
        </caom2:artifact>
      </caom2:artifacts>
    </caom2:plane>
  </caom2:planes>
</caom2:Observation>
