<?xml version='1.0' encoding='UTF-8'?>
<caom2:Observation xmlns:caom2="http://www.opencadc.org/caom2/xml/v2.4" xmlns:xsi="http://www.w3.org/2001/XMLSchema-instance" xsi:type="caom2:SimpleObservation" caom2:id="00000000-0000-0000-acef-01410141bfb3" caom2:lastModified="2017-12-10T15:00:20.893" caom2:maxLastModified="2017-12-10T15:00:20.893" caom2:metaChecksum="md5:75682d5d0275c8e962151eee59469a34" caom2:accMetaChecksum="md5:89e79d65aaadb962bafda6bac335caaf" caom2:metaProducer="cfht2caom2/0.2">
  <caom2:collection>CFHT</caom2:collection>
  <caom2:observationID>881395</caom2:observationID>
  <caom2:metaRelease>2006-10-29T00:00:00.000</caom2:metaRelease>
  <caom2:sequenceNumber>881395</caom2:sequenceNumber>
  <caom2:algorithm>
    <caom2:name>exposure</caom2:name>
  </caom2:algorithm>
  <caom2:type>ALIGN</caom2:type>
  <caom2:intent>calibration</caom2:intent>
  <caom2:proposal>
    <caom2:id>setup</caom2:id>
    <caom2:pi>CFHT</caom2:pi>
  </caom2:proposal>
  <caom2:target>
    <caom2:name>Fabry-Perot</caom2:name>
    <caom2:standard>false</caom2:standard>
  </caom2:target>
  <caom2:telescope>
    <caom2:name>CFHT 3.6m</caom2:name>
    <caom2:geoLocationX>-5464301.771353686</caom2:geoLocationX>
    <caom2:geoLocationY>-2493489.8730419013</caom2:geoLocationY>
    <caom2:geoLocationZ>2151085.1695058867</caom2:geoLocationZ>
  </caom2:telescope>
  <caom2:instrument>
    <caom2:name>ESPaDOnS</caom2:name>
    <caom2:keywords>
      <caom2:keyword>INSTMODE=Polarimetry,</caom2:keyword>
      <caom2:keyword>R=65,000</caom2:keyword>
    </caom2:keywords>
  </caom2:instrument>
  <caom2:environment>
    <caom2:humidity>34.87</caom2:humidity>
    <caom2:ambientTemp>1.07</caom2:ambientTemp>
  </caom2:environment>
  <caom2:planes>
    <caom2:plane caom2:id="00000000-0000-0000-acef-01410141c21a" caom2:lastModified="2013-09-09T05:46:29.827" caom2:maxLastModified="2017-12-10T15:00:20.893" caom2:metaChecksum="md5:c451a19a7195ed2c150028a2c6787f02" caom2:accMetaChecksum="md5:b77f3ab33c5b92495a663f7010991026" caom2:metaProducer="cfht2caom2/0.2">
      <caom2:productID>881395a</caom2:productID>
      <caom2:metaRelease>2006-10-29T00:00:00.000</caom2:metaRelease>
      <caom2:dataRelease>2006-11-29T19:20:22.000</caom2:dataRelease>
      <caom2:dataProductType>spectrum</caom2:dataProductType>
      <caom2:calibrationLevel>1</caom2:calibrationLevel>
      <caom2:provenance>
        <caom2:name>TCS</caom2:name>
        <caom2:producer>CFHT</caom2:producer>
        <caom2:reference>http://www.cfht.hawaii.edu/Instruments/Spectroscopy/Espadons/</caom2:reference>
      </caom2:provenance>
      <caom2:artifacts>
        <caom2:artifact caom2:id="00000000-0000-0000-acef-01410141c222" caom2:lastModified="2017-12-10T15:00:20.893" caom2:maxLastModified="2017-12-10T15:00:20.893" caom2:metaChecksum="md5:3ee0058c93729d146b9095486fa3093d" caom2:accMetaChecksum="md5:3c2028b0908d140bdcf260d930d1da67" caom2:metaProducer="cfht2caom2/0.2">
          <caom2:uri>ad:CFHT/881395a.fits.gz</caom2:uri>
          <caom2:productType>calibration</caom2:productType>
          <caom2:releaseType>data</caom2:releaseType>
          <caom2:contentType>application/fits</caom2:contentType>
          <caom2:contentChecksum>md5:fddf1d0271692d26cb92b09c6e1b8728</caom2:contentChecksum>
          <caom2:parts>
            <caom2:part caom2:id="00000000-0000-0000-acef-01410141c225" caom2:lastModified="2013-09-09T05:46:29.827" caom2:maxLastModified="2013-09-09T05:46:29.827" caom2:metaChecksum="md5:b96468d477df39c3e8122fee096c9d59" caom2:accMetaChecksum="md5:e81ef2ad6e8cd20c0de1fda82715dbcc">
              <caom2:name>0</caom2:name>
              <caom2:chunks>
                <caom2:chunk caom2:id="00000000-0000-0000-acef-01410141c226" caom2:lastModified="2013-09-09T05:46:29.827" caom2:maxLastModified="2013-09-09T05:46:29.827" caom2:metaChecksum="md5:5ba1ef961f159bcdbe4cbbc1848207cb" caom2:accMetaChecksum="md5:8bc9ae57ee91ed16a39be1660dd6185a" caom2:metaProducer="cfht2caom2/0.2">
                  <caom2:energy>
                    <caom2:axis>
                      <caom2:axis>
                        <caom2:ctype>WAVE</caom2:ctype>
                        <caom2:cunit>nm</caom2:cunit>
                      </caom2:axis>
                      <caom2:range>
                        <caom2:start>
                          <caom2:pix>0.5</caom2:pix>
                          <caom2:val>370.0</caom2:val>
                        </caom2:start>
                        <caom2:end>
                          <caom2:pix>1.5</caom2:pix>
                          <caom2:val>1048.2948088</caom2:val>
                        </caom2:end>
                      </caom2:range>
                    </caom2:axis>
                    <caom2:specsys>TOPOCENT</caom2:specsys>
                    <caom2:ssyssrc>TOPOCENT</caom2:ssyssrc>
                    <caom2:resolvingPower>65000.0</caom2:resolvingPower>
                  </caom2:energy>
                  <caom2:time>
                    <caom2:axis>
                      <caom2:axis>
                        <caom2:ctype>TIME</caom2:ctype>
                        <caom2:cunit>d</caom2:cunit>
                      </caom2:axis>
                      <caom2:error>
                        <caom2:syser>1e-07</caom2:syser>
                        <caom2:rnder>1e-07</caom2:rnder>
                      </caom2:error>
                      <caom2:function>
                        <caom2:naxis>1</caom2:naxis>
                        <caom2:delta>4.62962962963e-05</caom2:delta>
                        <caom2:refCoord>
                          <caom2:pix>0.5</caom2:pix>
                          <caom2:val>54037.8057639</caom2:val>
                        </caom2:refCoord>
                      </caom2:function>
                    </caom2:axis>
                    <caom2:timesys>UTC</caom2:timesys>
                    <caom2:exposure>4.0</caom2:exposure>
                    <caom2:resolution>4.0</caom2:resolution>
                  </caom2:time>
                </caom2:chunk>
              </caom2:chunks>
            </caom2:part>
          </caom2:parts>
        </caom2:artifact>
      </caom2:artifacts>
    </caom2:plane>
  </caom2:planes>
</caom2:Observation>
