<caom2:Observation xmlns:caom2="http://www.opencadc.org/caom2/xml/v2.4" xmlns:xsi="http://www.w3.org/2001/XMLSchema-instance" xsi:type="caom2:SimpleObservation" caom2:id="00000000-0000-0000-3e20-0140f2819ee9" caom2:lastModified="2020-09-20T04:39:36.690" caom2:maxLastModified="2022-09-23T01:32:22.999" caom2:metaChecksum="md5:6d11d9e1fd8ccc7f11c2cfceca5d41ab" caom2:accMetaChecksum="md5:dbae75460265eba92e4ae5cb57d3f5a3" caom2:metaProducer="cfht2caom2/0.2">
  <caom2:collection>CFHT</caom2:collection>
  <caom2:observationID>881397</caom2:observationID>
  <caom2:metaRelease>2006-11-29T19:25:56.000</caom2:metaRelease>
  <caom2:sequenceNumber>881397</caom2:sequenceNumber>
  <caom2:algorithm>
    <caom2:name>exposure</caom2:name>
  </caom2:algorithm>
  <caom2:type>BIAS</caom2:type>
  <caom2:intent>calibration</caom2:intent>
  <caom2:proposal>
    <caom2:id>setup</caom2:id>
    <caom2:pi>CFHT</caom2:pi>
  </caom2:proposal>
  <caom2:target>
    <caom2:name>Bias</caom2:name>
    <caom2:standard>false</caom2:standard>
  </caom2:target>
  <caom2:telescope>
    <caom2:name>CFHT 3.6m</caom2:name>
    <caom2:geoLocationX>-5464301.771353686</caom2:geoLocationX>
    <caom2:geoLocationY>-2493489.8730419013</caom2:geoLocationY>
    <caom2:geoLocationZ>2151085.1695058867</caom2:geoLocationZ>
  </caom2:telescope>
  <caom2:instrument>
    <caom2:name>ESPaDOnS</caom2:name>
    <caom2:keywords>
      <caom2:keyword>INSTMODE=Spectroscopy,</caom2:keyword>
      <caom2:keyword>R=65,000</caom2:keyword>
      <caom2:keyword>star+sky,</caom2:keyword>
    </caom2:keywords>
  </caom2:instrument>
  <caom2:environment>
    <caom2:humidity>35.84</caom2:humidity>
    <caom2:ambientTemp>1.32</caom2:ambientTemp>
  </caom2:environment>
  <caom2:planes>
    <caom2:plane caom2:id="00000000-0000-0000-3e20-0140f281a06c" caom2:lastModified="2020-09-20T04:39:36.690" caom2:maxLastModified="2022-09-23T01:32:22.999" caom2:metaChecksum="md5:51e70ad1ba4438a705d1f522b6b4ad66" caom2:accMetaChecksum="md5:8a6725781347392c130ab28ff1b39351" caom2:metaProducer="cfht2caom2/0.2">
      <caom2:productID>881397b</caom2:productID>
      <caom2:metaRelease>2006-11-29T19:25:56.000</caom2:metaRelease>
      <caom2:dataRelease>2006-11-29T19:25:56.000</caom2:dataRelease>
      <caom2:dataProductType>spectrum</caom2:dataProductType>
      <caom2:calibrationLevel>1</caom2:calibrationLevel>
      <caom2:provenance>
        <caom2:name>TCS</caom2:name>
        <caom2:producer>CFHT</caom2:producer>
        <caom2:reference>http://www.cfht.hawaii.edu/Instruments/Spectroscopy/Espadons/</caom2:reference>
      </caom2:provenance>
      <caom2:artifacts>
        <caom2:artifact caom2:id="00000000-0000-0000-3e20-0140f281a072" caom2:lastModified="2022-09-23T01:32:22.999" caom2:maxLastModified="2022-09-23T01:32:22.999" caom2:metaChecksum="md5:78e7d08bfa20c174e414abf8fb46509f" caom2:accMetaChecksum="md5:45221f92676c15d0685500c13fa363d5" caom2:metaProducer="cfht2caom2/0.2">
          <caom2:uri>cadc:CFHT/881397b.fits</caom2:uri>
          <caom2:productType>calibration</caom2:productType>
          <caom2:releaseType>data</caom2:releaseType>
          <caom2:contentType>application/fits</caom2:contentType>
          <caom2:contentChecksum>md5:fccc37e1bdb067e045352a9f602e7442</caom2:contentChecksum>
          <caom2:parts>
            <caom2:part caom2:id="42940411-a6db-4ca5-8616-4fce7205b1fc">
              <caom2:name>0</caom2:name>
              <caom2:chunks/>
            </caom2:part>
            <caom2:part caom2:id="5956c079-d9bf-4d69-97ee-86cc41ab0db6">
              <caom2:name>1</caom2:name>
              <caom2:chunks>
                <caom2:chunk caom2:id="76a0a90f-2610-411e-b958-51682a185e94" caom2:metaProducer="cfht2caom2/0.6">
                  <caom2:time>
                    <caom2:axis>
                      <caom2:axis>
                        <caom2:ctype>TIME</caom2:ctype>
                        <caom2:cunit>d</caom2:cunit>
                      </caom2:axis>
                      <caom2:error>
                        <caom2:syser>1e-07</caom2:syser>
                        <caom2:rnder>1e-07</caom2:rnder>
                      </caom2:error>
                      <caom2:function>
                        <caom2:naxis>1</caom2:naxis>
                        <caom2:delta>0.0</caom2:delta>
                        <caom2:refCoord>
                          <caom2:pix>0.5</caom2:pix>
                          <caom2:val>54068.80967592593</caom2:val>
                        </caom2:refCoord>
                      </caom2:function>
                    </caom2:axis>
                    <caom2:timesys>UTC</caom2:timesys>
                    <caom2:exposure>0.0</caom2:exposure>
                    <caom2:resolution>0.0</caom2:resolution>
                  </caom2:time>
                </caom2:chunk>
              </caom2:chunks>
            </caom2:part>
          </caom2:parts>
        </caom2:artifact>
      </caom2:artifacts>
    </caom2:plane>
  </caom2:planes>
</caom2:Observation>
