<caom2:Observation xmlns:caom2="http://www.opencadc.org/caom2/xml/v2.4" xmlns:xsi="http://www.w3.org/2001/XMLSchema-instance" xsi:type="caom2:SimpleObservation" caom2:id="00000000-0000-0000-feae-013d4133280b" caom2:lastModified="2017-11-08T03:19:44.450" caom2:maxLastModified="2018-05-11T04:45:24.533" caom2:metaChecksum="md5:8981c063dee4c354c6e2161ed500f224" caom2:accMetaChecksum="md5:1e67bc08aafbca158801b422be52f3ec">
  <caom2:collection>CFHT</caom2:collection>
  <caom2:observationID>982871</caom2:observationID>
  <caom2:metaRelease>2008-04-19T00:00:00.000</caom2:metaRelease>
  <caom2:sequenceNumber>982871</caom2:sequenceNumber>
  <caom2:algorithm>
    <caom2:name>exposure</caom2:name>
  </caom2:algorithm>
  <caom2:type>OBJECT</caom2:type>
  <caom2:intent>science</caom2:intent>
  <caom2:proposal>
    <caom2:id>08AE90</caom2:id>
    <caom2:pi>Engineering Team</caom2:pi>
  </caom2:proposal>
  <caom2:target>
    <caom2:name>Engineering</caom2:name>
    <caom2:standard>false</caom2:standard>
  </caom2:target>
  <caom2:targetPosition>
    <caom2:coordsys>FK5</caom2:coordsys>
    <caom2:equinox>2000.0</caom2:equinox>
    <caom2:coordinates>
      <caom2:cval1>115.55958333333332</caom2:cval1>
      <caom2:cval2>19.999555555555556</caom2:cval2>
    </caom2:coordinates>
  </caom2:targetPosition>
  <caom2:telescope>
    <caom2:name>CFHT 3.6m</caom2:name>
    <caom2:geoLocationX>-5464301.771353686</caom2:geoLocationX>
    <caom2:geoLocationY>-2493489.8730419013</caom2:geoLocationY>
    <caom2:geoLocationZ>2151085.1695058867</caom2:geoLocationZ>
  </caom2:telescope>
  <caom2:instrument>
    <caom2:name>WIRCam</caom2:name>
  </caom2:instrument>
  <caom2:environment>
    <caom2:humidity>69.04</caom2:humidity>
    <caom2:ambientTemp>1.02</caom2:ambientTemp>
  </caom2:environment>
  <caom2:planes>
    <caom2:plane caom2:id="00000000-0000-0000-feae-013d41332a5a" caom2:lastModified="2013-03-06T19:35:10.093" caom2:maxLastModified="2018-05-11T04:45:24.533" caom2:metaChecksum="md5:e183ac890d20dc350ad2b62028d6fd7e" caom2:accMetaChecksum="md5:ef13ba07419148f869e882d5054d3052">
      <caom2:productID>982871g</caom2:productID>
      <caom2:metaRelease>2008-04-19T00:00:00.000</caom2:metaRelease>
      <caom2:dataRelease>2008-04-19T00:00:00.000</caom2:dataRelease>
      <caom2:dataProductType>image</caom2:dataProductType>
      <caom2:calibrationLevel>1</caom2:calibrationLevel>
      <caom2:provenance>
        <caom2:name>IIWI</caom2:name>
        <caom2:project>STANDARD PIPELINE</caom2:project>
        <caom2:producer>CFHT</caom2:producer>
        <caom2:runID>08Aw02</caom2:runID>
        <caom2:reference>http://www.cfht.hawaii.edu/Instruments/Imaging/WIRCam</caom2:reference>
        <caom2:keywords/>
      </caom2:provenance>
      <caom2:artifacts>
        <caom2:artifact caom2:id="00000000-0000-0000-feae-013d41332d89" caom2:lastModified="2017-11-08T03:19:44.450" caom2:maxLastModified="2017-11-08T03:19:44.450" caom2:metaChecksum="md5:33fb9cf76a0daf3e603038f78af454a7" caom2:accMetaChecksum="md5:f5702bad263e6377aca0639b497ca5e8">
          <caom2:uri>ad:CFHT/982871g.fits</caom2:uri>
          <caom2:productType>calibration</caom2:productType>
          <caom2:releaseType>data</caom2:releaseType>
          <caom2:contentType>application/fits</caom2:contentType>
          <caom2:contentChecksum>md5:523666af2fe1a176ff150506de3ee9fd</caom2:contentChecksum>
          <caom2:parts>
            <caom2:part caom2:id="00000000-0000-0000-feae-013d41332d8c" caom2:lastModified="2013-03-06T19:35:10.093" caom2:maxLastModified="2013-03-06T19:35:10.093" caom2:metaChecksum="md5:902aadd7dab91b4bf3a106de65fc6407" caom2:accMetaChecksum="md5:e6821f0df4506d2c424ddca627063bd7">
              <caom2:name>0</caom2:name>
              <caom2:chunks/>
            </caom2:part>
            <caom2:part caom2:id="00000000-0000-0000-feae-013d41332d8e" caom2:lastModified="2013-03-06T19:35:10.093" caom2:maxLastModified="2013-03-06T19:35:10.093" caom2:metaChecksum="md5:2face8a65dc5665faee94d08d9423ea9" caom2:accMetaChecksum="md5:5f0c8d00d4affcd744ea2c77a1f1e1a5">
              <caom2:name>1</caom2:name>
              <caom2:chunks>
                <caom2:chunk caom2:id="00000000-0000-0000-feae-013d41332d90" caom2:lastModified="2013-03-06T19:35:10.093" caom2:maxLastModified="2013-03-06T19:35:10.093" caom2:metaChecksum="md5:9bc325dccccba38a5e7edac410fe198e" caom2:accMetaChecksum="md5:bf4b8f79c915c583ab9dd7400eeef169">
                  <caom2:time>
                    <caom2:axis>
                      <caom2:axis>
                        <caom2:ctype>TIME</caom2:ctype>
                        <caom2:cunit>d</caom2:cunit>
                      </caom2:axis>
                      <caom2:error>
                        <caom2:syser>1e-07</caom2:syser>
                        <caom2:rnder>1e-07</caom2:rnder>
                      </caom2:error>
                      <caom2:function>
                        <caom2:naxis>330</caom2:naxis>
                        <caom2:delta>2.31481e-07</caom2:delta>
                        <caom2:refCoord>
                          <caom2:pix>0.5</caom2:pix>
                          <caom2:val>54575.1763073</caom2:val>
                        </caom2:refCoord>
                      </caom2:function>
                    </caom2:axis>
                    <caom2:timesys>UTC</caom2:timesys>
                    <caom2:exposure>0.02</caom2:exposure>
                    <caom2:resolution>0.02</caom2:resolution>
                  </caom2:time>
                </caom2:chunk>
              </caom2:chunks>
            </caom2:part>
            <caom2:part caom2:id="00000000-0000-0000-feae-013d41332d96" caom2:lastModified="2013-03-06T19:35:10.093" caom2:maxLastModified="2013-03-06T19:35:10.093" caom2:metaChecksum="md5:8cd323bba3e3b5f6edcfa2b0e36c4279" caom2:accMetaChecksum="md5:bce2878a0f3ec549b552889eff1f5548">
              <caom2:name>2</caom2:name>
              <caom2:chunks>
                <caom2:chunk caom2:id="00000000-0000-0000-feae-013d41332d99" caom2:lastModified="2013-03-06T19:35:10.093" caom2:maxLastModified="2013-03-06T19:35:10.093" caom2:metaChecksum="md5:94a9c23280b19465c0e1b369023a4374" caom2:accMetaChecksum="md5:c414798e353b29a61707227d158806e9">
                  <caom2:time>
                    <caom2:axis>
                      <caom2:axis>
                        <caom2:ctype>TIME</caom2:ctype>
                        <caom2:cunit>d</caom2:cunit>
                      </caom2:axis>
                      <caom2:error>
                        <caom2:syser>1e-07</caom2:syser>
                        <caom2:rnder>1e-07</caom2:rnder>
                      </caom2:error>
                      <caom2:function>
                        <caom2:naxis>330</caom2:naxis>
                        <caom2:delta>2.31481e-07</caom2:delta>
                        <caom2:refCoord>
                          <caom2:pix>0.5</caom2:pix>
                          <caom2:val>54575.1763073</caom2:val>
                        </caom2:refCoord>
                      </caom2:function>
                    </caom2:axis>
                    <caom2:timesys>UTC</caom2:timesys>
                    <caom2:exposure>0.02</caom2:exposure>
                    <caom2:resolution>0.02</caom2:resolution>
                  </caom2:time>
                </caom2:chunk>
              </caom2:chunks>
            </caom2:part>
            <caom2:part caom2:id="00000000-0000-0000-feae-013d41332d9f" caom2:lastModified="2013-03-06T19:35:10.093" caom2:maxLastModified="2013-03-06T19:35:10.093" caom2:metaChecksum="md5:8acdcaaaec8fb4e8f2238f86f9afed9c" caom2:accMetaChecksum="md5:3410a505bcc3e5d9c350859139f70d43">
              <caom2:name>3</caom2:name>
              <caom2:chunks>
                <caom2:chunk caom2:id="00000000-0000-0000-feae-013d41332da1" caom2:lastModified="2013-03-06T19:35:10.093" caom2:maxLastModified="2013-03-06T19:35:10.093" caom2:metaChecksum="md5:cde87cb8d45f28b74430e4a2793e3eae" caom2:accMetaChecksum="md5:ea0b8bc9d0de549b106a6b518403cda2">
                  <caom2:time>
                    <caom2:axis>
                      <caom2:axis>
                        <caom2:ctype>TIME</caom2:ctype>
                        <caom2:cunit>d</caom2:cunit>
                      </caom2:axis>
                      <caom2:error>
                        <caom2:syser>1e-07</caom2:syser>
                        <caom2:rnder>1e-07</caom2:rnder>
                      </caom2:error>
                      <caom2:function>
                        <caom2:naxis>330</caom2:naxis>
                        <caom2:delta>2.31481e-07</caom2:delta>
                        <caom2:refCoord>
                          <caom2:pix>0.5</caom2:pix>
                          <caom2:val>54575.1763073</caom2:val>
                        </caom2:refCoord>
                      </caom2:function>
                    </caom2:axis>
                    <caom2:timesys>UTC</caom2:timesys>
                    <caom2:exposure>0.02</caom2:exposure>
                    <caom2:resolution>0.02</caom2:resolution>
                  </caom2:time>
                </caom2:chunk>
              </caom2:chunks>
            </caom2:part>
            <caom2:part caom2:id="00000000-0000-0000-feae-013d41332da7" caom2:lastModified="2013-03-06T19:35:10.093" caom2:maxLastModified="2013-03-06T19:35:10.093" caom2:metaChecksum="md5:112a7bedf31219b5f9fc0de9d1d984bb" caom2:accMetaChecksum="md5:c3d59005d9462d693734a02fa2c07565">
              <caom2:name>4</caom2:name>
              <caom2:chunks>
                <caom2:chunk caom2:id="00000000-0000-0000-feae-013d41332daa" caom2:lastModified="2013-03-06T19:35:10.093" caom2:maxLastModified="2013-03-06T19:35:10.093" caom2:metaChecksum="md5:9d0ee9cab0c9946f281e079cbb6f1313" caom2:accMetaChecksum="md5:4dc38aeb32325698b5d12e31f7efffb7">
                  <caom2:time>
                    <caom2:axis>
                      <caom2:axis>
                        <caom2:ctype>TIME</caom2:ctype>
                        <caom2:cunit>d</caom2:cunit>
                      </caom2:axis>
                      <caom2:error>
                        <caom2:syser>1e-07</caom2:syser>
                        <caom2:rnder>1e-07</caom2:rnder>
                      </caom2:error>
                      <caom2:function>
                        <caom2:naxis>330</caom2:naxis>
                        <caom2:delta>2.31481e-07</caom2:delta>
                        <caom2:refCoord>
                          <caom2:pix>0.5</caom2:pix>
                          <caom2:val>54575.1763073</caom2:val>
                        </caom2:refCoord>
                      </caom2:function>
                    </caom2:axis>
                    <caom2:timesys>UTC</caom2:timesys>
                    <caom2:exposure>0.02</caom2:exposure>
                    <caom2:resolution>0.02</caom2:resolution>
                  </caom2:time>
                </caom2:chunk>
              </caom2:chunks>
            </caom2:part>
            <caom2:part caom2:id="00000000-0000-0000-feae-013d41332daf" caom2:lastModified="2013-03-06T19:35:10.093" caom2:maxLastModified="2013-03-06T19:35:10.093" caom2:metaChecksum="md5:62dea082849940a8e57de007c3a607f8" caom2:accMetaChecksum="md5:f20b41bd98479ca4eb2823af91a0f8b1">
              <caom2:name>5</caom2:name>
              <caom2:chunks>
                <caom2:chunk caom2:id="1f1877bd-a1df-48d6-b386-11f6ca05f36b" caom2:metaProducer="cfht2caom2/0.3.4">
                  <caom2:time>
                    <caom2:axis>
                      <caom2:axis>
                        <caom2:ctype>TIME</caom2:ctype>
                        <caom2:cunit>d</caom2:cunit>
                      </caom2:axis>
                      <caom2:error>
                        <caom2:syser>1e-07</caom2:syser>
                        <caom2:rnder>1e-07</caom2:rnder>
                      </caom2:error>
                      <caom2:function>
                        <caom2:naxis>330</caom2:naxis>
                        <caom2:delta>2.3148148148148148e-07</caom2:delta>
                        <caom2:refCoord>
                          <caom2:pix>0.5</caom2:pix>
                          <caom2:val>54575.1763073</caom2:val>
                        </caom2:refCoord>
                      </caom2:function>
                    </caom2:axis>
                    <caom2:timesys>UTC</caom2:timesys>
                    <caom2:exposure>0.02</caom2:exposure>
                    <caom2:resolution>0.02</caom2:resolution>
                  </caom2:time>
                </caom2:chunk>
              </caom2:chunks>
            </caom2:part>
            <caom2:part caom2:id="00000000-0000-0000-feae-013d41332dba" caom2:lastModified="2013-03-06T19:35:10.093" caom2:maxLastModified="2013-03-06T19:35:10.093" caom2:metaChecksum="md5:cc137e2f8f0c2ade625e18db686c5c0f" caom2:accMetaChecksum="md5:163c8e98076ef1f5fb65749d6dd270ab">
              <caom2:name>6</caom2:name>
              <caom2:chunks>
                <caom2:chunk caom2:id="58d74b65-f6ea-462e-84df-441a8f879e24" caom2:metaProducer="cfht2caom2/0.3.4">
                  <caom2:time>
                    <caom2:axis>
                      <caom2:axis>
                        <caom2:ctype>TIME</caom2:ctype>
                        <caom2:cunit>d</caom2:cunit>
                      </caom2:axis>
                      <caom2:error>
                        <caom2:syser>1e-07</caom2:syser>
                        <caom2:rnder>1e-07</caom2:rnder>
                      </caom2:error>
                      <caom2:function>
                        <caom2:naxis>330</caom2:naxis>
                        <caom2:delta>2.3148148148148148e-07</caom2:delta>
                        <caom2:refCoord>
                          <caom2:pix>0.5</caom2:pix>
                          <caom2:val>54575.1763073</caom2:val>
                        </caom2:refCoord>
                      </caom2:function>
                    </caom2:axis>
                    <caom2:timesys>UTC</caom2:timesys>
                    <caom2:exposure>0.02</caom2:exposure>
                    <caom2:resolution>0.02</caom2:resolution>
                  </caom2:time>
                </caom2:chunk>
              </caom2:chunks>
            </caom2:part>
          </caom2:parts>
        </caom2:artifact>
      </caom2:artifacts>
    </caom2:plane>
  </caom2:planes>
</caom2:Observation>
