<?xml version='1.0' encoding='UTF-8'?>
<caom2:Observation xmlns:caom2="http://www.opencadc.org/caom2/xml/v2.4" xmlns:xsi="http://www.w3.org/2001/XMLSchema-instance" xsi:type="caom2:SimpleObservation" caom2:id="00000000-0000-0000-677f-015d38715a5c" caom2:lastModified="2017-07-12T20:15:41.093" caom2:maxLastModified="2017-11-22T08:57:10.060" caom2:metaChecksum="md5:3c71f7824839e3e1afe93150deafc87f" caom2:accMetaChecksum="md5:2bda9997127d60f73023b5d50f986cab" caom2:metaProducer="cfht2caom2/0.3">
  <caom2:collection>CFHT</caom2:collection>
  <caom2:observationID>dark_003s_20161108HST061911_v200</caom2:observationID>
  <caom2:metaRelease>2016-11-08T00:00:00.000</caom2:metaRelease>
  <caom2:algorithm>
    <caom2:name>exposure</caom2:name>
  </caom2:algorithm>
  <caom2:type>DARK</caom2:type>
  <caom2:intent>calibration</caom2:intent>
  <caom2:proposal>
    <caom2:id>16BQ89</caom2:id>
    <caom2:pi>QSO Team</caom2:pi>
  </caom2:proposal>
  <caom2:target>
    <caom2:name>Darks</caom2:name>
    <caom2:standard>false</caom2:standard>
  </caom2:target>
  <caom2:targetPosition>
    <caom2:coordsys>FK5</caom2:coordsys>
    <caom2:equinox>2000.0</caom2:equinox>
    <caom2:coordinates>
      <caom2:cval1>89.75037499999999</caom2:cval1>
      <caom2:cval2>-14.132194444444444</caom2:cval2>
    </caom2:coordinates>
  </caom2:targetPosition>
  <caom2:telescope>
    <caom2:name>CFHT 3.6m</caom2:name>
    <caom2:geoLocationX>-5464301.771353686</caom2:geoLocationX>
    <caom2:geoLocationY>-2493489.8730419003</caom2:geoLocationY>
    <caom2:geoLocationZ>2151085.1695058867</caom2:geoLocationZ>
  </caom2:telescope>
  <caom2:instrument>
    <caom2:name>WIRCam</caom2:name>
  </caom2:instrument>
  <caom2:environment>
    <caom2:humidity>46.16</caom2:humidity>
    <caom2:elevation>89.9228</caom2:elevation>
    <caom2:ambientTemp>2.45</caom2:ambientTemp>
  </caom2:environment>
  <caom2:planes>
    <caom2:plane caom2:id="00000000-0000-0000-677f-015d38715e0e" caom2:lastModified="2017-07-12T20:15:41.093" caom2:maxLastModified="2017-11-22T08:57:10.060" caom2:metaChecksum="md5:a40e73f48717113a5ae810ba15940006" caom2:accMetaChecksum="md5:fdd443628a0eb1376b92c2bfc425b1b7" caom2:metaProducer="cfht2caom2/0.3">
      <caom2:productID>dark_003s_20161108HST061911_v200</caom2:productID>
      <caom2:metaRelease>2016-11-08T00:00:00.000</caom2:metaRelease>
      <caom2:dataRelease>2016-11-08T00:00:00.000</caom2:dataRelease>
      <caom2:dataProductType>image</caom2:dataProductType>
      <caom2:calibrationLevel>2</caom2:calibrationLevel>
      <caom2:provenance>
        <caom2:name>IIWI</caom2:name>
        <caom2:version>2.1.200</caom2:version>
        <caom2:project>STANDARD PIPELINE</caom2:project>
        <caom2:producer>CFHT</caom2:producer>
        <caom2:runID>16Bw03</caom2:runID>
        <caom2:reference>http://www.cfht.hawaii.edu/Instruments/Imaging/WIRCam</caom2:reference>
        <caom2:lastExecuted>2016-11-21T17:11:51.000</caom2:lastExecuted>
      </caom2:provenance>
      <caom2:artifacts>
        <caom2:artifact caom2:id="00000000-0000-0000-677f-015d38715e1a" caom2:lastModified="2017-11-22T08:57:10.060" caom2:maxLastModified="2017-11-22T08:57:10.060" caom2:metaChecksum="md5:c24297c5db1fecb402b0b92b05672c79" caom2:accMetaChecksum="md5:2994d60214be6c42041875d814acf0cf" caom2:metaProducer="cfht2caom2/0.3">
          <caom2:uri>ad:CFHT/dark_003s_20161108HST061911_v200.fits.fz</caom2:uri>
          <caom2:productType>calibration</caom2:productType>
          <caom2:releaseType>data</caom2:releaseType>
          <caom2:contentType>application/fits</caom2:contentType>
          <caom2:contentChecksum>md5:2bac0bcad9749abb971e09bdd38f6213</caom2:contentChecksum>
          <caom2:parts>
            <caom2:part caom2:id="00000000-0000-0000-677f-015d38715e1c" caom2:lastModified="2017-07-12T20:15:41.093" caom2:maxLastModified="2017-07-12T20:15:41.093" caom2:metaChecksum="md5:a0d2d47f125cca2b452de5235b63cc2a" caom2:accMetaChecksum="md5:7bb49da13534961910e07059aa073994">
              <caom2:name>0</caom2:name>
              <caom2:chunks/>
            </caom2:part>
            <caom2:part caom2:id="00000000-0000-0000-677f-015d38715e1e" caom2:lastModified="2017-07-12T20:15:41.093" caom2:maxLastModified="2017-07-12T20:15:41.093" caom2:metaChecksum="md5:f99fa85a2944b0211897789023b93587" caom2:accMetaChecksum="md5:0c66b2d4064b107596c8a9065cb49f4f">
              <caom2:name>1</caom2:name>
              <caom2:chunks>
                <caom2:chunk caom2:id="00000000-0000-0000-677f-015d38715e20" caom2:lastModified="2017-07-12T20:15:41.093" caom2:maxLastModified="2017-07-12T20:15:41.093" caom2:metaChecksum="md5:795deb66382a1d6fea8875b84e9c828e" caom2:accMetaChecksum="md5:402b258aeb8c75c587abe71806525c21" caom2:metaProducer="cfht2caom2/0.3">
                  <caom2:timeAxis>3</caom2:timeAxis>
                  <caom2:time>
                    <caom2:axis>
                      <caom2:axis>
                        <caom2:ctype>TIME</caom2:ctype>
                        <caom2:cunit>d</caom2:cunit>
                      </caom2:axis>
                      <caom2:error>
                        <caom2:syser>1e-07</caom2:syser>
                        <caom2:rnder>1e-07</caom2:rnder>
                      </caom2:error>
                      <caom2:function>
                        <caom2:naxis>1</caom2:naxis>
                        <caom2:delta>20.0</caom2:delta>
                        <caom2:refCoord>
                          <caom2:pix>0.5</caom2:pix>
                          <caom2:val>57700.6799884</caom2:val>
                        </caom2:refCoord>
                      </caom2:function>
                    </caom2:axis>
                    <caom2:timesys>UTC</caom2:timesys>
                    <caom2:exposure>3.0</caom2:exposure>
                    <caom2:resolution>3.0</caom2:resolution>
                  </caom2:time>
                </caom2:chunk>
              </caom2:chunks>
            </caom2:part>
            <caom2:part caom2:id="00000000-0000-0000-677f-015d38715e31" caom2:lastModified="2017-07-12T20:15:41.093" caom2:maxLastModified="2017-07-12T20:15:41.093" caom2:metaChecksum="md5:696201407c0abac0d453c4fbb1522326" caom2:accMetaChecksum="md5:e234eff847ed1c9cae57ceb7eaa4a0cd">
              <caom2:name>2</caom2:name>
              <caom2:chunks>
                <caom2:chunk caom2:id="00000000-0000-0000-677f-015d38715e33" caom2:lastModified="2017-07-12T20:15:41.093" caom2:maxLastModified="2017-07-12T20:15:41.093" caom2:metaChecksum="md5:5a6b9e7bdc45f4a2279d302893179e63" caom2:accMetaChecksum="md5:0cc393352640efd1d782619b229cf6f8" caom2:metaProducer="cfht2caom2/0.3">
                  <caom2:timeAxis>3</caom2:timeAxis>
                  <caom2:time>
                    <caom2:axis>
                      <caom2:axis>
                        <caom2:ctype>TIME</caom2:ctype>
                        <caom2:cunit>d</caom2:cunit>
                      </caom2:axis>
                      <caom2:error>
                        <caom2:syser>1e-07</caom2:syser>
                        <caom2:rnder>1e-07</caom2:rnder>
                      </caom2:error>
                      <caom2:function>
                        <caom2:naxis>1</caom2:naxis>
                        <caom2:delta>20.0</caom2:delta>
                        <caom2:refCoord>
                          <caom2:pix>0.5</caom2:pix>
                          <caom2:val>57700.6799884</caom2:val>
                        </caom2:refCoord>
                      </caom2:function>
                    </caom2:axis>
                    <caom2:timesys>UTC</caom2:timesys>
                    <caom2:exposure>3.0</caom2:exposure>
                    <caom2:resolution>3.0</caom2:resolution>
                  </caom2:time>
                </caom2:chunk>
              </caom2:chunks>
            </caom2:part>
            <caom2:part caom2:id="00000000-0000-0000-677f-015d38715e35" caom2:lastModified="2017-07-12T20:15:41.093" caom2:maxLastModified="2017-07-12T20:15:41.093" caom2:metaChecksum="md5:5650f043dfa171efa1ff2811b6de6b20" caom2:accMetaChecksum="md5:5dcaf481b14336b0b2d68e935fb76a93">
              <caom2:name>3</caom2:name>
              <caom2:chunks>
                <caom2:chunk caom2:id="00000000-0000-0000-677f-015d38715e37" caom2:lastModified="2017-07-12T20:15:41.093" caom2:maxLastModified="2017-07-12T20:15:41.093" caom2:metaChecksum="md5:76c3fc4eee3e7b93a4801db8bd75b861" caom2:accMetaChecksum="md5:3f07ce81ae844cacb6b1ea35ec07bf8e" caom2:metaProducer="cfht2caom2/0.3">
                  <caom2:timeAxis>3</caom2:timeAxis>
                  <caom2:time>
                    <caom2:axis>
                      <caom2:axis>
                        <caom2:ctype>TIME</caom2:ctype>
                        <caom2:cunit>d</caom2:cunit>
                      </caom2:axis>
                      <caom2:error>
                        <caom2:syser>1e-07</caom2:syser>
                        <caom2:rnder>1e-07</caom2:rnder>
                      </caom2:error>
                      <caom2:function>
                        <caom2:naxis>1</caom2:naxis>
                        <caom2:delta>20.0</caom2:delta>
                        <caom2:refCoord>
                          <caom2:pix>0.5</caom2:pix>
                          <caom2:val>57700.6799884</caom2:val>
                        </caom2:refCoord>
                      </caom2:function>
                    </caom2:axis>
                    <caom2:timesys>UTC</caom2:timesys>
                    <caom2:exposure>3.0</caom2:exposure>
                    <caom2:resolution>3.0</caom2:resolution>
                  </caom2:time>
                </caom2:chunk>
              </caom2:chunks>
            </caom2:part>
            <caom2:part caom2:id="00000000-0000-0000-677f-015d38715e3c" caom2:lastModified="2017-07-12T20:15:41.093" caom2:maxLastModified="2017-07-12T20:15:41.093" caom2:metaChecksum="md5:6c4d764e7a2ae57c08fe41ec216dc691" caom2:accMetaChecksum="md5:c3845ec8951ee542bc1dd18a90dbefe3">
              <caom2:name>4</caom2:name>
              <caom2:chunks>
                <caom2:chunk caom2:id="00000000-0000-0000-677f-015d38715e3e" caom2:lastModified="2017-07-12T20:15:41.093" caom2:maxLastModified="2017-07-12T20:15:41.093" caom2:metaChecksum="md5:17e960c4dfe218352bbabc19f65cb8d9" caom2:accMetaChecksum="md5:84f8a52b0929193ec0ef93949ed278bd" caom2:metaProducer="cfht2caom2/0.3">
                  <caom2:timeAxis>3</caom2:timeAxis>
                  <caom2:time>
                    <caom2:axis>
                      <caom2:axis>
                        <caom2:ctype>TIME</caom2:ctype>
                        <caom2:cunit>d</caom2:cunit>
                      </caom2:axis>
                      <caom2:error>
                        <caom2:syser>1e-07</caom2:syser>
                        <caom2:rnder>1e-07</caom2:rnder>
                      </caom2:error>
                      <caom2:function>
                        <caom2:naxis>1</caom2:naxis>
                        <caom2:delta>20.0</caom2:delta>
                        <caom2:refCoord>
                          <caom2:pix>0.5</caom2:pix>
                          <caom2:val>57700.6799884</caom2:val>
                        </caom2:refCoord>
                      </caom2:function>
                    </caom2:axis>
                    <caom2:timesys>UTC</caom2:timesys>
                    <caom2:exposure>3.0</caom2:exposure>
                    <caom2:resolution>3.0</caom2:resolution>
                  </caom2:time>
                </caom2:chunk>
              </caom2:chunks>
            </caom2:part>
          </caom2:parts>
        </caom2:artifact>
      </caom2:artifacts>
    </caom2:plane>
  </caom2:planes>
</caom2:Observation>
