<?xml version='1.0' encoding='UTF-8'?>
<caom2:Observation xmlns:caom2="http://www.opencadc.org/caom2/xml/v2.4" xmlns:xsi="http://www.w3.org/2001/XMLSchema-instance" xsi:type="caom2:SimpleObservation" caom2:id="472fd350-07a8-47ab-9c36-6876ddbcac8d" caom2:lastModified="2019-11-28T19:02:01.068" caom2:maxLastModified="2019-11-28T19:02:01.068" caom2:metaChecksum="md5:3a555065a797fb46e2b71e273c9fde01" caom2:accMetaChecksum="md5:5e2ccb5010e2b9fa1abf861d6bbc9876" caom2:metaProducer="cfht2caom2/0.2">
  <caom2:collection>CFHT</caom2:collection>
  <caom2:observationID>hotpix_20191124HST180309_v200</caom2:observationID>
  <caom2:metaRelease>2019-11-24T00:00:00.000</caom2:metaRelease>
  <caom2:algorithm>
    <caom2:name>exposure</caom2:name>
  </caom2:algorithm>
  <caom2:type>BPM</caom2:type>
  <caom2:intent>calibration</caom2:intent>
  <caom2:proposal>
    <caom2:id>19BQ89</caom2:id>
    <caom2:pi>QSO Team</caom2:pi>
  </caom2:proposal>
  <caom2:target>
    <caom2:name>Darks</caom2:name>
    <caom2:standard>false</caom2:standard>
  </caom2:target>
  <caom2:targetPosition>
    <caom2:coordsys>FK5</caom2:coordsys>
    <caom2:equinox>2000.0</caom2:equinox>
    <caom2:coordinates>
      <caom2:cval1>155.22</caom2:cval1>
      <caom2:cval2>-3.150777777777778</caom2:cval2>
    </caom2:coordinates>
  </caom2:targetPosition>
  <caom2:telescope>
    <caom2:name>CFHT 3.6m</caom2:name>
    <caom2:geoLocationX>-5464301.771353686</caom2:geoLocationX>
    <caom2:geoLocationY>-2493489.8730419003</caom2:geoLocationY>
    <caom2:geoLocationZ>2151085.1695058867</caom2:geoLocationZ>
  </caom2:telescope>
  <caom2:instrument>
    <caom2:name>WIRCam</caom2:name>
  </caom2:instrument>
  <caom2:environment>
    <caom2:humidity>57.44</caom2:humidity>
    <caom2:elevation>89.9257</caom2:elevation>
    <caom2:ambientTemp>0.53</caom2:ambientTemp>
  </caom2:environment>
  <caom2:planes>
    <caom2:plane caom2:id="9d5c3f13-153b-413e-8e12-877b3f1ef340" caom2:lastModified="2019-11-28T19:02:01.068" caom2:maxLastModified="2019-11-28T19:02:01.068" caom2:metaChecksum="md5:9e38809c70f7f2273146e4118da41487" caom2:accMetaChecksum="md5:8ce44cab13c65169474e07e1fa5a5e31" caom2:metaProducer="cfht2caom2/0.2">
      <caom2:productID>hotpix_20191124HST180309_v200</caom2:productID>
      <caom2:metaRelease>2019-11-24T00:00:00.000</caom2:metaRelease>
      <caom2:dataRelease>2019-11-24T00:00:00.000</caom2:dataRelease>
      <caom2:dataProductType>image</caom2:dataProductType>
      <caom2:calibrationLevel>2</caom2:calibrationLevel>
      <caom2:provenance>
        <caom2:name>IIWI</caom2:name>
        <caom2:version>2.1.200</caom2:version>
        <caom2:project>STANDARD PIPELINE</caom2:project>
        <caom2:producer>CFHT</caom2:producer>
        <caom2:runID>19Bw02</caom2:runID>
        <caom2:reference>http://www.cfht.hawaii.edu/Instruments/Imaging/WIRCam</caom2:reference>
        <caom2:lastExecuted>2019-11-28T00:15:30.000</caom2:lastExecuted>
      </caom2:provenance>
      <caom2:artifacts>
        <caom2:artifact caom2:id="1bc43bc9-30a2-4a72-b99d-2fa4349b2439" caom2:lastModified="2019-11-28T19:02:01.068" caom2:maxLastModified="2019-11-28T19:02:01.068" caom2:metaChecksum="md5:daf4e3a96f0b35e9089d7dac45acd8dd" caom2:accMetaChecksum="md5:5f0c7cc4880820d9743fed1b3d3f0c3c" caom2:metaProducer="cfht2caom2/0.2">
          <caom2:uri>ad:CFHT/hotpix_20191124HST180309_v200.fits.fz</caom2:uri>
          <caom2:productType>calibration</caom2:productType>
          <caom2:releaseType>data</caom2:releaseType>
          <caom2:contentType>application/fits</caom2:contentType>
          <caom2:contentChecksum>md5:fc1974ad55050798490ff2caaf1eb2b1</caom2:contentChecksum>
          <caom2:parts>
            <caom2:part caom2:id="ab7b2608-ab2c-4dca-ad8d-d3372e27f59c" caom2:lastModified="2019-11-28T19:02:01.068" caom2:maxLastModified="2019-11-28T19:02:01.068" caom2:metaChecksum="md5:0459e37ea0b79a94850c4b48702dc392" caom2:accMetaChecksum="md5:5b4a46032eda54795f8f4b70bdf07b1d">
              <caom2:name>0</caom2:name>
              <caom2:chunks/>
            </caom2:part>
            <caom2:part caom2:id="9aa8c617-3946-48c7-9975-0b710832f069" caom2:lastModified="2019-11-28T19:02:01.068" caom2:maxLastModified="2019-11-28T19:02:01.068" caom2:metaChecksum="md5:b9f3f52841c05539410057ef017a5420" caom2:accMetaChecksum="md5:bdc3eda993b5648ea059fbb8653679d4">
              <caom2:name>1</caom2:name>
              <caom2:chunks>
                <caom2:chunk caom2:id="5a89a0b5-ac9a-4f08-a28f-d9799d3359ee" caom2:lastModified="2019-11-28T19:02:01.068" caom2:maxLastModified="2019-11-28T19:02:01.068" caom2:metaChecksum="md5:f11774108d6279735652af9e7e243d0e" caom2:accMetaChecksum="md5:4f7daa18e4bbc63a199a322359a6b18c" caom2:metaProducer="cfht2caom2/0.2">
                  <caom2:timeAxis>3</caom2:timeAxis>
                  <caom2:time>
                    <caom2:axis>
                      <caom2:axis>
                        <caom2:ctype>TIME</caom2:ctype>
                        <caom2:cunit>d</caom2:cunit>
                      </caom2:axis>
                      <caom2:error>
                        <caom2:syser>1e-07</caom2:syser>
                        <caom2:rnder>1e-07</caom2:rnder>
                      </caom2:error>
                      <caom2:function>
                        <caom2:naxis>1</caom2:naxis>
                        <caom2:delta>20.0</caom2:delta>
                        <caom2:refCoord>
                          <caom2:pix>0.5</caom2:pix>
                          <caom2:val>58811.67460648148</caom2:val>
                        </caom2:refCoord>
                      </caom2:function>
                    </caom2:axis>
                    <caom2:timesys>UTC</caom2:timesys>
                    <caom2:exposure>20.0</caom2:exposure>
                    <caom2:resolution>20.0</caom2:resolution>
                  </caom2:time>
                </caom2:chunk>
              </caom2:chunks>
            </caom2:part>
            <caom2:part caom2:id="8463a8d5-7500-46b7-aad7-d04cceb8f8a2" caom2:lastModified="2019-11-28T19:02:01.068" caom2:maxLastModified="2019-11-28T19:02:01.068" caom2:metaChecksum="md5:d7e7f3d0ece1a586c4d22d3bc83596ad" caom2:accMetaChecksum="md5:ec745fb348187290833cf11c5c968832">
              <caom2:name>2</caom2:name>
              <caom2:chunks>
                <caom2:chunk caom2:id="2cf88443-ffe1-480e-a196-9e8ec769956e" caom2:lastModified="2019-11-28T19:02:01.068" caom2:maxLastModified="2019-11-28T19:02:01.068" caom2:metaChecksum="md5:640c7b87013e24babe3bd77200e8874b" caom2:accMetaChecksum="md5:80396555abf02c58fab30868cb2e7cca" caom2:metaProducer="cfht2caom2/0.2">
                  <caom2:timeAxis>3</caom2:timeAxis>
                  <caom2:time>
                    <caom2:axis>
                      <caom2:axis>
                        <caom2:ctype>TIME</caom2:ctype>
                        <caom2:cunit>d</caom2:cunit>
                      </caom2:axis>
                      <caom2:error>
                        <caom2:syser>1e-07</caom2:syser>
                        <caom2:rnder>1e-07</caom2:rnder>
                      </caom2:error>
                      <caom2:function>
                        <caom2:naxis>1</caom2:naxis>
                        <caom2:delta>20.0</caom2:delta>
                        <caom2:refCoord>
                          <caom2:pix>0.5</caom2:pix>
                          <caom2:val>58811.67460648148</caom2:val>
                        </caom2:refCoord>
                      </caom2:function>
                    </caom2:axis>
                    <caom2:timesys>UTC</caom2:timesys>
                    <caom2:exposure>20.0</caom2:exposure>
                    <caom2:resolution>20.0</caom2:resolution>
                  </caom2:time>
                </caom2:chunk>
              </caom2:chunks>
            </caom2:part>
            <caom2:part caom2:id="a8e76eee-14ca-4b22-be13-8943b5eacf1b" caom2:lastModified="2019-11-28T19:02:01.068" caom2:maxLastModified="2019-11-28T19:02:01.068" caom2:metaChecksum="md5:217e26e835debd4d1e98de8a2f238f2d" caom2:accMetaChecksum="md5:d9930b5fcd3cec9d8345f7c277a1478c">
              <caom2:name>3</caom2:name>
              <caom2:chunks>
                <caom2:chunk caom2:id="253b0c58-0b36-42e0-828c-6e8454b651df" caom2:lastModified="2019-11-28T19:02:01.068" caom2:maxLastModified="2019-11-28T19:02:01.068" caom2:metaChecksum="md5:a7e9f2765829994a8b5c9b289793daeb" caom2:accMetaChecksum="md5:e8716d4703113a712e7029a70532e3fb" caom2:metaProducer="cfht2caom2/0.2">
                  <caom2:timeAxis>3</caom2:timeAxis>
                  <caom2:time>
                    <caom2:axis>
                      <caom2:axis>
                        <caom2:ctype>TIME</caom2:ctype>
                        <caom2:cunit>d</caom2:cunit>
                      </caom2:axis>
                      <caom2:error>
                        <caom2:syser>1e-07</caom2:syser>
                        <caom2:rnder>1e-07</caom2:rnder>
                      </caom2:error>
                      <caom2:function>
                        <caom2:naxis>1</caom2:naxis>
                        <caom2:delta>20.0</caom2:delta>
                        <caom2:refCoord>
                          <caom2:pix>0.5</caom2:pix>
                          <caom2:val>58811.67460648148</caom2:val>
                        </caom2:refCoord>
                      </caom2:function>
                    </caom2:axis>
                    <caom2:timesys>UTC</caom2:timesys>
                    <caom2:exposure>20.0</caom2:exposure>
                    <caom2:resolution>20.0</caom2:resolution>
                  </caom2:time>
                </caom2:chunk>
              </caom2:chunks>
            </caom2:part>
            <caom2:part caom2:id="a15c4ece-b64d-438e-9ad8-babd79896fae" caom2:lastModified="2019-11-28T19:02:01.068" caom2:maxLastModified="2019-11-28T19:02:01.068" caom2:metaChecksum="md5:80c034b021ef5bf41087e9057a3db4e7" caom2:accMetaChecksum="md5:757051c0e384246b28d6f097302c2c50">
              <caom2:name>4</caom2:name>
              <caom2:chunks>
                <caom2:chunk caom2:id="23c033fe-e838-415a-bc1e-acf215ed4150" caom2:lastModified="2019-11-28T19:02:01.068" caom2:maxLastModified="2019-11-28T19:02:01.068" caom2:metaChecksum="md5:3a8c2a6442ae17111bedc55a43b9374e" caom2:accMetaChecksum="md5:58117cda05bcb2f78c2590608b46075d" caom2:metaProducer="cfht2caom2/0.2">
                  <caom2:timeAxis>3</caom2:timeAxis>
                  <caom2:time>
                    <caom2:axis>
                      <caom2:axis>
                        <caom2:ctype>TIME</caom2:ctype>
                        <caom2:cunit>d</caom2:cunit>
                      </caom2:axis>
                      <caom2:error>
                        <caom2:syser>1e-07</caom2:syser>
                        <caom2:rnder>1e-07</caom2:rnder>
                      </caom2:error>
                      <caom2:function>
                        <caom2:naxis>1</caom2:naxis>
                        <caom2:delta>20.0</caom2:delta>
                        <caom2:refCoord>
                          <caom2:pix>0.5</caom2:pix>
                          <caom2:val>58811.67460648148</caom2:val>
                        </caom2:refCoord>
                      </caom2:function>
                    </caom2:axis>
                    <caom2:timesys>UTC</caom2:timesys>
                    <caom2:exposure>20.0</caom2:exposure>
                    <caom2:resolution>20.0</caom2:resolution>
                  </caom2:time>
                </caom2:chunk>
              </caom2:chunks>
            </caom2:part>
          </caom2:parts>
        </caom2:artifact>
      </caom2:artifacts>
    </caom2:plane>
  </caom2:planes>
</caom2:Observation>
