<?xml version='1.0' encoding='UTF-8'?>
<caom2:Observation xmlns:caom2="http://www.opencadc.org/caom2/xml/v2.4" xmlns:xsi="http://www.w3.org/2001/XMLSchema-instance" xsi:type="caom2:SimpleObservation" caom2:id="bdd87869-c64f-44f0-80e1-1f9f56989338" caom2:lastModified="2019-11-27T18:54:36.945" caom2:maxLastModified="2019-11-27T18:54:36.945" caom2:metaChecksum="md5:8f9f5f352090cea5e85d1526789b6106" caom2:accMetaChecksum="md5:e404d91fe3897f7e96f2f09a6fb29d40" caom2:metaProducer="cfht2caom2/0.3">
  <caom2:collection>CFHT</caom2:collection>
  <caom2:observationID>weight__20191126HST174153_CO_v200</caom2:observationID>
  <caom2:metaRelease>2019-11-27T00:00:00.000</caom2:metaRelease>
  <caom2:algorithm>
    <caom2:name>exposure</caom2:name>
  </caom2:algorithm>
  <caom2:type>WEIGHT</caom2:type>
  <caom2:intent>calibration</caom2:intent>
  <caom2:proposal>
    <caom2:id>19BQ89</caom2:id>
    <caom2:pi>QSO Team</caom2:pi>
  </caom2:proposal>
  <caom2:target>
    <caom2:name>TwilightFlats</caom2:name>
    <caom2:standard>false</caom2:standard>
  </caom2:target>
  <caom2:telescope>
    <caom2:name>CFHT 3.6m</caom2:name>
    <caom2:geoLocationX>-5464301.771353686</caom2:geoLocationX>
    <caom2:geoLocationY>-2493489.8730419003</caom2:geoLocationY>
    <caom2:geoLocationZ>2151085.1695058867</caom2:geoLocationZ>
  </caom2:telescope>
  <caom2:instrument>
    <caom2:name>WIRCam</caom2:name>
  </caom2:instrument>
  <caom2:environment>
    <caom2:humidity>13.01</caom2:humidity>
    <caom2:elevation>89.8274</caom2:elevation>
    <caom2:ambientTemp>4.07</caom2:ambientTemp>
  </caom2:environment>
  <caom2:planes>
    <caom2:plane caom2:id="07581d48-1fe3-48a8-ba61-5be6b678737b" caom2:lastModified="2019-11-27T18:54:36.945" caom2:maxLastModified="2019-11-27T18:54:36.945" caom2:metaChecksum="md5:c62eeab73116425e02ac379acae21e4c" caom2:accMetaChecksum="md5:d25ddb0d4783231e3584a553079ae162" caom2:metaProducer="cfht2caom2/0.3">
      <caom2:productID>weight__20191126HST174153_CO_v200</caom2:productID>
      <caom2:metaRelease>2019-11-27T00:00:00.000</caom2:metaRelease>
      <caom2:dataRelease>2019-11-27T00:00:00.000</caom2:dataRelease>
      <caom2:dataProductType>image</caom2:dataProductType>
      <caom2:calibrationLevel>2</caom2:calibrationLevel>
      <caom2:provenance>
        <caom2:name>IIWI</caom2:name>
        <caom2:project>STANDARD PIPELINE</caom2:project>
        <caom2:producer>CFHT</caom2:producer>
        <caom2:runID>19Bw02</caom2:runID>
        <caom2:reference>http://www.cfht.hawaii.edu/Instruments/Imaging/WIRCam</caom2:reference>
      </caom2:provenance>
      <caom2:artifacts>
        <caom2:artifact caom2:id="7507cf82-c159-4aae-b36b-1d8f6c471e90" caom2:lastModified="2019-11-27T18:54:36.945" caom2:maxLastModified="2019-11-27T18:54:36.945" caom2:metaChecksum="md5:ad50772673247cecca39a1b9087fb3ef" caom2:accMetaChecksum="md5:e481f7bda53db980b94b06fbf23a660c" caom2:metaProducer="cfht2caom2/0.3">
          <caom2:uri>ad:CFHT/weight__20191126HST174153_CO_v200.fits.fz</caom2:uri>
          <caom2:productType>calibration</caom2:productType>
          <caom2:releaseType>data</caom2:releaseType>
          <caom2:contentType>application/fits</caom2:contentType>
          <caom2:contentChecksum>md5:e1e1d8f2b0fd4790ea0c2f8edf043639</caom2:contentChecksum>
          <caom2:parts>
            <caom2:part caom2:id="158c0494-4127-4bed-980b-b0a29ddca212" caom2:lastModified="2019-11-27T18:54:36.945" caom2:maxLastModified="2019-11-27T18:54:36.945" caom2:metaChecksum="md5:69a7a0965b2b72c8f41f09bc4c438052" caom2:accMetaChecksum="md5:6f1b2ae54018e01143a129d919574d73">
              <caom2:name>0</caom2:name>
              <caom2:chunks/>
            </caom2:part>
            <caom2:part caom2:id="23a7b714-0937-44f0-b089-1b85b0622ebb" caom2:lastModified="2019-11-27T18:54:36.945" caom2:maxLastModified="2019-11-27T18:54:36.945" caom2:metaChecksum="md5:b751328c4f8000a5a57136438c4a6b1d" caom2:accMetaChecksum="md5:5599b70f6af813f566330ad9701fcfdf">
              <caom2:name>1</caom2:name>
              <caom2:chunks>
                <caom2:chunk caom2:id="13ea65b1-5145-4a04-b4fc-857e098bb15b" caom2:lastModified="2019-11-27T18:54:36.945" caom2:maxLastModified="2019-11-27T18:54:36.945" caom2:metaChecksum="md5:1e40867056cfe6ca748b8cf412022035" caom2:accMetaChecksum="md5:c96a1826d18d8254d80feb2fe203752b" caom2:metaProducer="cfht2caom2/0.3">
                  <caom2:timeAxis>3</caom2:timeAxis>
                  <caom2:energy>
                    <caom2:axis>
                      <caom2:axis>
                        <caom2:ctype>WAVE</caom2:ctype>
                        <caom2:cunit>Angstrom</caom2:cunit>
                      </caom2:axis>
                      <caom2:error>
                        <caom2:syser>1.0</caom2:syser>
                        <caom2:rnder>1.0</caom2:rnder>
                      </caom2:error>
                      <caom2:range>
                        <caom2:start>
                          <caom2:pix>0.5</caom2:pix>
                          <caom2:val>23001.7466503134</caom2:val>
                        </caom2:start>
                        <caom2:end>
                          <caom2:pix>1.5</caom2:pix>
                          <caom2:val>23400.4206729446</caom2:val>
                        </caom2:end>
                      </caom2:range>
                    </caom2:axis>
                    <caom2:specsys>TOPOCENT</caom2:specsys>
                    <caom2:ssysobs>TOPOCENT</caom2:ssysobs>
                    <caom2:ssyssrc>TOPOCENT</caom2:ssyssrc>
                    <caom2:bandpassName>CO</caom2:bandpassName>
                    <caom2:resolvingPower>58.19562435622134</caom2:resolvingPower>
                  </caom2:energy>
                  <caom2:time>
                    <caom2:axis>
                      <caom2:axis>
                        <caom2:ctype>TIME</caom2:ctype>
                        <caom2:cunit>d</caom2:cunit>
                      </caom2:axis>
                      <caom2:error>
                        <caom2:syser>1e-07</caom2:syser>
                        <caom2:rnder>1e-07</caom2:rnder>
                      </caom2:error>
                      <caom2:function>
                        <caom2:naxis>1</caom2:naxis>
                        <caom2:delta>20.0</caom2:delta>
                        <caom2:refCoord>
                          <caom2:pix>0.5</caom2:pix>
                          <caom2:val>58814.15408564815</caom2:val>
                        </caom2:refCoord>
                      </caom2:function>
                    </caom2:axis>
                    <caom2:timesys>UTC</caom2:timesys>
                    <caom2:exposure>6.0</caom2:exposure>
                    <caom2:resolution>6.0</caom2:resolution>
                  </caom2:time>
                </caom2:chunk>
              </caom2:chunks>
            </caom2:part>
            <caom2:part caom2:id="7fcd8859-398a-46b5-92c1-1201d4397b3d" caom2:lastModified="2019-11-27T18:54:36.945" caom2:maxLastModified="2019-11-27T18:54:36.945" caom2:metaChecksum="md5:d23bc813997b371ff26afbc47a0ac62f" caom2:accMetaChecksum="md5:ecc2cdcc17c92fe80413e02710b630e6">
              <caom2:name>2</caom2:name>
              <caom2:chunks>
                <caom2:chunk caom2:id="bef90330-7e0b-4738-ba6a-73a2425e9e5a" caom2:lastModified="2019-11-27T18:54:36.945" caom2:maxLastModified="2019-11-27T18:54:36.945" caom2:metaChecksum="md5:c36571655fadc5492c1c3276e299a14e" caom2:accMetaChecksum="md5:1286ce635f856c0cac34aaa418a54727" caom2:metaProducer="cfht2caom2/0.3">
                  <caom2:timeAxis>3</caom2:timeAxis>
                  <caom2:energy>
                    <caom2:axis>
                      <caom2:axis>
                        <caom2:ctype>WAVE</caom2:ctype>
                        <caom2:cunit>Angstrom</caom2:cunit>
                      </caom2:axis>
                      <caom2:error>
                        <caom2:syser>1.0</caom2:syser>
                        <caom2:rnder>1.0</caom2:rnder>
                      </caom2:error>
                      <caom2:range>
                        <caom2:start>
                          <caom2:pix>0.5</caom2:pix>
                          <caom2:val>23001.7466503134</caom2:val>
                        </caom2:start>
                        <caom2:end>
                          <caom2:pix>1.5</caom2:pix>
                          <caom2:val>23400.4206729446</caom2:val>
                        </caom2:end>
                      </caom2:range>
                    </caom2:axis>
                    <caom2:specsys>TOPOCENT</caom2:specsys>
                    <caom2:ssysobs>TOPOCENT</caom2:ssysobs>
                    <caom2:ssyssrc>TOPOCENT</caom2:ssyssrc>
                    <caom2:bandpassName>CO</caom2:bandpassName>
                    <caom2:resolvingPower>58.19562435622134</caom2:resolvingPower>
                  </caom2:energy>
                  <caom2:time>
                    <caom2:axis>
                      <caom2:axis>
                        <caom2:ctype>TIME</caom2:ctype>
                        <caom2:cunit>d</caom2:cunit>
                      </caom2:axis>
                      <caom2:error>
                        <caom2:syser>1e-07</caom2:syser>
                        <caom2:rnder>1e-07</caom2:rnder>
                      </caom2:error>
                      <caom2:function>
                        <caom2:naxis>1</caom2:naxis>
                        <caom2:delta>20.0</caom2:delta>
                        <caom2:refCoord>
                          <caom2:pix>0.5</caom2:pix>
                          <caom2:val>58814.15408564815</caom2:val>
                        </caom2:refCoord>
                      </caom2:function>
                    </caom2:axis>
                    <caom2:timesys>UTC</caom2:timesys>
                    <caom2:exposure>6.0</caom2:exposure>
                    <caom2:resolution>6.0</caom2:resolution>
                  </caom2:time>
                </caom2:chunk>
              </caom2:chunks>
            </caom2:part>
            <caom2:part caom2:id="d5e25a2b-cbbd-4bac-a78a-af8e91f25986" caom2:lastModified="2019-11-27T18:54:36.945" caom2:maxLastModified="2019-11-27T18:54:36.945" caom2:metaChecksum="md5:06a4419aa2c7f0f0733c4bb3bf3e4693" caom2:accMetaChecksum="md5:d4fb8878ace384f3f1d56f814634f2bf">
              <caom2:name>3</caom2:name>
              <caom2:chunks>
                <caom2:chunk caom2:id="1747f8aa-95de-48fb-9693-54af98ff031f" caom2:lastModified="2019-11-27T18:54:36.945" caom2:maxLastModified="2019-11-27T18:54:36.945" caom2:metaChecksum="md5:29352361a5cd6131f1e26b85eae7c18a" caom2:accMetaChecksum="md5:3e3e52927d8e64ba489a6a692716c1cc" caom2:metaProducer="cfht2caom2/0.3">
                  <caom2:timeAxis>3</caom2:timeAxis>
                  <caom2:energy>
                    <caom2:axis>
                      <caom2:axis>
                        <caom2:ctype>WAVE</caom2:ctype>
                        <caom2:cunit>Angstrom</caom2:cunit>
                      </caom2:axis>
                      <caom2:error>
                        <caom2:syser>1.0</caom2:syser>
                        <caom2:rnder>1.0</caom2:rnder>
                      </caom2:error>
                      <caom2:range>
                        <caom2:start>
                          <caom2:pix>0.5</caom2:pix>
                          <caom2:val>23001.7466503134</caom2:val>
                        </caom2:start>
                        <caom2:end>
                          <caom2:pix>1.5</caom2:pix>
                          <caom2:val>23400.4206729446</caom2:val>
                        </caom2:end>
                      </caom2:range>
                    </caom2:axis>
                    <caom2:specsys>TOPOCENT</caom2:specsys>
                    <caom2:ssysobs>TOPOCENT</caom2:ssysobs>
                    <caom2:ssyssrc>TOPOCENT</caom2:ssyssrc>
                    <caom2:bandpassName>CO</caom2:bandpassName>
                    <caom2:resolvingPower>58.19562435622134</caom2:resolvingPower>
                  </caom2:energy>
                  <caom2:time>
                    <caom2:axis>
                      <caom2:axis>
                        <caom2:ctype>TIME</caom2:ctype>
                        <caom2:cunit>d</caom2:cunit>
                      </caom2:axis>
                      <caom2:error>
                        <caom2:syser>1e-07</caom2:syser>
                        <caom2:rnder>1e-07</caom2:rnder>
                      </caom2:error>
                      <caom2:function>
                        <caom2:naxis>1</caom2:naxis>
                        <caom2:delta>20.0</caom2:delta>
                        <caom2:refCoord>
                          <caom2:pix>0.5</caom2:pix>
                          <caom2:val>58814.15408564815</caom2:val>
                        </caom2:refCoord>
                      </caom2:function>
                    </caom2:axis>
                    <caom2:timesys>UTC</caom2:timesys>
                    <caom2:exposure>6.0</caom2:exposure>
                    <caom2:resolution>6.0</caom2:resolution>
                  </caom2:time>
                </caom2:chunk>
              </caom2:chunks>
            </caom2:part>
            <caom2:part caom2:id="b63e5a2a-40f4-45e6-8cdd-3516b42c86c7" caom2:lastModified="2019-11-27T18:54:36.945" caom2:maxLastModified="2019-11-27T18:54:36.945" caom2:metaChecksum="md5:182cb72bac702fad33b13f5200295831" caom2:accMetaChecksum="md5:1a7979f8e1c718f36139dca314888bb5">
              <caom2:name>4</caom2:name>
              <caom2:chunks>
                <caom2:chunk caom2:id="88206ad6-15c2-4bab-b5ee-e2ea7904d915" caom2:lastModified="2019-11-27T18:54:36.945" caom2:maxLastModified="2019-11-27T18:54:36.945" caom2:metaChecksum="md5:4fa285bc113dc7019a3b4b47166b1fb6" caom2:accMetaChecksum="md5:fbc0fa597e1e331a12aea7a9945e62c8" caom2:metaProducer="cfht2caom2/0.3">
                  <caom2:timeAxis>3</caom2:timeAxis>
                  <caom2:energy>
                    <caom2:axis>
                      <caom2:axis>
                        <caom2:ctype>WAVE</caom2:ctype>
                        <caom2:cunit>Angstrom</caom2:cunit>
                      </caom2:axis>
                      <caom2:error>
                        <caom2:syser>1.0</caom2:syser>
                        <caom2:rnder>1.0</caom2:rnder>
                      </caom2:error>
                      <caom2:range>
                        <caom2:start>
                          <caom2:pix>0.5</caom2:pix>
                          <caom2:val>23001.7466503134</caom2:val>
                        </caom2:start>
                        <caom2:end>
                          <caom2:pix>1.5</caom2:pix>
                          <caom2:val>23400.4206729446</caom2:val>
                        </caom2:end>
                      </caom2:range>
                    </caom2:axis>
                    <caom2:specsys>TOPOCENT</caom2:specsys>
                    <caom2:ssysobs>TOPOCENT</caom2:ssysobs>
                    <caom2:ssyssrc>TOPOCENT</caom2:ssyssrc>
                    <caom2:bandpassName>CO</caom2:bandpassName>
                    <caom2:resolvingPower>58.19562435622134</caom2:resolvingPower>
                  </caom2:energy>
                  <caom2:time>
                    <caom2:axis>
                      <caom2:axis>
                        <caom2:ctype>TIME</caom2:ctype>
                        <caom2:cunit>d</caom2:cunit>
                      </caom2:axis>
                      <caom2:error>
                        <caom2:syser>1e-07</caom2:syser>
                        <caom2:rnder>1e-07</caom2:rnder>
                      </caom2:error>
                      <caom2:function>
                        <caom2:naxis>1</caom2:naxis>
                        <caom2:delta>20.0</caom2:delta>
                        <caom2:refCoord>
                          <caom2:pix>0.5</caom2:pix>
                          <caom2:val>58814.15408564815</caom2:val>
                        </caom2:refCoord>
                      </caom2:function>
                    </caom2:axis>
                    <caom2:timesys>UTC</caom2:timesys>
                    <caom2:exposure>6.0</caom2:exposure>
                    <caom2:resolution>6.0</caom2:resolution>
                  </caom2:time>
                </caom2:chunk>
              </caom2:chunks>
            </caom2:part>
          </caom2:parts>
        </caom2:artifact>
      </caom2:artifacts>
    </caom2:plane>
  </caom2:planes>
</caom2:Observation>
